 ext_client

 Timestamp is 6a2dab5d (Sat Jun 13 22:11:25 2026)

 Preferred load address is 10000000

 Start         Length     Name                   Class
 0001:00000000 00000320H .text$di                CODE
 0001:00000320 000b32f0H .text$mn                CODE
 0001:000b3610 00002080H .text$x                 CODE
 0001:000b5690 00000249H .text$yd                CODE
 0002:00000000 00000324H .idata$5                DATA
 0002:00000324 00000008H .00cfg                  DATA
 0002:0000032c 00000004H .CRT$XCA                DATA
 0002:00000330 0000000cH .CRT$XCC                DATA
 0002:0000033c 00000008H .CRT$XCL                DATA
 0002:00000344 00000054H .CRT$XCU                DATA
 0002:00000398 00000004H .CRT$XCZ                DATA
 0002:0000039c 00000004H .CRT$XDA                DATA
 0002:000003a0 00000004H .CRT$XDZ                DATA
 0002:000003a4 00000004H .CRT$XIA                DATA
 0002:000003a8 00000018H .CRT$XIC                DATA
 0002:000003c0 00000004H .CRT$XIZ                DATA
 0002:000003c4 00000004H .CRT$XLA                DATA
 0002:000003c8 00000004H .CRT$XLC                DATA
 0002:000003cc 00000004H .CRT$XLZ                DATA
 0002:000003d0 00000004H .CRT$XPA                DATA
 0002:000003d4 00000008H .CRT$XPX                DATA
 0002:000003dc 00000004H .CRT$XPXA               DATA
 0002:000003e0 00000004H .CRT$XPZ                DATA
 0002:000003e4 00000004H .CRT$XTA                DATA
 0002:000003e8 00000018H .CRT$XTZ                DATA
 0002:000003ec 00000000H .gfids$y                DATA
 0002:00000400 0001c680H .rdata                  DATA
 0002:0001ca80 00000000H .rdata$CastGuardVftablesA DATA
 0002:0001ca80 00000000H .rdata$CastGuardVftablesC DATA
 0002:0001ca80 00000018H .rdata$T                DATA
 0002:0001ca98 0000152cH .rdata$r                DATA
 0002:0001dfc4 000001b0H .rdata$voltmd           DATA
 0002:0001e174 00000430H .rdata$zzzdbg           DATA
 0002:0001e5a4 00000004H .rtc$IAA                DATA
 0002:0001e5a8 00000004H .rtc$IZZ                DATA
 0002:0001e5ac 00000004H .rtc$TAA                DATA
 0002:0001e5b0 00000004H .rtc$TZZ                DATA
 0002:0001e5b4 00000004H .tls                    DATA
 0002:0001e5b8 00000018H .tls$                   DATA
 0002:0001e5d0 00000008H .tls$ZZZ                DATA
 0002:0001e5d8 000029f4H .xdata$x                DATA
 0002:00020fcc 00000000H .edata                  DATA
 0002:00020fcc 00000064H .idata$2                DATA
 0002:00021030 00000014H .idata$3                DATA
 0002:00021044 00000324H .idata$4                DATA
 0002:00021368 00000e48H .idata$6                DATA
 0003:00000000 00001120H .data                   DATA
 0003:00001120 00000818H .data$r                 DATA
 0003:00001938 00001058H .data$rs                DATA
 0003:00002990 00004298H .bss                    DATA
 0004:00000000 00000080H .fptable                DATA
 0005:00000000 00000060H .rsrc$01                DATA
 0005:00000060 00000180H .rsrc$02                DATA

  Address         Publics by Value              Rva+Base       Lib:Object

 0000:00000000       ___AbsoluteZero            00000000     <absolute>
 0000:00000000       ___arm64x_extra_rfe_table  00000000     <absolute>
 0000:00000000       ___arm64x_extra_rfe_table_size 00000000     <absolute>
 0000:00000000       ___arm64x_native_entrypoint 00000000     <absolute>
 0000:00000000       ___arm64x_redirection_metadata 00000000     <absolute>
 0000:00000000       ___arm64x_redirection_metadata_count 00000000     <absolute>
 0000:00000000       ___dynamic_value_reloc_table 00000000     <absolute>
 0000:00000000       ___enclave_config          00000000     <absolute>
 0000:00000000       ___guard_check_icall_a64n_fptr 00000000     <absolute>
 0000:00000000       ___guard_eh_cont_count     00000000     <absolute>
 0000:00000000       ___guard_eh_cont_table     00000000     <absolute>
 0000:00000000       ___guard_fids_count        00000000     <absolute>
 0000:00000000       ___guard_fids_table        00000000     <absolute>
 0000:00000000       ___guard_iat_count         00000000     <absolute>
 0000:00000000       ___guard_iat_table         00000000     <absolute>
 0000:00000000       ___guard_longjmp_count     00000000     <absolute>
 0000:00000000       ___guard_longjmp_table     00000000     <absolute>
 0000:00000000       ___hybrid_auxiliary_delayload_iat 00000000     <absolute>
 0000:00000000       ___hybrid_auxiliary_delayload_iat_copy 00000000     <absolute>
 0000:00000000       ___hybrid_auxiliary_iat    00000000     <absolute>
 0000:00000000       ___hybrid_auxiliary_iat_copy 00000000     <absolute>
 0000:00000000       ___hybrid_code_map         00000000     <absolute>
 0000:00000000       ___hybrid_code_map_count   00000000     <absolute>
 0000:00000000       ___hybrid_image_info_bitfield 00000000     <absolute>
 0000:00000000       ___safe_se_handler_count   00000000     <absolute>
 0000:00000000       ___safe_se_handler_table   00000000     <absolute>
 0000:00000000       ___x64_code_ranges_to_entry_points 00000000     <absolute>
 0000:00000000       ___x64_code_ranges_to_entry_points_count 00000000     <absolute>
 0000:00000000       __except_list              00000000     <absolute>
 0000:0000002c       __tls_array                0000002c     <absolute>
 0000:00000100       ___guard_flags             00000100     <absolute>
 0000:00000000       ___ImageBase               10000000     <linker-defined>
 0001:00000340       _DllMain@12                10001340 f   dllmain.cpp.obj
 0001:00000390       ??$sleep_for@_JU?$ratio@$00$0DOI@@std@@@this_thread@std@@YAXABV?$duration@_JU?$ratio@$00$0DOI@@std@@@chrono@1@@Z 10001390 f i ext_client.cpp.obj
 0001:00000560       ?apply@?$make_hook@$00XH@utils@ext_client@@QAE_NIP6GXH@Z@Z 10001560 f i ext_client.cpp.obj
 0001:00000560       ?apply@?$make_hook@$00XI@utils@ext_client@@QAE_NIP6GXI@Z@Z 10001560 f i ext_client.cpp.obj
 0001:00000560       ?apply@?$make_hook@$0A@XPAX@utils@ext_client@@QAE_NIP6IXPAX@Z@Z 10001560 f i ext_client.cpp.obj
 0001:00000590       ?cleanup@core@ext_client@@QAEXXZ 10001590 f   ext_client.cpp.obj
 0001:00000640       ?get@core@ext_client@@SAAAV12@XZ 10001640 f   ext_client.cpp.obj
 0001:00000650       ?get_module@core@ext_client@@QBEPAUHINSTANCE__@@XZ 10001650 f   ext_client.cpp.obj
 0001:00000660       ?load@?$_Atomic_storage@_N$00@std@@QBE_NW4memory_order@2@@Z 10001660 f i ext_client.cpp.obj
 0001:00000670       ?now@steady_clock@chrono@std@@SA?AV?$time_point@Usteady_clock@chrono@std@@V?$duration@_JU?$ratio@$00$0DLJKMKAA@@std@@@23@@23@XZ 10001670 f i ext_client.cpp.obj
 0001:000007e0       ?run@core@ext_client@@QAEXPAUHINSTANCE__@@@Z 100017e0 f   ext_client.cpp.obj
 0001:000009c0       ?set_main_thread_id@core@ext_client@@QAEXK@Z 100019c0 f   ext_client.cpp.obj
 0001:000009d0       ?store@?$_Atomic_storage@_N$00@std@@QAEX_NW4memory_order@2@@Z 100019d0 f i ext_client.cpp.obj
 0001:000009f0       ?tick@core@ext_client@@QAEXXZ 100019f0 f   ext_client.cpp.obj
 0001:00000a00       ?apply_detour@utils@ext_client@@YA_NPAD0PAPAD@Z 10001a00 f   hooks.cpp.obj
 0001:00000a70       ?hook_lib_init@utils@ext_client@@YA_NXZ 10001a70 f   hooks.cpp.obj
 0001:00000aa0       ?hook_lib_shutdown@utils@ext_client@@YA_NXZ 10001aa0 f   hooks.cpp.obj
 0001:00000ad0       ?remove_detour@utils@ext_client@@YA_NPAD@Z 10001ad0 f   hooks.cpp.obj
 0001:00000b00       ?arm@shutdown_guard@utils@ext_client@@YAXPBD@Z 10001b00 f   shutdown_guard.cpp.obj
 0001:00000b40       ?poll@shutdown_guard@utils@ext_client@@YAXXZ 10001b40 f   shutdown_guard.cpp.obj
 0001:00000b90       ??$_Destroy_range@V?$allocator@V?$function@$$A6AXXZ@std@@@std@@@std@@YAXPAV?$function@$$A6AXXZ@0@QAV10@AAV?$allocator@V?$function@$$A6AXXZ@std@@@0@@Z 10001b90 f i d3d_hook.cpp.obj
 0001:00000bd0       ??$_Emplace_reallocate@V?$function@$$A6AXXZ@std@@@?$vector@V?$function@$$A6AXXZ@std@@V?$allocator@V?$function@$$A6AXXZ@std@@@2@@std@@AAEPAV?$function@$$A6AXXZ@1@QAV21@$$QAV21@@Z 10001bd0 f i d3d_hook.cpp.obj
 0001:00000dd0       ??$_Uninitialized_move@PAV?$function@$$A6AXXZ@std@@V?$allocator@V?$function@$$A6AXXZ@std@@@2@@std@@YAPAV?$function@$$A6AXXZ@0@QAV10@0PAV10@AAV?$allocator@V?$function@$$A6AXXZ@std@@@0@@Z 10001dd0 f i d3d_hook.cpp.obj
 0001:00000e60       ??0bad_alloc@std@@QAE@ABV01@@Z 10001e60 f i d3d_hook.cpp.obj
 0001:00000e90       ??0bad_array_new_length@std@@QAE@ABV01@@Z 10001e90 f i d3d_hook.cpp.obj
 0001:00000ec0       ??0bad_array_new_length@std@@QAE@XZ 10001ec0 f i d3d_hook.cpp.obj
 0001:00000ee0       ??0exception@std@@QAE@ABV01@@Z 10001ee0 f i d3d_hook.cpp.obj
 0001:00000f10       ??1?$function@$$A6A?AW4handler_result@net_manager@ext_client@@AAUpacket_view@23@@Z@std@@QAE@XZ 10001f10 f i net_manager.cpp.obj
 0001:00000f10       ??1?$function@$$A6AXXZ@std@@QAE@XZ 10001f10 f i d3d_hook.cpp.obj
 0001:00000f40       ??1?$vector@V?$function@$$A6AXXZ@std@@V?$allocator@V?$function@$$A6AXXZ@std@@@2@@std@@QAE@XZ 10001f40 f i d3d_hook.cpp.obj
 0001:00000fc0       ??1_Init_once_completer@std@@QAE@XZ 10001fc0 f i d3d_hook.cpp.obj
 0001:00000fe0       ??1bad_alloc@std@@UAE@XZ   10001fe0 f i d3d_hook.cpp.obj
 0001:00000fe0       ??1bad_array_new_length@std@@UAE@XZ 10001fe0 f i d3d_hook.cpp.obj
 0001:00000fe0       ??1bad_exception@std@@UAE@XZ 10001fe0 f i libvcruntime:frame.obj
 0001:00000fe0       ??1bad_function_call@std@@UAE@XZ 10001fe0 f i libcpmt:xthrow.obj
 0001:00000fe0       ??1failure@ios_base@std@@UAE@XZ 10001fe0 f i client_config.cpp.obj
 0001:00000fe0       ??1length_error@std@@UAE@XZ 10001fe0 f i libcpmt:xthrow.obj
 0001:00000fe0       ??1out_of_range@std@@UAE@XZ 10001fe0 f i libcpmt:xthrow.obj
 0001:00000fe0       ??1runtime_error@std@@UAE@XZ 10001fe0 f i client_config.cpp.obj
 0001:00000fe0       ??1system_error@std@@UAE@XZ 10001fe0 f i client_config.cpp.obj
 0001:00001000       ??_Ebad_alloc@std@@UAEPAXI@Z 10002000 f i d3d_hook.cpp.obj
 0001:00001000       ??_Ebad_array_new_length@std@@UAEPAXI@Z 10002000 f i d3d_hook.cpp.obj
 0001:00001000       ??_Eexception@std@@UAEPAXI@Z 10002000 f i d3d_hook.cpp.obj
 0001:00001000       ??_Eruntime_error@std@@UAEPAXI@Z 10002000 f i client_config.cpp.obj
 0001:00001000       ??_Gbad_alloc@std@@UAEPAXI@Z 10002000 f i d3d_hook.cpp.obj
 0001:00001000       ??_Gbad_array_new_length@std@@UAEPAXI@Z 10002000 f i d3d_hook.cpp.obj
 0001:00001000       ??_Gexception@std@@UAEPAXI@Z 10002000 f i d3d_hook.cpp.obj
 0001:00001000       ??_Gruntime_error@std@@UAEPAXI@Z 10002000 f i client_config.cpp.obj
 0001:00001030       ?_Copy@?$_Func_impl_no_alloc@V<lambda_59909544974d3be07ecadbe172069b22>@@X$$V@std@@EBEPAV?$_Func_base@X$$V@2@PAX@Z 10002030 f i d3d_hook.cpp.obj
 0001:00001030       ?_Move@?$_Func_impl_no_alloc@V<lambda_59909544974d3be07ecadbe172069b22>@@X$$V@std@@EAEPAV?$_Func_base@X$$V@2@PAX@Z 10002030 f i d3d_hook.cpp.obj
 0001:00001050       ?_Copy@?$_Func_impl_no_alloc@V<lambda_8019bdfe0512b4fe063b74018eb77c39>@@X$$V@std@@EBEPAV?$_Func_base@X$$V@2@PAX@Z 10002050 f i d3d_hook.cpp.obj
 0001:00001050       ?_Move@?$_Func_impl_no_alloc@V<lambda_8019bdfe0512b4fe063b74018eb77c39>@@X$$V@std@@EAEPAV?$_Func_base@X$$V@2@PAX@Z 10002050 f i d3d_hook.cpp.obj
 0001:00001070       ?_Copy@?$_Func_impl_no_alloc@V<lambda_b04c464536f8b168a4c9ecd89205d2d2>@@X$$V@std@@EBEPAV?$_Func_base@X$$V@2@PAX@Z 10002070 f i d3d_hook.cpp.obj
 0001:00001070       ?_Move@?$_Func_impl_no_alloc@V<lambda_b04c464536f8b168a4c9ecd89205d2d2>@@X$$V@std@@EAEPAV?$_Func_base@X$$V@2@PAX@Z 10002070 f i d3d_hook.cpp.obj
 0001:00001090       ?_Copy@?$_Func_impl_no_alloc@V<lambda_ee8dfbd253b68aa19b43fb36ec206597>@@X$$V@std@@EBEPAV?$_Func_base@X$$V@2@PAX@Z 10002090 f i d3d_hook.cpp.obj
 0001:00001090       ?_Move@?$_Func_impl_no_alloc@V<lambda_ee8dfbd253b68aa19b43fb36ec206597>@@X$$V@std@@EAEPAV?$_Func_base@X$$V@2@PAX@Z 10002090 f i d3d_hook.cpp.obj
 0001:000010b0       ?_Delete_this@?$_Func_impl_no_alloc@V<lambda_00dbecd7ce64df782535c75b83b36d9b>@@X$$V@std@@EAEX_N@Z 100020b0 f i quest_hook.cpp.obj
 0001:000010b0       ?_Delete_this@?$_Func_impl_no_alloc@V<lambda_05397b0f5f50f30f14183dccbd5f6e17>@@X$$V@std@@EAEX_N@Z 100020b0 f i packet_hook.cpp.obj
 0001:000010b0       ?_Delete_this@?$_Func_impl_no_alloc@V<lambda_0753aca32cbf0d54a6a3e7c426e16cb4>@@X$$V@std@@EAEX_N@Z 100020b0 f i version_check_hook.cpp.obj
 0001:000010b0       ?_Delete_this@?$_Func_impl_no_alloc@V<lambda_079c22eb3c80a0513874cc5549a2b922>@@X$$V@std@@EAEX_N@Z 100020b0 f i packet_hook.cpp.obj
 0001:000010b0       ?_Delete_this@?$_Func_impl_no_alloc@V<lambda_102cef23f42d3c4b8824b1393e54502b>@@X$$V@std@@EAEX_N@Z 100020b0 f i assert_hook.cpp.obj
 0001:000010b0       ?_Delete_this@?$_Func_impl_no_alloc@V<lambda_148d939d3f328850d25f1b60d13e1a30>@@X$$V@std@@EAEX_N@Z 100020b0 f i packet_hook.cpp.obj
 0001:000010b0       ?_Delete_this@?$_Func_impl_no_alloc@V<lambda_19ea2bfdb895bb65b013e89caf4128fb>@@X$$V@std@@EAEX_N@Z 100020b0 f i version_check_hook.cpp.obj
 0001:000010b0       ?_Delete_this@?$_Func_impl_no_alloc@V<lambda_2361990076fc079cb21c0372f92e4945>@@X$$V@std@@EAEX_N@Z 100020b0 f i intro_hook.cpp.obj
 0001:000010b0       ?_Delete_this@?$_Func_impl_no_alloc@V<lambda_2b4e874bcc56da08e0b7e4d871685d0b>@@X$$V@std@@EAEX_N@Z 100020b0 f i version_check_hook.cpp.obj
 0001:000010b0       ?_Delete_this@?$_Func_impl_no_alloc@V<lambda_31d96936e7aec46c316efa19b922f190>@@X$$V@std@@EAEX_N@Z 100020b0 f i version_check_hook.cpp.obj
 0001:000010b0       ?_Delete_this@?$_Func_impl_no_alloc@V<lambda_567523d5fd7dcefcd0bcfc084fe47d8c>@@X$$V@std@@EAEX_N@Z 100020b0 f i interface_hide_hook.cpp.obj
 0001:000010b0       ?_Delete_this@?$_Func_impl_no_alloc@V<lambda_59909544974d3be07ecadbe172069b22>@@X$$V@std@@EAEX_N@Z 100020b0 f i d3d_hook.cpp.obj
 0001:000010b0       ?_Delete_this@?$_Func_impl_no_alloc@V<lambda_8019bdfe0512b4fe063b74018eb77c39>@@X$$V@std@@EAEX_N@Z 100020b0 f i d3d_hook.cpp.obj
 0001:000010b0       ?_Delete_this@?$_Func_impl_no_alloc@V<lambda_8392ef37813845485c1600dec211f7dd>@@X$$V@std@@EAEX_N@Z 100020b0 f i character_select_hook.cpp.obj
 0001:000010b0       ?_Delete_this@?$_Func_impl_no_alloc@V<lambda_871a06b5f1626861ab912f565d990cd1>@@X$$V@std@@EAEX_N@Z 100020b0 f i packet_hook.cpp.obj
 0001:000010b0       ?_Delete_this@?$_Func_impl_no_alloc@V<lambda_919ba523871a6660731b860850c24c35>@@X$$V@std@@EAEX_N@Z 100020b0 f i title_hook.cpp.obj
 0001:000010b0       ?_Delete_this@?$_Func_impl_no_alloc@V<lambda_9c931b08981ab1c8b2118511c7bdace0>@@X$$V@std@@EAEX_N@Z 100020b0 f i version_check_hook.cpp.obj
 0001:000010b0       ?_Delete_this@?$_Func_impl_no_alloc@V<lambda_9e54353aa454f7d92a3812adb7bd9804>@@X$$V@std@@EAEX_N@Z 100020b0 f i character_select_hook.cpp.obj
 0001:000010b0       ?_Delete_this@?$_Func_impl_no_alloc@V<lambda_a280fd544349889b841fe2b307d35585>@@X$$V@std@@EAEX_N@Z 100020b0 f i interface_hide_hook.cpp.obj
 0001:000010b0       ?_Delete_this@?$_Func_impl_no_alloc@V<lambda_a62fe0be53d700e6aed8d3501e17d169>@@X$$V@std@@EAEX_N@Z 100020b0 f i interface_hide_hook.cpp.obj
 0001:000010b0       ?_Delete_this@?$_Func_impl_no_alloc@V<lambda_a9ab3610afa722316d9e4be261787542>@@X$$V@std@@EAEX_N@Z 100020b0 f i character_select_hook.cpp.obj
 0001:000010b0       ?_Delete_this@?$_Func_impl_no_alloc@V<lambda_b04c464536f8b168a4c9ecd89205d2d2>@@X$$V@std@@EAEX_N@Z 100020b0 f i d3d_hook.cpp.obj
 0001:000010b0       ?_Delete_this@?$_Func_impl_no_alloc@V<lambda_c87f17a2cdfaa0e3acdd13ec8caf5dcf>@@X$$V@std@@EAEX_N@Z 100020b0 f i welcome_msg_hook.cpp.obj
 0001:000010b0       ?_Delete_this@?$_Func_impl_no_alloc@V<lambda_cf0eba39f8e1eaab3d7f90723a1611a1>@@X$$V@std@@EAEX_N@Z 100020b0 f i sight_range_hook.cpp.obj
 0001:000010b0       ?_Delete_this@?$_Func_impl_no_alloc@V<lambda_d5387bcdc0c40a1de130e5b4a363145c>@@X$$V@std@@EAEX_N@Z 100020b0 f i character_select_hook.cpp.obj
 0001:000010b0       ?_Delete_this@?$_Func_impl_no_alloc@V<lambda_d808f1789c8518bdbc5271d6edea4e84>@@X$$V@std@@EAEX_N@Z 100020b0 f i packet_hook.cpp.obj
 0001:000010b0       ?_Delete_this@?$_Func_impl_no_alloc@V<lambda_dcdab12d9be94e416b0298cb70ec5c72>@@X$$V@std@@EAEX_N@Z 100020b0 f i version_check_hook.cpp.obj
 0001:000010b0       ?_Delete_this@?$_Func_impl_no_alloc@V<lambda_ee8dfbd253b68aa19b43fb36ec206597>@@X$$V@std@@EAEX_N@Z 100020b0 f i d3d_hook.cpp.obj
 0001:000010b0       ?_Delete_this@?$_Func_impl_no_alloc@V<lambda_faf072030710147a91b256853ea97040>@@X$$V@std@@EAEX_N@Z 100020b0 f i title_hook.cpp.obj
 0001:000010d0       ?_Do_call@?$_Func_impl_no_alloc@V<lambda_00dbecd7ce64df782535c75b83b36d9b>@@X$$V@std@@EAEXXZ 100020d0 f i quest_hook.cpp.obj
 0001:000010d0       ?_Do_call@?$_Func_impl_no_alloc@V<lambda_05397b0f5f50f30f14183dccbd5f6e17>@@X$$V@std@@EAEXXZ 100020d0 f i packet_hook.cpp.obj
 0001:000010d0       ?_Do_call@?$_Func_impl_no_alloc@V<lambda_0753aca32cbf0d54a6a3e7c426e16cb4>@@X$$V@std@@EAEXXZ 100020d0 f i version_check_hook.cpp.obj
 0001:000010d0       ?_Do_call@?$_Func_impl_no_alloc@V<lambda_079c22eb3c80a0513874cc5549a2b922>@@X$$V@std@@EAEXXZ 100020d0 f i packet_hook.cpp.obj
 0001:000010d0       ?_Do_call@?$_Func_impl_no_alloc@V<lambda_102cef23f42d3c4b8824b1393e54502b>@@X$$V@std@@EAEXXZ 100020d0 f i assert_hook.cpp.obj
 0001:000010d0       ?_Do_call@?$_Func_impl_no_alloc@V<lambda_148d939d3f328850d25f1b60d13e1a30>@@X$$V@std@@EAEXXZ 100020d0 f i packet_hook.cpp.obj
 0001:000010d0       ?_Do_call@?$_Func_impl_no_alloc@V<lambda_19ea2bfdb895bb65b013e89caf4128fb>@@X$$V@std@@EAEXXZ 100020d0 f i version_check_hook.cpp.obj
 0001:000010d0       ?_Do_call@?$_Func_impl_no_alloc@V<lambda_2361990076fc079cb21c0372f92e4945>@@X$$V@std@@EAEXXZ 100020d0 f i intro_hook.cpp.obj
 0001:000010d0       ?_Do_call@?$_Func_impl_no_alloc@V<lambda_2b4e874bcc56da08e0b7e4d871685d0b>@@X$$V@std@@EAEXXZ 100020d0 f i version_check_hook.cpp.obj
 0001:000010d0       ?_Do_call@?$_Func_impl_no_alloc@V<lambda_31d96936e7aec46c316efa19b922f190>@@X$$V@std@@EAEXXZ 100020d0 f i version_check_hook.cpp.obj
 0001:000010d0       ?_Do_call@?$_Func_impl_no_alloc@V<lambda_567523d5fd7dcefcd0bcfc084fe47d8c>@@X$$V@std@@EAEXXZ 100020d0 f i interface_hide_hook.cpp.obj
 0001:000010d0       ?_Do_call@?$_Func_impl_no_alloc@V<lambda_59909544974d3be07ecadbe172069b22>@@X$$V@std@@EAEXXZ 100020d0 f i d3d_hook.cpp.obj
 0001:000010d0       ?_Do_call@?$_Func_impl_no_alloc@V<lambda_8019bdfe0512b4fe063b74018eb77c39>@@X$$V@std@@EAEXXZ 100020d0 f i d3d_hook.cpp.obj
 0001:000010d0       ?_Do_call@?$_Func_impl_no_alloc@V<lambda_8392ef37813845485c1600dec211f7dd>@@X$$V@std@@EAEXXZ 100020d0 f i character_select_hook.cpp.obj
 0001:000010d0       ?_Do_call@?$_Func_impl_no_alloc@V<lambda_871a06b5f1626861ab912f565d990cd1>@@X$$V@std@@EAEXXZ 100020d0 f i packet_hook.cpp.obj
 0001:000010d0       ?_Do_call@?$_Func_impl_no_alloc@V<lambda_919ba523871a6660731b860850c24c35>@@X$$V@std@@EAEXXZ 100020d0 f i title_hook.cpp.obj
 0001:000010d0       ?_Do_call@?$_Func_impl_no_alloc@V<lambda_9c931b08981ab1c8b2118511c7bdace0>@@X$$V@std@@EAEXXZ 100020d0 f i version_check_hook.cpp.obj
 0001:000010d0       ?_Do_call@?$_Func_impl_no_alloc@V<lambda_9e54353aa454f7d92a3812adb7bd9804>@@X$$V@std@@EAEXXZ 100020d0 f i character_select_hook.cpp.obj
 0001:000010d0       ?_Do_call@?$_Func_impl_no_alloc@V<lambda_a280fd544349889b841fe2b307d35585>@@X$$V@std@@EAEXXZ 100020d0 f i interface_hide_hook.cpp.obj
 0001:000010d0       ?_Do_call@?$_Func_impl_no_alloc@V<lambda_a62fe0be53d700e6aed8d3501e17d169>@@X$$V@std@@EAEXXZ 100020d0 f i interface_hide_hook.cpp.obj
 0001:000010d0       ?_Do_call@?$_Func_impl_no_alloc@V<lambda_a9ab3610afa722316d9e4be261787542>@@X$$V@std@@EAEXXZ 100020d0 f i character_select_hook.cpp.obj
 0001:000010d0       ?_Do_call@?$_Func_impl_no_alloc@V<lambda_b04c464536f8b168a4c9ecd89205d2d2>@@X$$V@std@@EAEXXZ 100020d0 f i d3d_hook.cpp.obj
 0001:000010d0       ?_Do_call@?$_Func_impl_no_alloc@V<lambda_c87f17a2cdfaa0e3acdd13ec8caf5dcf>@@X$$V@std@@EAEXXZ 100020d0 f i welcome_msg_hook.cpp.obj
 0001:000010d0       ?_Do_call@?$_Func_impl_no_alloc@V<lambda_cf0eba39f8e1eaab3d7f90723a1611a1>@@X$$V@std@@EAEXXZ 100020d0 f i sight_range_hook.cpp.obj
 0001:000010d0       ?_Do_call@?$_Func_impl_no_alloc@V<lambda_d5387bcdc0c40a1de130e5b4a363145c>@@X$$V@std@@EAEXXZ 100020d0 f i character_select_hook.cpp.obj
 0001:000010d0       ?_Do_call@?$_Func_impl_no_alloc@V<lambda_d808f1789c8518bdbc5271d6edea4e84>@@X$$V@std@@EAEXXZ 100020d0 f i packet_hook.cpp.obj
 0001:000010d0       ?_Do_call@?$_Func_impl_no_alloc@V<lambda_dcdab12d9be94e416b0298cb70ec5c72>@@X$$V@std@@EAEXXZ 100020d0 f i version_check_hook.cpp.obj
 0001:000010d0       ?_Do_call@?$_Func_impl_no_alloc@V<lambda_ee8dfbd253b68aa19b43fb36ec206597>@@X$$V@std@@EAEXXZ 100020d0 f i d3d_hook.cpp.obj
 0001:000010d0       ?_Do_call@?$_Func_impl_no_alloc@V<lambda_faf072030710147a91b256853ea97040>@@X$$V@std@@EAEXXZ 100020d0 f i title_hook.cpp.obj
 0001:000010f0       ?_Get@?$_Func_impl_no_alloc@V<lambda_00dbecd7ce64df782535c75b83b36d9b>@@X$$V@std@@EBEPBXXZ 100020f0 f i quest_hook.cpp.obj
 0001:000010f0       ?_Get@?$_Func_impl_no_alloc@V<lambda_05397b0f5f50f30f14183dccbd5f6e17>@@X$$V@std@@EBEPBXXZ 100020f0 f i packet_hook.cpp.obj
 0001:000010f0       ?_Get@?$_Func_impl_no_alloc@V<lambda_0753aca32cbf0d54a6a3e7c426e16cb4>@@X$$V@std@@EBEPBXXZ 100020f0 f i version_check_hook.cpp.obj
 0001:000010f0       ?_Get@?$_Func_impl_no_alloc@V<lambda_079c22eb3c80a0513874cc5549a2b922>@@X$$V@std@@EBEPBXXZ 100020f0 f i packet_hook.cpp.obj
 0001:000010f0       ?_Get@?$_Func_impl_no_alloc@V<lambda_102cef23f42d3c4b8824b1393e54502b>@@X$$V@std@@EBEPBXXZ 100020f0 f i assert_hook.cpp.obj
 0001:000010f0       ?_Get@?$_Func_impl_no_alloc@V<lambda_148d939d3f328850d25f1b60d13e1a30>@@X$$V@std@@EBEPBXXZ 100020f0 f i packet_hook.cpp.obj
 0001:000010f0       ?_Get@?$_Func_impl_no_alloc@V<lambda_19ea2bfdb895bb65b013e89caf4128fb>@@X$$V@std@@EBEPBXXZ 100020f0 f i version_check_hook.cpp.obj
 0001:000010f0       ?_Get@?$_Func_impl_no_alloc@V<lambda_2361990076fc079cb21c0372f92e4945>@@X$$V@std@@EBEPBXXZ 100020f0 f i intro_hook.cpp.obj
 0001:000010f0       ?_Get@?$_Func_impl_no_alloc@V<lambda_2b4e874bcc56da08e0b7e4d871685d0b>@@X$$V@std@@EBEPBXXZ 100020f0 f i version_check_hook.cpp.obj
 0001:000010f0       ?_Get@?$_Func_impl_no_alloc@V<lambda_31d96936e7aec46c316efa19b922f190>@@X$$V@std@@EBEPBXXZ 100020f0 f i version_check_hook.cpp.obj
 0001:000010f0       ?_Get@?$_Func_impl_no_alloc@V<lambda_567523d5fd7dcefcd0bcfc084fe47d8c>@@X$$V@std@@EBEPBXXZ 100020f0 f i interface_hide_hook.cpp.obj
 0001:000010f0       ?_Get@?$_Func_impl_no_alloc@V<lambda_59909544974d3be07ecadbe172069b22>@@X$$V@std@@EBEPBXXZ 100020f0 f i d3d_hook.cpp.obj
 0001:000010f0       ?_Get@?$_Func_impl_no_alloc@V<lambda_8019bdfe0512b4fe063b74018eb77c39>@@X$$V@std@@EBEPBXXZ 100020f0 f i d3d_hook.cpp.obj
 0001:000010f0       ?_Get@?$_Func_impl_no_alloc@V<lambda_8392ef37813845485c1600dec211f7dd>@@X$$V@std@@EBEPBXXZ 100020f0 f i character_select_hook.cpp.obj
 0001:000010f0       ?_Get@?$_Func_impl_no_alloc@V<lambda_871a06b5f1626861ab912f565d990cd1>@@X$$V@std@@EBEPBXXZ 100020f0 f i packet_hook.cpp.obj
 0001:000010f0       ?_Get@?$_Func_impl_no_alloc@V<lambda_919ba523871a6660731b860850c24c35>@@X$$V@std@@EBEPBXXZ 100020f0 f i title_hook.cpp.obj
 0001:000010f0       ?_Get@?$_Func_impl_no_alloc@V<lambda_9c931b08981ab1c8b2118511c7bdace0>@@X$$V@std@@EBEPBXXZ 100020f0 f i version_check_hook.cpp.obj
 0001:000010f0       ?_Get@?$_Func_impl_no_alloc@V<lambda_9e54353aa454f7d92a3812adb7bd9804>@@X$$V@std@@EBEPBXXZ 100020f0 f i character_select_hook.cpp.obj
 0001:000010f0       ?_Get@?$_Func_impl_no_alloc@V<lambda_a280fd544349889b841fe2b307d35585>@@X$$V@std@@EBEPBXXZ 100020f0 f i interface_hide_hook.cpp.obj
 0001:000010f0       ?_Get@?$_Func_impl_no_alloc@V<lambda_a62fe0be53d700e6aed8d3501e17d169>@@X$$V@std@@EBEPBXXZ 100020f0 f i interface_hide_hook.cpp.obj
 0001:000010f0       ?_Get@?$_Func_impl_no_alloc@V<lambda_a9ab3610afa722316d9e4be261787542>@@X$$V@std@@EBEPBXXZ 100020f0 f i character_select_hook.cpp.obj
 0001:000010f0       ?_Get@?$_Func_impl_no_alloc@V<lambda_b04c464536f8b168a4c9ecd89205d2d2>@@X$$V@std@@EBEPBXXZ 100020f0 f i d3d_hook.cpp.obj
 0001:000010f0       ?_Get@?$_Func_impl_no_alloc@V<lambda_c87f17a2cdfaa0e3acdd13ec8caf5dcf>@@X$$V@std@@EBEPBXXZ 100020f0 f i welcome_msg_hook.cpp.obj
 0001:000010f0       ?_Get@?$_Func_impl_no_alloc@V<lambda_cf0eba39f8e1eaab3d7f90723a1611a1>@@X$$V@std@@EBEPBXXZ 100020f0 f i sight_range_hook.cpp.obj
 0001:000010f0       ?_Get@?$_Func_impl_no_alloc@V<lambda_d5387bcdc0c40a1de130e5b4a363145c>@@X$$V@std@@EBEPBXXZ 100020f0 f i character_select_hook.cpp.obj
 0001:000010f0       ?_Get@?$_Func_impl_no_alloc@V<lambda_d808f1789c8518bdbc5271d6edea4e84>@@X$$V@std@@EBEPBXXZ 100020f0 f i packet_hook.cpp.obj
 0001:000010f0       ?_Get@?$_Func_impl_no_alloc@V<lambda_dcdab12d9be94e416b0298cb70ec5c72>@@X$$V@std@@EBEPBXXZ 100020f0 f i version_check_hook.cpp.obj
 0001:000010f0       ?_Get@?$_Func_impl_no_alloc@V<lambda_ee8dfbd253b68aa19b43fb36ec206597>@@X$$V@std@@EBEPBXXZ 100020f0 f i d3d_hook.cpp.obj
 0001:000010f0       ?_Get@?$_Func_impl_no_alloc@V<lambda_faf072030710147a91b256853ea97040>@@X$$V@std@@EBEPBXXZ 100020f0 f i title_hook.cpp.obj
 0001:00001100       ?_Target_type@?$_Func_impl_no_alloc@V<lambda_59909544974d3be07ecadbe172069b22>@@X$$V@std@@EBEABVtype_info@@XZ 10002100 f i d3d_hook.cpp.obj
 0001:00001110       ?_Target_type@?$_Func_impl_no_alloc@V<lambda_8019bdfe0512b4fe063b74018eb77c39>@@X$$V@std@@EBEABVtype_info@@XZ 10002110 f i d3d_hook.cpp.obj
 0001:00001120       ?_Target_type@?$_Func_impl_no_alloc@V<lambda_b04c464536f8b168a4c9ecd89205d2d2>@@X$$V@std@@EBEABVtype_info@@XZ 10002120 f i d3d_hook.cpp.obj
 0001:00001130       ?_Target_type@?$_Func_impl_no_alloc@V<lambda_ee8dfbd253b68aa19b43fb36ec206597>@@X$$V@std@@EBEABVtype_info@@XZ 10002130 f i d3d_hook.cpp.obj
 0001:00001140       ?_Throw_bad_array_new_length@std@@YAXXZ 10002140 f i d3d_hook.cpp.obj
 0001:00001160       ?_Xlength@?$vector@EV?$allocator@E@std@@@std@@CAXXZ 10002160 f i packet_hook.cpp.obj
 0001:00001160       ?_Xlength@?$vector@PAVcgwnd@@V?$allocator@PAVcgwnd@@@std@@@std@@CAXXZ 10002160 f i widget_inspector.cpp.obj
 0001:00001160       ?_Xlength@?$vector@Uentry@net_manager@ext_client@@V?$allocator@Uentry@net_manager@ext_client@@@std@@@std@@CAXXZ 10002160 f i net_manager.cpp.obj
 0001:00001160       ?_Xlength@?$vector@Ures_map_entry@cif_manager@ext_client@@V?$allocator@Ures_map_entry@cif_manager@ext_client@@@std@@@std@@CAXXZ 10002160 f i cif_manager.cpp.obj
 0001:00001160       ?_Xlength@?$vector@Uwidget_info@cif_manager@ext_client@@V?$allocator@Uwidget_info@cif_manager@ext_client@@@std@@@std@@CAXXZ 10002160 f i widget_inspector.cpp.obj
 0001:00001160       ?_Xlength@?$vector@V?$function@$$A6AXXZ@std@@V?$allocator@V?$function@$$A6AXXZ@std@@@2@@std@@CAXXZ 10002160 f i d3d_hook.cpp.obj
 0001:00001810       ?install@d3d@hooks@ext_client@@YA_NXZ 10002810 f   d3d_hook.cpp.obj
 0001:00001990       ?is_installed@d3d@hooks@ext_client@@YA_NXZ 10002990 f   d3d_hook.cpp.obj
 0001:000019b0       ?push_back@?$vector@V?$function@$$A6AXXZ@std@@V?$allocator@V?$function@$$A6AXXZ@std@@@2@@std@@QAEX$$QAV?$function@$$A6AXXZ@2@@Z 100029b0 f i d3d_hook.cpp.obj
 0001:00001af0       ?uninstall@d3d@hooks@ext_client@@YAXXZ 10002af0 f   d3d_hook.cpp.obj
 0001:00001b50       ?uninstall@hook_group@utils@ext_client@@QAEXXZ 10002b50 f i d3d_hook.cpp.obj
 0001:00001ba0       ?what@exception@std@@UBEPBDXZ 10002ba0 f i d3d_hook.cpp.obj
 0001:00001c80       ?install_all@manager@hooks@ext_client@@YA_NXZ 10002c80 f   hook_manager.cpp.obj
 0001:00001d80       ?tick@manager@hooks@ext_client@@YAXXZ 10002d80 f   hook_manager.cpp.obj
 0001:00001d90       ?uninstall_all@manager@hooks@ext_client@@YAXXZ 10002d90 f   hook_manager.cpp.obj
 0001:00001dd0       ??$install@V?$make_hook@$01H$$V@utils@ext_client@@P6AHXZ@hook_group@utils@ext_client@@QAE_NAAV?$make_hook@$01H$$V@12@IP6AHXZPBD2@Z 10002dd0 f i version_check_hook.cpp.obj
 0001:00001f00       ??1?$vector@EV?$allocator@E@std@@@std@@QAE@XZ 10002f00 f i version_check_hook.cpp.obj
 0001:00001f00       ?_Tidy@?$vector@EV?$allocator@E@std@@@std@@AAEXXZ 10002f00 f i version_check_hook.cpp.obj
 0001:00001f60       ??_EBitmap@Gdiplus@@UAEPAXI@Z 10002f60 f i version_check_hook.cpp.obj
 0001:00001f60       ??_EImage@Gdiplus@@UAEPAXI@Z 10002f60 f i version_check_hook.cpp.obj
 0001:00001f60       ??_GBitmap@Gdiplus@@UAEPAXI@Z 10002f60 f i version_check_hook.cpp.obj
 0001:00001f60       ??_GImage@Gdiplus@@UAEPAXI@Z 10002f60 f i version_check_hook.cpp.obj
 0001:00001fa0       ?Clone@Image@Gdiplus@@UAEPAV12@XZ 10002fa0 f i version_check_hook.cpp.obj
 0001:00001ff0       ?_Copy@?$_Func_impl_no_alloc@V<lambda_0753aca32cbf0d54a6a3e7c426e16cb4>@@X$$V@std@@EBEPAV?$_Func_base@X$$V@2@PAX@Z 10002ff0 f i version_check_hook.cpp.obj
 0001:00001ff0       ?_Move@?$_Func_impl_no_alloc@V<lambda_0753aca32cbf0d54a6a3e7c426e16cb4>@@X$$V@std@@EAEPAV?$_Func_base@X$$V@2@PAX@Z 10002ff0 f i version_check_hook.cpp.obj
 0001:00002010       ?_Copy@?$_Func_impl_no_alloc@V<lambda_19ea2bfdb895bb65b013e89caf4128fb>@@X$$V@std@@EBEPAV?$_Func_base@X$$V@2@PAX@Z 10003010 f i version_check_hook.cpp.obj
 0001:00002010       ?_Move@?$_Func_impl_no_alloc@V<lambda_19ea2bfdb895bb65b013e89caf4128fb>@@X$$V@std@@EAEPAV?$_Func_base@X$$V@2@PAX@Z 10003010 f i version_check_hook.cpp.obj
 0001:00002030       ?_Copy@?$_Func_impl_no_alloc@V<lambda_2b4e874bcc56da08e0b7e4d871685d0b>@@X$$V@std@@EBEPAV?$_Func_base@X$$V@2@PAX@Z 10003030 f i version_check_hook.cpp.obj
 0001:00002030       ?_Move@?$_Func_impl_no_alloc@V<lambda_2b4e874bcc56da08e0b7e4d871685d0b>@@X$$V@std@@EAEPAV?$_Func_base@X$$V@2@PAX@Z 10003030 f i version_check_hook.cpp.obj
 0001:00002050       ?_Copy@?$_Func_impl_no_alloc@V<lambda_31d96936e7aec46c316efa19b922f190>@@X$$V@std@@EBEPAV?$_Func_base@X$$V@2@PAX@Z 10003050 f i version_check_hook.cpp.obj
 0001:00002050       ?_Move@?$_Func_impl_no_alloc@V<lambda_31d96936e7aec46c316efa19b922f190>@@X$$V@std@@EAEPAV?$_Func_base@X$$V@2@PAX@Z 10003050 f i version_check_hook.cpp.obj
 0001:00002070       ?_Copy@?$_Func_impl_no_alloc@V<lambda_9c931b08981ab1c8b2118511c7bdace0>@@X$$V@std@@EBEPAV?$_Func_base@X$$V@2@PAX@Z 10003070 f i version_check_hook.cpp.obj
 0001:00002070       ?_Move@?$_Func_impl_no_alloc@V<lambda_9c931b08981ab1c8b2118511c7bdace0>@@X$$V@std@@EAEPAV?$_Func_base@X$$V@2@PAX@Z 10003070 f i version_check_hook.cpp.obj
 0001:00002090       ?_Copy@?$_Func_impl_no_alloc@V<lambda_dcdab12d9be94e416b0298cb70ec5c72>@@X$$V@std@@EBEPAV?$_Func_base@X$$V@2@PAX@Z 10003090 f i version_check_hook.cpp.obj
 0001:00002090       ?_Move@?$_Func_impl_no_alloc@V<lambda_dcdab12d9be94e416b0298cb70ec5c72>@@X$$V@std@@EAEPAV?$_Func_base@X$$V@2@PAX@Z 10003090 f i version_check_hook.cpp.obj
 0001:000020b0       ?_Target_type@?$_Func_impl_no_alloc@V<lambda_0753aca32cbf0d54a6a3e7c426e16cb4>@@X$$V@std@@EBEABVtype_info@@XZ 100030b0 f i version_check_hook.cpp.obj
 0001:000020c0       ?_Target_type@?$_Func_impl_no_alloc@V<lambda_19ea2bfdb895bb65b013e89caf4128fb>@@X$$V@std@@EBEABVtype_info@@XZ 100030c0 f i version_check_hook.cpp.obj
 0001:000020d0       ?_Target_type@?$_Func_impl_no_alloc@V<lambda_2b4e874bcc56da08e0b7e4d871685d0b>@@X$$V@std@@EBEABVtype_info@@XZ 100030d0 f i version_check_hook.cpp.obj
 0001:000020e0       ?_Target_type@?$_Func_impl_no_alloc@V<lambda_31d96936e7aec46c316efa19b922f190>@@X$$V@std@@EBEABVtype_info@@XZ 100030e0 f i version_check_hook.cpp.obj
 0001:000020f0       ?_Target_type@?$_Func_impl_no_alloc@V<lambda_9c931b08981ab1c8b2118511c7bdace0>@@X$$V@std@@EBEABVtype_info@@XZ 100030f0 f i version_check_hook.cpp.obj
 0001:00002100       ?_Target_type@?$_Func_impl_no_alloc@V<lambda_dcdab12d9be94e416b0298cb70ec5c72>@@X$$V@std@@EBEABVtype_info@@XZ 10003100 f i version_check_hook.cpp.obj
 0001:00002110       ??3@YAXPAXUImNewWrapper@@0@Z 10003110 f i imgui.cpp.obj
 0001:00002110       ?_Lock@?$basic_streambuf@DU?$char_traits@D@std@@@std@@UAEXXZ 10003110 f i client_config.cpp.obj
 0001:00002110       ?_Unlock@?$basic_streambuf@DU?$char_traits@D@std@@@std@@UAEXXZ 10003110 f i client_config.cpp.obj
 0001:00002110       ?__empty_global_delete@@YAXPAXI@Z 10003110 f i version_check_hook.cpp.obj
 0001:00002110       ?__global_delete@@YAXPAXI@Z 10003110 f i version_check_hook.cpp.obj
 0001:00002110       @_guard_check_icall_nop@4  10003110 f i LIBCMT:guard_support.obj
 0001:00002110       _InitializeBuffer          10003110 f i minhook:buffer.c.obj
 0001:000024a0       ?control_panel@version_check@hooks@ext_client@@YAAAUversion_check_t@settings@config@3@XZ 100034a0 f   version_check_hook.cpp.obj
 0001:00002a90       ?deallocate@?$allocator@E@std@@QAEXQAEI@Z 10003a90 f i version_check_hook.cpp.obj
 0001:00002ad0       ?install@version_check@hooks@ext_client@@YA_NXZ 10003ad0 f   version_check_hook.cpp.obj
 0001:00004200       ?tick@version_check@hooks@ext_client@@YAXXZ 10005200 f   version_check_hook.cpp.obj
 0001:00004280       ?uninstall@version_check@hooks@ext_client@@YAXXZ 10005280 f   version_check_hook.cpp.obj
 0001:000043c0       ___local_stdio_printf_options 100053c0 f i version_check_hook.cpp.obj
 0001:000043d0       _snprintf                  100053d0 f i version_check_hook.cpp.obj
 0001:00004910       ?start@loading_splash_overlay@hooks@ext_client@@YA_NPAUHWND__@@ABUconfig@123@@Z 10005910 f   loading_splash_overlay.cpp.obj
 0001:000049f0       ?stop@loading_splash_overlay@hooks@ext_client@@YAXXZ 100059f0 f   loading_splash_overlay.cpp.obj
 0001:00004ca0       ??1?$basic_string@_WU?$char_traits@_W@std@@V?$allocator@_W@2@@std@@QAE@XZ 10005ca0 f i title_hook.cpp.obj
 0001:00004d00       ?_Copy@?$_Func_impl_no_alloc@V<lambda_919ba523871a6660731b860850c24c35>@@X$$V@std@@EBEPAV?$_Func_base@X$$V@2@PAX@Z 10005d00 f i title_hook.cpp.obj
 0001:00004d00       ?_Move@?$_Func_impl_no_alloc@V<lambda_919ba523871a6660731b860850c24c35>@@X$$V@std@@EAEPAV?$_Func_base@X$$V@2@PAX@Z 10005d00 f i title_hook.cpp.obj
 0001:00004d20       ?_Copy@?$_Func_impl_no_alloc@V<lambda_faf072030710147a91b256853ea97040>@@X$$V@std@@EBEPAV?$_Func_base@X$$V@2@PAX@Z 10005d20 f i title_hook.cpp.obj
 0001:00004d20       ?_Move@?$_Func_impl_no_alloc@V<lambda_faf072030710147a91b256853ea97040>@@X$$V@std@@EAEPAV?$_Func_base@X$$V@2@PAX@Z 10005d20 f i title_hook.cpp.obj
 0001:00004d40       ?_Target_type@?$_Func_impl_no_alloc@V<lambda_919ba523871a6660731b860850c24c35>@@X$$V@std@@EBEABVtype_info@@XZ 10005d40 f i title_hook.cpp.obj
 0001:00004d50       ?_Target_type@?$_Func_impl_no_alloc@V<lambda_faf072030710147a91b256853ea97040>@@X$$V@std@@EBEABVtype_info@@XZ 10005d50 f i title_hook.cpp.obj
 0001:00004d60       ?apply_from_control@title@hooks@ext_client@@YAXXZ 10005d60 f   title_hook.cpp.obj
 0001:000054b0       ?apply_version_label_layout@title@hooks@ext_client@@YAXXZ 100064b0 f   title_hook.cpp.obj
 0001:00005760       ?apply_version_labels@title@hooks@ext_client@@YAXXZ 10006760 f   title_hook.cpp.obj
 0001:000057a0       ?captured_version_label_count@title@hooks@ext_client@@YAHXZ 100067a0 f   title_hook.cpp.obj
 0001:000057c0       ?control_panel@title@hooks@ext_client@@YAAAUtitle_t@settings@config@3@XZ 100067c0 f   title_hook.cpp.obj
 0001:00005b70       ?install@title@hooks@ext_client@@YA_NXZ 10006b70 f   title_hook.cpp.obj
 0001:000064b0       ?on_set_child_process@title@hooks@ext_client@@YAXHH@Z 100074b0 f   title_hook.cpp.obj
 0001:000066c0       ?tick@title@hooks@ext_client@@YAXXZ 100076c0 f   title_hook.cpp.obj
 0001:000067b0       ?uninstall@title@hooks@ext_client@@YAXXZ 100077b0 f   title_hook.cpp.obj
 0001:00006b80       ___local_stdio_scanf_options 10007b80 f i title_hook.cpp.obj
 0001:00006b90       _swscanf_s                 10007b90 f i title_hook.cpp.obj
 0001:00006bc0       ?apply_eu_frame@title_login_layout@title@hooks@ext_client@@QBE_NPAVcps_title@@PAVcgwnd@@@Z 10007bc0 f   title_login_layout.cpp.obj
 0001:00007170       ?load_from_game@title_login_layout@title@hooks@ext_client@@QAE_NPAVcps_title@@@Z 10008170 f   title_login_layout.cpp.obj
 0001:00007550       ?load_named_or_id@title_login_layout@title@hooks@ext_client@@AAE_NPBDHAAUwidget_rect@1234@@Z 10008550 f   title_login_layout.cpp.obj
 0001:00007840       ?_Copy@?$_Func_impl_no_alloc@V<lambda_8392ef37813845485c1600dec211f7dd>@@X$$V@std@@EBEPAV?$_Func_base@X$$V@2@PAX@Z 10008840 f i character_select_hook.cpp.obj
 0001:00007840       ?_Move@?$_Func_impl_no_alloc@V<lambda_8392ef37813845485c1600dec211f7dd>@@X$$V@std@@EAEPAV?$_Func_base@X$$V@2@PAX@Z 10008840 f i character_select_hook.cpp.obj
 0001:00007860       ?_Copy@?$_Func_impl_no_alloc@V<lambda_9e54353aa454f7d92a3812adb7bd9804>@@X$$V@std@@EBEPAV?$_Func_base@X$$V@2@PAX@Z 10008860 f i character_select_hook.cpp.obj
 0001:00007860       ?_Move@?$_Func_impl_no_alloc@V<lambda_9e54353aa454f7d92a3812adb7bd9804>@@X$$V@std@@EAEPAV?$_Func_base@X$$V@2@PAX@Z 10008860 f i character_select_hook.cpp.obj
 0001:00007880       ?_Copy@?$_Func_impl_no_alloc@V<lambda_a9ab3610afa722316d9e4be261787542>@@X$$V@std@@EBEPAV?$_Func_base@X$$V@2@PAX@Z 10008880 f i character_select_hook.cpp.obj
 0001:00007880       ?_Move@?$_Func_impl_no_alloc@V<lambda_a9ab3610afa722316d9e4be261787542>@@X$$V@std@@EAEPAV?$_Func_base@X$$V@2@PAX@Z 10008880 f i character_select_hook.cpp.obj
 0001:000078a0       ?_Copy@?$_Func_impl_no_alloc@V<lambda_d5387bcdc0c40a1de130e5b4a363145c>@@X$$V@std@@EBEPAV?$_Func_base@X$$V@2@PAX@Z 100088a0 f i character_select_hook.cpp.obj
 0001:000078a0       ?_Move@?$_Func_impl_no_alloc@V<lambda_d5387bcdc0c40a1de130e5b4a363145c>@@X$$V@std@@EAEPAV?$_Func_base@X$$V@2@PAX@Z 100088a0 f i character_select_hook.cpp.obj
 0001:000078c0       ?_Target_type@?$_Func_impl_no_alloc@V<lambda_8392ef37813845485c1600dec211f7dd>@@X$$V@std@@EBEABVtype_info@@XZ 100088c0 f i character_select_hook.cpp.obj
 0001:000078d0       ?_Target_type@?$_Func_impl_no_alloc@V<lambda_9e54353aa454f7d92a3812adb7bd9804>@@X$$V@std@@EBEABVtype_info@@XZ 100088d0 f i character_select_hook.cpp.obj
 0001:000078e0       ?_Target_type@?$_Func_impl_no_alloc@V<lambda_a9ab3610afa722316d9e4be261787542>@@X$$V@std@@EBEABVtype_info@@XZ 100088e0 f i character_select_hook.cpp.obj
 0001:000078f0       ?_Target_type@?$_Func_impl_no_alloc@V<lambda_d5387bcdc0c40a1de130e5b4a363145c>@@X$$V@std@@EBEABVtype_info@@XZ 100088f0 f i character_select_hook.cpp.obj
 0001:000080c0       ?install@character_select@hooks@ext_client@@YA_NXZ 100090c0 f   character_select_hook.cpp.obj
 0001:00008570       ?uninstall@character_select@hooks@ext_client@@YAXXZ 10009570 f   character_select_hook.cpp.obj
 0001:00008880       _swprintf_s                10009880 f i character_select_hook.cpp.obj
 0001:000088b0       ??$_Allocate_at_least_helper@V?$allocator@E@std@@@std@@YAPAEAAV?$allocator@E@0@AAI@Z 100098b0 f i packet_hook.cpp.obj
 0001:00008900       ??$_Assign_counted_range@PBE@?$vector@EV?$allocator@E@std@@@std@@AAEXPBEI@Z 10009900 f i packet_hook.cpp.obj
 0001:00008a50       ??0?$lock_guard@Vmutex@std@@@std@@QAE@AAVmutex@1@@Z 10009a50 f i packet_hook.cpp.obj
 0001:00008a90       ??1?$basic_string@DU?$char_traits@D@std@@V?$allocator@D@2@@std@@QAE@XZ 10009a90 f i packet_hook.cpp.obj
 0001:00008a90       ?_Tidy_deallocate@?$basic_string@DU?$char_traits@D@std@@V?$allocator@D@2@@std@@AAEXXZ 10009a90 f i packet_hook.cpp.obj
 0001:00008af0       ??1?$lock_guard@Vmutex@std@@@std@@QAE@XZ 10009af0 f i packet_hook.cpp.obj
 0001:00008b00       ??4?$vector@EV?$allocator@E@std@@@std@@QAEAAV01@$$QAV01@@Z 10009b00 f i packet_hook.cpp.obj
 0001:00008b40       ?_Copy@?$_Func_impl_no_alloc@V<lambda_05397b0f5f50f30f14183dccbd5f6e17>@@X$$V@std@@EBEPAV?$_Func_base@X$$V@2@PAX@Z 10009b40 f i packet_hook.cpp.obj
 0001:00008b40       ?_Move@?$_Func_impl_no_alloc@V<lambda_05397b0f5f50f30f14183dccbd5f6e17>@@X$$V@std@@EAEPAV?$_Func_base@X$$V@2@PAX@Z 10009b40 f i packet_hook.cpp.obj
 0001:00008b60       ?_Copy@?$_Func_impl_no_alloc@V<lambda_079c22eb3c80a0513874cc5549a2b922>@@X$$V@std@@EBEPAV?$_Func_base@X$$V@2@PAX@Z 10009b60 f i packet_hook.cpp.obj
 0001:00008b60       ?_Move@?$_Func_impl_no_alloc@V<lambda_079c22eb3c80a0513874cc5549a2b922>@@X$$V@std@@EAEPAV?$_Func_base@X$$V@2@PAX@Z 10009b60 f i packet_hook.cpp.obj
 0001:00008b80       ?_Copy@?$_Func_impl_no_alloc@V<lambda_148d939d3f328850d25f1b60d13e1a30>@@X$$V@std@@EBEPAV?$_Func_base@X$$V@2@PAX@Z 10009b80 f i packet_hook.cpp.obj
 0001:00008b80       ?_Move@?$_Func_impl_no_alloc@V<lambda_148d939d3f328850d25f1b60d13e1a30>@@X$$V@std@@EAEPAV?$_Func_base@X$$V@2@PAX@Z 10009b80 f i packet_hook.cpp.obj
 0001:00008ba0       ?_Copy@?$_Func_impl_no_alloc@V<lambda_871a06b5f1626861ab912f565d990cd1>@@X$$V@std@@EBEPAV?$_Func_base@X$$V@2@PAX@Z 10009ba0 f i packet_hook.cpp.obj
 0001:00008ba0       ?_Move@?$_Func_impl_no_alloc@V<lambda_871a06b5f1626861ab912f565d990cd1>@@X$$V@std@@EAEPAV?$_Func_base@X$$V@2@PAX@Z 10009ba0 f i packet_hook.cpp.obj
 0001:00008bc0       ?_Copy@?$_Func_impl_no_alloc@V<lambda_d808f1789c8518bdbc5271d6edea4e84>@@X$$V@std@@EBEPAV?$_Func_base@X$$V@2@PAX@Z 10009bc0 f i packet_hook.cpp.obj
 0001:00008bc0       ?_Move@?$_Func_impl_no_alloc@V<lambda_d808f1789c8518bdbc5271d6edea4e84>@@X$$V@std@@EAEPAV?$_Func_base@X$$V@2@PAX@Z 10009bc0 f i packet_hook.cpp.obj
 0001:00008be0       ?_Deallocate_for_capacity@?$basic_string@DU?$char_traits@D@std@@V?$allocator@D@2@@std@@CAXAAV?$allocator@D@2@QADI@Z 10009be0 f i packet_hook.cpp.obj
 0001:00008c20       ?_Target_type@?$_Func_impl_no_alloc@V<lambda_05397b0f5f50f30f14183dccbd5f6e17>@@X$$V@std@@EBEABVtype_info@@XZ 10009c20 f i packet_hook.cpp.obj
 0001:00008c30       ?_Target_type@?$_Func_impl_no_alloc@V<lambda_079c22eb3c80a0513874cc5549a2b922>@@X$$V@std@@EBEABVtype_info@@XZ 10009c30 f i packet_hook.cpp.obj
 0001:00008c40       ?_Target_type@?$_Func_impl_no_alloc@V<lambda_148d939d3f328850d25f1b60d13e1a30>@@X$$V@std@@EBEABVtype_info@@XZ 10009c40 f i packet_hook.cpp.obj
 0001:00008c50       ?_Target_type@?$_Func_impl_no_alloc@V<lambda_871a06b5f1626861ab912f565d990cd1>@@X$$V@std@@EBEABVtype_info@@XZ 10009c50 f i packet_hook.cpp.obj
 0001:00008c60       ?_Target_type@?$_Func_impl_no_alloc@V<lambda_d808f1789c8518bdbc5271d6edea4e84>@@X$$V@std@@EBEABVtype_info@@XZ 10009c60 f i packet_hook.cpp.obj
 0001:00008df0       ?clear_overrides@packet@hooks@ext_client@@YAXXZ 10009df0 f   packet_hook.cpp.obj
 0001:00008f30       ?control_panel@packet@hooks@ext_client@@YAAAUpacket_t@settings@config@3@XZ 10009f30 f   packet_hook.cpp.obj
 0001:00009130       ?install@packet@hooks@ext_client@@YA_NXZ 1000a130 f   packet_hook.cpp.obj
 0001:000097b0       ?set_incoming_override@packet@hooks@ext_client@@YAXGPBEI_N@Z 1000a7b0 f   packet_hook.cpp.obj
 0001:00009890       ?set_outgoing_override@packet@hooks@ext_client@@YAXGPBEI_N@Z 1000a890 f   packet_hook.cpp.obj
 0001:00009ac0       ?uninstall@packet@hooks@ext_client@@YAXXZ 1000aac0 f   packet_hook.cpp.obj
 0001:00009ae0       ?_Copy@?$_Func_impl_no_alloc@V<lambda_567523d5fd7dcefcd0bcfc084fe47d8c>@@X$$V@std@@EBEPAV?$_Func_base@X$$V@2@PAX@Z 1000aae0 f i interface_hide_hook.cpp.obj
 0001:00009ae0       ?_Move@?$_Func_impl_no_alloc@V<lambda_567523d5fd7dcefcd0bcfc084fe47d8c>@@X$$V@std@@EAEPAV?$_Func_base@X$$V@2@PAX@Z 1000aae0 f i interface_hide_hook.cpp.obj
 0001:00009b00       ?_Copy@?$_Func_impl_no_alloc@V<lambda_a280fd544349889b841fe2b307d35585>@@X$$V@std@@EBEPAV?$_Func_base@X$$V@2@PAX@Z 1000ab00 f i interface_hide_hook.cpp.obj
 0001:00009b00       ?_Move@?$_Func_impl_no_alloc@V<lambda_a280fd544349889b841fe2b307d35585>@@X$$V@std@@EAEPAV?$_Func_base@X$$V@2@PAX@Z 1000ab00 f i interface_hide_hook.cpp.obj
 0001:00009b20       ?_Copy@?$_Func_impl_no_alloc@V<lambda_a62fe0be53d700e6aed8d3501e17d169>@@X$$V@std@@EBEPAV?$_Func_base@X$$V@2@PAX@Z 1000ab20 f i interface_hide_hook.cpp.obj
 0001:00009b20       ?_Move@?$_Func_impl_no_alloc@V<lambda_a62fe0be53d700e6aed8d3501e17d169>@@X$$V@std@@EAEPAV?$_Func_base@X$$V@2@PAX@Z 1000ab20 f i interface_hide_hook.cpp.obj
 0001:00009b40       ?_Target_type@?$_Func_impl_no_alloc@V<lambda_567523d5fd7dcefcd0bcfc084fe47d8c>@@X$$V@std@@EBEABVtype_info@@XZ 1000ab40 f i interface_hide_hook.cpp.obj
 0001:00009b50       ?_Target_type@?$_Func_impl_no_alloc@V<lambda_a280fd544349889b841fe2b307d35585>@@X$$V@std@@EBEABVtype_info@@XZ 1000ab50 f i interface_hide_hook.cpp.obj
 0001:00009b60       ?_Target_type@?$_Func_impl_no_alloc@V<lambda_a62fe0be53d700e6aed8d3501e17d169>@@X$$V@std@@EBEABVtype_info@@XZ 1000ab60 f i interface_hide_hook.cpp.obj
 0001:00009b70       ?apply_from_control@interface_hide@hooks@ext_client@@YAXXZ 1000ab70 f   interface_hide_hook.cpp.obj
 0001:00009d60       ?control_panel@interface_hide@hooks@ext_client@@YAAAUinterface_hide_t@settings@config@3@XZ 1000ad60 f   interface_hide_hook.cpp.obj
 0001:00009d70       ?install@interface_hide@hooks@ext_client@@YA_NXZ 1000ad70 f   interface_hide_hook.cpp.obj
 0001:0000a000       ?tick@interface_hide@hooks@ext_client@@YAXXZ 1000b000 f   interface_hide_hook.cpp.obj
 0001:0000a140       ?uninstall@interface_hide@hooks@ext_client@@YAXXZ 1000b140 f   interface_hide_hook.cpp.obj
 0001:0000a170       ??$_Allocate_for_capacity@$0A@@?$basic_string@_WU?$char_traits@_W@std@@V?$allocator@_W@2@@std@@CAPA_WAAV?$allocator@_W@1@AAI@Z 1000b170 f i welcome_msg_hook.cpp.obj
 0001:0000a1e0       ?_Copy@?$_Func_impl_no_alloc@V<lambda_c87f17a2cdfaa0e3acdd13ec8caf5dcf>@@X$$V@std@@EBEPAV?$_Func_base@X$$V@2@PAX@Z 1000b1e0 f i welcome_msg_hook.cpp.obj
 0001:0000a1e0       ?_Move@?$_Func_impl_no_alloc@V<lambda_c87f17a2cdfaa0e3acdd13ec8caf5dcf>@@X$$V@std@@EAEPAV?$_Func_base@X$$V@2@PAX@Z 1000b1e0 f i welcome_msg_hook.cpp.obj
 0001:0000a200       ?_Target_type@?$_Func_impl_no_alloc@V<lambda_c87f17a2cdfaa0e3acdd13ec8caf5dcf>@@X$$V@std@@EBEABVtype_info@@XZ 1000b200 f i welcome_msg_hook.cpp.obj
 0001:0000a210       ?_Xlen_string@std@@YAXXZ   1000b210 f i welcome_msg_hook.cpp.obj
 0001:0000a220       ?install@welcome_msg@hooks@ext_client@@YA_NXZ 1000b220 f   welcome_msg_hook.cpp.obj
 0001:0000a670       ?uninstall@welcome_msg@hooks@ext_client@@YAXXZ 1000b670 f   welcome_msg_hook.cpp.obj
 0001:0000a680       ?_Copy@?$_Func_impl_no_alloc@V<lambda_cf0eba39f8e1eaab3d7f90723a1611a1>@@X$$V@std@@EBEPAV?$_Func_base@X$$V@2@PAX@Z 1000b680 f i sight_range_hook.cpp.obj
 0001:0000a680       ?_Move@?$_Func_impl_no_alloc@V<lambda_cf0eba39f8e1eaab3d7f90723a1611a1>@@X$$V@std@@EAEPAV?$_Func_base@X$$V@2@PAX@Z 1000b680 f i sight_range_hook.cpp.obj
 0001:0000a6a0       ?_Target_type@?$_Func_impl_no_alloc@V<lambda_cf0eba39f8e1eaab3d7f90723a1611a1>@@X$$V@std@@EBEABVtype_info@@XZ 1000b6a0 f i sight_range_hook.cpp.obj
 0001:0000a6b0       ?apply_settings@sight_range@hooks@ext_client@@YAXXZ 1000b6b0 f   sight_range_hook.cpp.obj
 0001:0000a7c0       ?install@sight_range@hooks@ext_client@@YA_NXZ 1000b7c0 f   sight_range_hook.cpp.obj
 0001:0000aa70       ?uninstall@sight_range@hooks@ext_client@@YAXXZ 1000ba70 f   sight_range_hook.cpp.obj
 0001:0000aa80       ?_Copy@?$_Func_impl_no_alloc@V<lambda_2361990076fc079cb21c0372f92e4945>@@X$$V@std@@EBEPAV?$_Func_base@X$$V@2@PAX@Z 1000ba80 f i intro_hook.cpp.obj
 0001:0000aa80       ?_Move@?$_Func_impl_no_alloc@V<lambda_2361990076fc079cb21c0372f92e4945>@@X$$V@std@@EAEPAV?$_Func_base@X$$V@2@PAX@Z 1000ba80 f i intro_hook.cpp.obj
 0001:0000aaa0       ?_Target_type@?$_Func_impl_no_alloc@V<lambda_2361990076fc079cb21c0372f92e4945>@@X$$V@std@@EBEABVtype_info@@XZ 1000baa0 f i intro_hook.cpp.obj
 0001:0000aab0       ?install@intro@hooks@ext_client@@YA_NXZ 1000bab0 f   intro_hook.cpp.obj
 0001:0000acd0       ?uninstall@intro@hooks@ext_client@@YAXXZ 1000bcd0 f   intro_hook.cpp.obj
 0001:0000acf0       ?_Copy@?$_Func_impl_no_alloc@V<lambda_00dbecd7ce64df782535c75b83b36d9b>@@X$$V@std@@EBEPAV?$_Func_base@X$$V@2@PAX@Z 1000bcf0 f i quest_hook.cpp.obj
 0001:0000acf0       ?_Move@?$_Func_impl_no_alloc@V<lambda_00dbecd7ce64df782535c75b83b36d9b>@@X$$V@std@@EAEPAV?$_Func_base@X$$V@2@PAX@Z 1000bcf0 f i quest_hook.cpp.obj
 0001:0000ad10       ?_Target_type@?$_Func_impl_no_alloc@V<lambda_00dbecd7ce64df782535c75b83b36d9b>@@X$$V@std@@EBEABVtype_info@@XZ 1000bd10 f i quest_hook.cpp.obj
 0001:0000ad50       ?install@quest@hooks@ext_client@@YA_NXZ 1000bd50 f   quest_hook.cpp.obj
 0001:0000aed0       ?uninstall@quest@hooks@ext_client@@YAXXZ 1000bed0 f   quest_hook.cpp.obj
 0001:0000aee0       ?_Copy@?$_Func_impl_no_alloc@V<lambda_102cef23f42d3c4b8824b1393e54502b>@@X$$V@std@@EBEPAV?$_Func_base@X$$V@2@PAX@Z 1000bee0 f i assert_hook.cpp.obj
 0001:0000aee0       ?_Move@?$_Func_impl_no_alloc@V<lambda_102cef23f42d3c4b8824b1393e54502b>@@X$$V@std@@EAEPAV?$_Func_base@X$$V@2@PAX@Z 1000bee0 f i assert_hook.cpp.obj
 0001:0000af00       ?_Target_type@?$_Func_impl_no_alloc@V<lambda_102cef23f42d3c4b8824b1393e54502b>@@X$$V@std@@EBEABVtype_info@@XZ 1000bf00 f i assert_hook.cpp.obj
 0001:0000af70       ?install@assertion@hooks@ext_client@@YA_NXZ 1000bf70 f   assert_hook.cpp.obj
 0001:0000b0f0       ?uninstall@assertion@hooks@ext_client@@YAXXZ 1000c0f0 f   assert_hook.cpp.obj
 0001:0000b100       ??$_Allocate_at_least_helper@V?$allocator@Uentry@net_manager@ext_client@@@std@@@std@@YAPAUentry@net_manager@ext_client@@AAV?$allocator@Uentry@net_manager@ext_client@@@0@AAI@Z 1000c100 f i net_manager.cpp.obj
 0001:0000b170       ??$_Allocate_for_capacity@$0A@@?$basic_string@DU?$char_traits@D@std@@V?$allocator@D@2@@std@@CAPADAAV?$allocator@D@1@AAI@Z 1000c170 f i net_manager.cpp.obj
 0001:0000b1d0       ??$_Construct@$00PBD@?$basic_string@DU?$char_traits@D@std@@V?$allocator@D@2@@std@@AAEXQBDI@Z 1000c1d0 f i net_manager.cpp.obj
 0001:0000b260       ??$_Construct_n@ABQAUentry@net_manager@ext_client@@ABQAU123@@?$vector@Uentry@net_manager@ext_client@@V?$allocator@Uentry@net_manager@ext_client@@@std@@@std@@AAEXIABQAUentry@net_manager@ext_client@@0@Z 1000c260 f i net_manager.cpp.obj
 0001:0000b460       ??$_Emplace_one_at_back@E@?$vector@EV?$allocator@E@std@@@std@@AAEAAE$$QAE@Z 1000c460 f i net_manager.cpp.obj
 0001:0000b590       ??$_Emplace_reallocate@Uentry@net_manager@ext_client@@@?$vector@Uentry@net_manager@ext_client@@V?$allocator@Uentry@net_manager@ext_client@@@std@@@std@@AAEPAUentry@net_manager@ext_client@@QAU234@$$QAU234@@Z 1000c590 f i net_manager.cpp.obj
 0001:0000b8f0       ??$_Uninitialized_move@PAUentry@net_manager@ext_client@@V?$allocator@Uentry@net_manager@ext_client@@@std@@@std@@YAPAUentry@net_manager@ext_client@@QAU123@0PAU123@AAV?$allocator@Uentry@net_manager@ext_client@@@0@@Z 1000c8f0 f i net_manager.cpp.obj
 0001:0000b9c0       ??$construct@Uentry@net_manager@ext_client@@U123@@?$_Default_allocator_traits@V?$allocator@Uentry@net_manager@ext_client@@@std@@@std@@SAXAAV?$allocator@Uentry@net_manager@ext_client@@@1@QAUentry@net_manager@ext_client@@$$QAU345@@Z 1000c9c0 f i net_manager.cpp.obj
 0001:0000ba30       ??0?$basic_string@DU?$char_traits@D@std@@V?$allocator@D@2@@std@@QAE@$$QAV01@@Z 1000ca30 f i net_manager.cpp.obj
 0001:0000ba80       ??0?$basic_string@DU?$char_traits@D@std@@V?$allocator@D@2@@std@@QAE@QBD@Z 1000ca80 f i net_manager.cpp.obj
 0001:0000bb40       ??1?$_Tidy_guard@V?$vector@Uentry@net_manager@ext_client@@V?$allocator@Uentry@net_manager@ext_client@@@std@@@std@@@std@@QAE@XZ 1000cb40 f i net_manager.cpp.obj
 0001:0000bb50       ??1?$_Uninitialized_backout_al@V?$allocator@Uentry@net_manager@ext_client@@@std@@@std@@QAE@XZ 1000cb50 f i net_manager.cpp.obj
 0001:0000bb80       ??1?$vector@Uentry@net_manager@ext_client@@V?$allocator@Uentry@net_manager@ext_client@@@std@@@std@@QAE@XZ 1000cb80 f i net_manager.cpp.obj
 0001:0000bc10       ??1entry@net_manager@ext_client@@QAE@XZ 1000cc10 f i net_manager.cpp.obj
 0001:0000bcb0       ?_Tidy@?$vector@Uentry@net_manager@ext_client@@V?$allocator@Uentry@net_manager@ext_client@@@std@@@std@@AAEXXZ 1000ccb0 f i net_manager.cpp.obj
 0001:0000beb0       ?append@?$basic_string@DU?$char_traits@D@std@@V?$allocator@D@2@@std@@QAEAAV12@QBDI@Z 1000ceb0 f i net_manager.cpp.obj
 0001:0000c1d0       ?clear_log@net_manager@ext_client@@YAXXZ 1000d1d0 f   net_manager.cpp.obj
 0001:0000c250       ?control_panel@net_manager@ext_client@@YAAAUnet_manager_t@settings@config@2@XZ 1000d250 f   net_manager.cpp.obj
 0001:0000c260       ?dispatch_incoming@net_manager@ext_client@@YA?AW4handler_result@12@PAVcmsg_stream_buffer@@@Z 1000d260 f   net_manager.cpp.obj
 0001:0000c330       ?dispatch_outgoing@net_manager@ext_client@@YA?AW4handler_result@12@PAVcmsg_stream_buffer@@@Z 1000d330 f   net_manager.cpp.obj
 0001:0000c400       ?format_hex@net_manager@ext_client@@YA?AV?$basic_string@DU?$char_traits@D@std@@V?$allocator@D@2@@std@@ABV?$vector@EV?$allocator@E@std@@@4@I@Z 1000d400 f   net_manager.cpp.obj
 0001:0000c730       ?format_layer@net_manager@ext_client@@YAPBDW4packet_layer@12@@Z 1000d730 f   net_manager.cpp.obj
 0001:0000c750       ?format_opcode@net_manager@ext_client@@YA?AV?$basic_string@DU?$char_traits@D@std@@V?$allocator@D@2@@std@@G@Z 1000d750 f   net_manager.cpp.obj
 0001:0000c840       ?opcode_in_list@net_manager@ext_client@@YA_NGPBD@Z 1000d840 f   net_manager.cpp.obj
 0001:0000c8d0       ?parse_hex@net_manager@ext_client@@YA_NPBDAAV?$vector@EV?$allocator@E@std@@@std@@@Z 1000d8d0 f   net_manager.cpp.obj
 0001:0000c9e0       ?push_back@?$basic_string@DU?$char_traits@D@std@@V?$allocator@D@2@@std@@QAEXD@Z 1000d9e0 f i net_manager.cpp.obj
 0001:0000ce20       ?record_cmsg_incoming@net_manager@ext_client@@YAXPAVcmsg@@_N1G@Z 1000de20 f   net_manager.cpp.obj
 0001:0000ce80       ?record_cmsg_outgoing@net_manager@ext_client@@YAXPAVcmsg@@_N1G@Z 1000de80 f   net_manager.cpp.obj
 0001:0000cee0       ?record_incoming@net_manager@ext_client@@YAXPAVcmsg_stream_buffer@@_N1G@Z 1000dee0 f   net_manager.cpp.obj
 0001:0000cf30       ?record_outgoing@net_manager@ext_client@@YAXPAVcmsg_stream_buffer@@_N1G@Z 1000df30 f   net_manager.cpp.obj
 0001:0000cf80       ?register_handlers@net_manager@ext_client@@YAXXZ 1000df80 f   net_manager.cpp.obj
 0001:0000d040       ?reserve@?$basic_string@DU?$char_traits@D@std@@V?$allocator@D@2@@std@@QAEXI@Z 1000e040 f i net_manager.cpp.obj
 0001:0000d180       ?send@net_manager@ext_client@@YAXGABV?$vector@EV?$allocator@E@std@@@std@@@Z 1000e180 f   net_manager.cpp.obj
 0001:0000d210       ?should_block_opcode@net_manager@ext_client@@YA_NG@Z 1000e210 f   net_manager.cpp.obj
 0001:0000d2b0       ?shutdown@net_manager@ext_client@@YAXXZ 1000e2b0 f   net_manager.cpp.obj
 0001:0000d3b0       ?snapshot@net_manager@ext_client@@YA?AV?$vector@Uentry@net_manager@ext_client@@V?$allocator@Uentry@net_manager@ext_client@@@std@@@std@@XZ 1000e3b0 f   net_manager.cpp.obj
 0001:0000d480       _fprintf                   1000e480 f i net_manager.cpp.obj
 0001:0000d4b0       ??0net_msg@net_manager@ext_client@@QAE@G@Z 1000e4b0 f   net_msg.cpp.obj
 0001:0000d4f0       ??1net_msg@net_manager@ext_client@@QAE@XZ 1000e4f0 f   net_msg.cpp.obj
 0001:0000d540       ?send@net_msg@net_manager@ext_client@@QAEXXZ 1000e540 f   net_msg.cpp.obj
 0001:0000d5b0       ?write_bytes@net_msg@net_manager@ext_client@@QAEAAV123@PBXI@Z 1000e5b0 f   net_msg.cpp.obj
 0001:0000d5f0       ?construct@cmsg_stream_buffer@@SAPAV1@PAV1@G@Z 1000e5f0 f   cmsg_stream_buffer.cpp.obj
 0001:0000d610       ?destroy@cmsg_stream_buffer@@QAEXXZ 1000e610 f   cmsg_stream_buffer.cpp.obj
 0001:0000d620       ?extract_payload@cmsg_stream_buffer@@QBE?AV?$vector@EV?$allocator@E@std@@@std@@XZ 1000e620 f   cmsg_stream_buffer.cpp.obj
 0001:0000d770       ?opcode@cmsg_stream_buffer@@QBEGXZ 1000e770 f   cmsg_stream_buffer.cpp.obj
 0001:0000d780       ?payload_size@cmsg_stream_buffer@@QBEIXZ 1000e780 f   cmsg_stream_buffer.cpp.obj
 0001:0000d790       ?replace_payload@cmsg_stream_buffer@@QAE_NPBEI@Z 1000e790 f   cmsg_stream_buffer.cpp.obj
 0001:0000d7f0       ?resize@?$basic_string@DU?$char_traits@D@std@@V?$allocator@D@2@@std@@QAEXID@Z 1000e7f0 f i cmsg_stream_buffer.cpp.obj
 0001:0000d960       ?toggle_after@cmsg_stream_buffer@@QAEXXZ 1000e960 f   cmsg_stream_buffer.cpp.obj
 0001:0000d980       ?toggle_before@cmsg_stream_buffer@@QAEXXZ 1000e980 f   cmsg_stream_buffer.cpp.obj
 0001:0000d9a0       ?write_bytes@cmsg_stream_buffer@@QAEXPBXI@Z 1000e9a0 f   cmsg_stream_buffer.cpp.obj
 0001:0000d9c0       ?body_size@cmsg@@QBEIXZ    1000e9c0 f   cmsg.cpp.obj
 0001:0000d9e0       ?extract_payload@cmsg@@QBE?AV?$vector@EV?$allocator@E@std@@@std@@XZ 1000e9e0 f   cmsg.cpp.obj
 0001:0000dae0       ?header_opcode@cmsg@@QBEGXZ 1000eae0 f   cmsg.cpp.obj
 0001:0000daf0       ?is_encrypted@cmsg@@QBE_NXZ 1000eaf0 f   cmsg.cpp.obj
 0001:0000db10       ?opcode@cmsg@@QBEGXZ       1000eb10 f   cmsg.cpp.obj
 0001:0000db30       ?send_from_buffer@cmsg@@SAXPAVcmsg_stream_buffer@@@Z 1000eb30 f   cmsg.cpp.obj
 0001:0000db50       ??$?0PAD$0A@@?$basic_string@DU?$char_traits@D@std@@V?$allocator@D@2@@std@@QAE@PAD0ABV?$allocator@D@1@@Z 1000eb50 f i packet_inspector.cpp.obj
 0001:0000dc10       ??$_Allocate_at_least_helper@V?$allocator@Ures_map_entry@cif_manager@ext_client@@@std@@@std@@YAPAUres_map_entry@cif_manager@ext_client@@AAV?$allocator@Ures_map_entry@cif_manager@ext_client@@@0@AAI@Z 1000ec10 f   cif_manager.cpp.obj
 0001:0000e660       ??$_UIntegral_to_buff@DI@std@@YAPADPADI@Z 1000f660 f i packet_inspector.cpp.obj
 0001:0000e6c0       ??1?$vector@Ures_map_entry@cif_manager@ext_client@@V?$allocator@Ures_map_entry@cif_manager@ext_client@@@std@@@std@@QAE@XZ 1000f6c0 f   widget_inspector.cpp.obj
 0001:0000eb40       ?draw@packet_inspector@menu@ext_client@@YAXXZ 1000fb40 f   packet_inspector.cpp.obj
 0001:00010030       _sscanf                    10011030 f i packet_inspector.cpp.obj
 0001:00010060       ?log_init@utils@ext_client@@YAXXZ 10011060 f   log.cpp.obj
 0001:00010120       ?log_msg@utils@ext_client@@YAXPBDZZ 10011120 f   log.cpp.obj
 0001:000101d0       _printf                    100111d0 f i log.cpp.obj
 0001:00010200       ??$?6U?$char_traits@D@std@@@std@@YAAAV?$basic_ostream@DU?$char_traits@D@std@@@0@AAV10@PBD@Z 10011200 f i client_config.cpp.obj
 0001:000104c0       ??$_Fput_v3@$0A@@?$num_put@DV?$ostreambuf_iterator@DU?$char_traits@D@std@@@std@@@std@@ABE?AV?$ostreambuf_iterator@DU?$char_traits@D@std@@@1@V21@AAVios_base@1@DPBDI_N@Z 100114c0 f i client_config.cpp.obj
 0001:00010a30       ??$_Fputc@D@std@@YA_NDPAU_iobuf@@@Z 10011a30 f i client_config.cpp.obj
 0001:00010a50       ??$getline@DU?$char_traits@D@std@@V?$allocator@D@2@@std@@YAAAV?$basic_istream@DU?$char_traits@D@std@@@0@$$QAV10@AAV?$basic_string@DU?$char_traits@D@std@@V?$allocator@D@2@@0@D@Z 10011a50 f i client_config.cpp.obj
 0001:00010c70       ??$use_facet@V?$codecvt@DDU_Mbstatet@@@std@@@std@@YAABV?$codecvt@DDU_Mbstatet@@@0@ABVlocale@0@@Z 10011c70 f i client_config.cpp.obj
 0001:00010de0       ??$use_facet@V?$ctype@D@std@@@std@@YAABV?$ctype@D@0@ABVlocale@0@@Z 10011de0 f i client_config.cpp.obj
 0001:00010f70       ??$use_facet@V?$num_put@DV?$ostreambuf_iterator@DU?$char_traits@D@std@@@std@@@std@@@std@@YAABV?$num_put@DV?$ostreambuf_iterator@DU?$char_traits@D@std@@@std@@@0@ABVlocale@0@@Z 10011f70 f i client_config.cpp.obj
 0001:000110e0       ??$use_facet@V?$numpunct@D@std@@@std@@YAABV?$numpunct@D@0@ABVlocale@0@@Z 100120e0 f i client_config.cpp.obj
 0001:00011310       ??0?$basic_filebuf@DU?$char_traits@D@std@@@std@@QAE@XZ 10012310 f i client_config.cpp.obj
 0001:00011460       ??0?$basic_ifstream@DU?$char_traits@D@std@@@std@@QAE@PBDHH@Z 10012460 f i client_config.cpp.obj
 0001:000115b0       ??0?$basic_ios@DU?$char_traits@D@std@@@std@@IAE@XZ 100125b0 f i client_config.cpp.obj
 0001:00011620       ??0?$basic_string@DU?$char_traits@D@std@@V?$allocator@D@2@@std@@QAE@ABV01@@Z 10012620 f i client_config.cpp.obj
 0001:000116d0       ??0?$basic_string@DU?$char_traits@D@std@@V?$allocator@D@2@@std@@QAE@ID@Z 100126d0 f i client_config.cpp.obj
 0001:00011780       ??0_Locinfo@std@@QAE@PBD@Z 10012780 f i client_config.cpp.obj
 0001:00011830       ??0_System_error@std@@IAE@Verror_code@1@ABV?$basic_string@DU?$char_traits@D@std@@V?$allocator@D@2@@1@@Z 10012830 f i client_config.cpp.obj
 0001:00011a70       ??0_System_error@std@@QAE@ABV01@@Z 10012a70 f i client_config.cpp.obj
 0001:00011ab0       ??0exception@std@@QAE@QBD@Z 10012ab0 f i client_config.cpp.obj
 0001:00011af0       ??0failure@ios_base@std@@QAE@ABV012@@Z 10012af0 f i client_config.cpp.obj
 0001:00011b40       ??0failure@ios_base@std@@QAE@PBDABVerror_code@2@@Z 10012b40 f i client_config.cpp.obj
 0001:00011c30       ??0runtime_error@std@@QAE@ABV01@@Z 10012c30 f i client_config.cpp.obj
 0001:00011c60       ??0sentry@?$basic_ostream@DU?$char_traits@D@std@@@std@@QAE@AAV12@@Z 10012c60 f i client_config.cpp.obj
 0001:00011d00       ??0settings@config@ext_client@@QAE@XZ 10012d00 f i client_config.cpp.obj
 0001:00012030       ??0system_error@std@@QAE@ABV01@@Z 10013030 f i client_config.cpp.obj
 0001:00012080       ??1?$_Tidy_guard@V?$numpunct@D@std@@@std@@QAE@XZ 10013080 f i client_config.cpp.obj
 0001:000120b0       ??1?$_Yarn@D@std@@QAE@XZ   100130b0 f i client_config.cpp.obj
 0001:000120b0       ??1?$_Yarn@_W@std@@QAE@XZ  100130b0 f i client_config.cpp.obj
 0001:000120b0       ?_Tidy@?$_Yarn@D@std@@AAEXXZ 100130b0 f i client_config.cpp.obj
 0001:000120d0       ??1?$basic_filebuf@DU?$char_traits@D@std@@@std@@UAE@XZ 100130d0 f i client_config.cpp.obj
 0001:00012220       ??1?$basic_ios@DU?$char_traits@D@std@@@std@@UAE@XZ 10013220 f i client_config.cpp.obj
 0001:00012270       ??1?$basic_istream@DU?$char_traits@D@std@@@std@@UAE@XZ 10013270 f i client_config.cpp.obj
 0001:00012290       ??1?$basic_ostream@DU?$char_traits@D@std@@@std@@UAE@XZ 10013290 f i client_config.cpp.obj
 0001:000122b0       ??1?$unique_ptr@V_Facet_base@std@@U?$default_delete@V_Facet_base@std@@@2@@std@@QAE@XZ 100132b0 f i client_config.cpp.obj
 0001:000122c0       ??1_Locinfo@std@@QAE@XZ    100132c0 f i client_config.cpp.obj
 0001:000123a0       ??1_Sentry_base@?$basic_istream@DU?$char_traits@D@std@@@std@@QAE@XZ 100133a0 f i client_config.cpp.obj
 0001:000123a0       ??1_Sentry_base@?$basic_ostream@DU?$char_traits@D@std@@@std@@QAE@XZ 100133a0 f i client_config.cpp.obj
 0001:000123f0       ??1facet@locale@std@@MAE@XZ 100133f0 f i client_config.cpp.obj
 0001:00012400       ??1locale@std@@QAE@XZ      10013400 f i client_config.cpp.obj
 0001:00012420       ??1sentry@?$basic_istream@DU?$char_traits@D@std@@@std@@QAE@XZ 10013420 f i client_config.cpp.obj
 0001:00012480       ??1sentry@?$basic_ostream@DU?$char_traits@D@std@@@std@@QAE@XZ 10013480 f i client_config.cpp.obj
 0001:000124f0       ??6?$basic_ostream@DU?$char_traits@D@std@@@std@@QAEAAV01@G@Z 100134f0 f i client_config.cpp.obj
 0001:000126c0       ??6?$basic_ostream@DU?$char_traits@D@std@@@std@@QAEAAV01@H@Z 100136c0 f i client_config.cpp.obj
 0001:00012890       ??6?$basic_ostream@DU?$char_traits@D@std@@@std@@QAEAAV01@I@Z 10013890 f i client_config.cpp.obj
 0001:00012a60       ??_D?$basic_ifstream@DU?$char_traits@D@std@@@std@@QAEXXZ 10013a60 f i client_config.cpp.obj
 0001:00012af0       ??_D?$basic_ofstream@DU?$char_traits@D@std@@@std@@QAEXXZ 10013af0 f i client_config.cpp.obj
 0001:00012b7f       ??_E?$basic_ifstream@DU?$char_traits@D@std@@@std@@$4PPPPPPPM@A@AEPAXI@Z 10013b7f f i client_config.cpp.obj
 0001:00012b87       ??_E?$basic_istream@DU?$char_traits@D@std@@@std@@$4PPPPPPPM@A@AEPAXI@Z 10013b87 f i client_config.cpp.obj
 0001:00012b8f       ??_E?$basic_ofstream@DU?$char_traits@D@std@@@std@@$4PPPPPPPM@A@AEPAXI@Z 10013b8f f i client_config.cpp.obj
 0001:00012b97       ??_E?$basic_ostream@DU?$char_traits@D@std@@@std@@$4PPPPPPPM@A@AEPAXI@Z 10013b97 f i client_config.cpp.obj
 0001:00012ba0       ??_E?$basic_filebuf@DU?$char_traits@D@std@@@std@@UAEPAXI@Z 10013ba0 f i client_config.cpp.obj
 0001:00012ba0       ??_G?$basic_filebuf@DU?$char_traits@D@std@@@std@@UAEPAXI@Z 10013ba0 f i client_config.cpp.obj
 0001:00012bc0       ??_E?$basic_ifstream@DU?$char_traits@D@std@@@std@@UAEPAXI@Z 10013bc0 f i client_config.cpp.obj
 0001:00012bc0       ??_G?$basic_ifstream@DU?$char_traits@D@std@@@std@@UAEPAXI@Z 10013bc0 f i client_config.cpp.obj
 0001:00012bf0       ??_E?$basic_ios@DU?$char_traits@D@std@@@std@@UAEPAXI@Z 10013bf0 f i client_config.cpp.obj
 0001:00012bf0       ??_G?$basic_ios@DU?$char_traits@D@std@@@std@@UAEPAXI@Z 10013bf0 f i client_config.cpp.obj
 0001:00012c60       ??_E?$basic_istream@DU?$char_traits@D@std@@@std@@UAEPAXI@Z 10013c60 f i client_config.cpp.obj
 0001:00012c60       ??_G?$basic_istream@DU?$char_traits@D@std@@@std@@UAEPAXI@Z 10013c60 f i client_config.cpp.obj
 0001:00012cf0       ??_E?$basic_ofstream@DU?$char_traits@D@std@@@std@@UAEPAXI@Z 10013cf0 f i client_config.cpp.obj
 0001:00012cf0       ??_G?$basic_ofstream@DU?$char_traits@D@std@@@std@@UAEPAXI@Z 10013cf0 f i client_config.cpp.obj
 0001:00012d20       ??_E?$basic_ostream@DU?$char_traits@D@std@@@std@@UAEPAXI@Z 10013d20 f i client_config.cpp.obj
 0001:00012d20       ??_G?$basic_ostream@DU?$char_traits@D@std@@@std@@UAEPAXI@Z 10013d20 f i client_config.cpp.obj
 0001:00012db0       ??_E?$basic_streambuf@DU?$char_traits@D@std@@@std@@UAEPAXI@Z 10013db0 f i client_config.cpp.obj
 0001:00012db0       ??_G?$basic_streambuf@DU?$char_traits@D@std@@@std@@UAEPAXI@Z 10013db0 f i client_config.cpp.obj
 0001:00012e00       ??_E?$codecvt@DDU_Mbstatet@@@std@@MAEPAXI@Z 10013e00 f i client_config.cpp.obj
 0001:00012e00       ??_E?$num_put@DV?$ostreambuf_iterator@DU?$char_traits@D@std@@@std@@@std@@MAEPAXI@Z 10013e00 f i client_config.cpp.obj
 0001:00012e00       ??_G?$codecvt@DDU_Mbstatet@@@std@@MAEPAXI@Z 10013e00 f i client_config.cpp.obj
 0001:00012e00       ??_G?$num_put@DV?$ostreambuf_iterator@DU?$char_traits@D@std@@@std@@@std@@MAEPAXI@Z 10013e00 f i client_config.cpp.obj
 0001:00012e30       ??_E?$ctype@D@std@@MAEPAXI@Z 10013e30 f i client_config.cpp.obj
 0001:00012e30       ??_G?$ctype@D@std@@MAEPAXI@Z 10013e30 f i client_config.cpp.obj
 0001:00012e80       ??_E?$numpunct@D@std@@MAEPAXI@Z 10013e80 f i client_config.cpp.obj
 0001:00012e80       ??_G?$numpunct@D@std@@MAEPAXI@Z 10013e80 f i client_config.cpp.obj
 0001:00012ed0       ??_E_Facet_base@std@@UAEPAXI@Z 10013ed0 f i client_config.cpp.obj
 0001:00012ed0       ??_G_Facet_base@std@@UAEPAXI@Z 10013ed0 f i client_config.cpp.obj
 0001:00012f00       ??_E_Iostream_error_category2@std@@UAEPAXI@Z 10013f00 f i client_config.cpp.obj
 0001:00012f00       ??_G_Iostream_error_category2@std@@UAEPAXI@Z 10013f00 f i client_config.cpp.obj
 0001:00012f20       ??_E_System_error@std@@UAEPAXI@Z 10013f20 f i client_config.cpp.obj
 0001:00012f20       ??_Efailure@ios_base@std@@UAEPAXI@Z 10013f20 f i client_config.cpp.obj
 0001:00012f20       ??_Esystem_error@std@@UAEPAXI@Z 10013f20 f i client_config.cpp.obj
 0001:00012f20       ??_G_System_error@std@@UAEPAXI@Z 10013f20 f i client_config.cpp.obj
 0001:00012f20       ??_Gfailure@ios_base@std@@UAEPAXI@Z 10013f20 f i client_config.cpp.obj
 0001:00012f20       ??_Gsystem_error@std@@UAEPAXI@Z 10013f20 f i client_config.cpp.obj
 0001:00012f50       ??_Eios_base@std@@UAEPAXI@Z 10013f50 f i client_config.cpp.obj
 0001:00012f50       ??_Gios_base@std@@UAEPAXI@Z 10013f50 f i client_config.cpp.obj
 0001:00012fc0       ?_Decref@facet@locale@std@@UAEPAV_Facet_base@3@XZ 10013fc0 f i client_config.cpp.obj
 0001:00012fe0       ?_Endwrite@?$basic_filebuf@DU?$char_traits@D@std@@@std@@IAE_NXZ 10013fe0 f i client_config.cpp.obj
 0001:000130c0       ?_Ffmt@?$num_put@DV?$ostreambuf_iterator@DU?$char_traits@D@std@@@std@@@std@@ABAPADPADDH@Z 100140c0 f i client_config.cpp.obj
 0001:00013190       ?_Incref@facet@locale@std@@UAEXXZ 10014190 f i client_config.cpp.obj
 0001:000131a0       ?_Init@?$basic_filebuf@DU?$char_traits@D@std@@@std@@IAEXPAU_iobuf@@W4_Initfl@12@@Z 100141a0 f i client_config.cpp.obj
 0001:00013280       ?_Init@?$basic_streambuf@DU?$char_traits@D@std@@@std@@IAEXXZ 10014280 f i client_config.cpp.obj
 0001:000132e0       ?_Initcvt@?$basic_filebuf@DU?$char_traits@D@std@@@std@@IAEXABV?$codecvt@DDU_Mbstatet@@@2@@Z 100142e0 f i client_config.cpp.obj
 0001:00013360       ?_Ipfx@?$basic_istream@DU?$char_traits@D@std@@@std@@QAE_N_N@Z 10014360 f i client_config.cpp.obj
 0001:000135c0       ?_Iput@?$num_put@DV?$ostreambuf_iterator@DU?$char_traits@D@std@@@std@@@std@@ABA?AV?$ostreambuf_iterator@DU?$char_traits@D@std@@@2@V32@AAVios_base@2@DPADI@Z 100145c0 f i client_config.cpp.obj
 0001:00013ab0       ?_Lock@?$basic_filebuf@DU?$char_traits@D@std@@@std@@UAEXXZ 10014ab0 f i client_config.cpp.obj
 0001:00013ac0       ?_Osfx@?$basic_ostream@DU?$char_traits@D@std@@@std@@QAEXXZ 10014ac0 f i client_config.cpp.obj
 0001:00013ba0       ?_Put@?$num_put@DV?$ostreambuf_iterator@DU?$char_traits@D@std@@@std@@@std@@ABA?AV?$ostreambuf_iterator@DU?$char_traits@D@std@@@2@V32@PBDI@Z 10014ba0 f i client_config.cpp.obj
 0001:00013c20       ?_Rep@?$num_put@DV?$ostreambuf_iterator@DU?$char_traits@D@std@@@std@@@std@@ABA?AV?$ostreambuf_iterator@DU?$char_traits@D@std@@@2@V32@DI@Z 10014c20 f i client_config.cpp.obj
 0001:00013c90       ?_Reset_back@?$basic_filebuf@DU?$char_traits@D@std@@@std@@AAEXXZ 10014c90 f i client_config.cpp.obj
 0001:00013cc0       ?_Unlock@?$basic_filebuf@DU?$char_traits@D@std@@@std@@UAEXXZ 10014cc0 f i client_config.cpp.obj
 0001:00013cd0       ?_Xran@?$_String_val@U?$_Simple_types@D@std@@@std@@SAXXZ 10014cd0 f i client_config.cpp.obj
 0001:00013ce0       ?_Xran@?$basic_string_view@DU?$char_traits@D@std@@@std@@CAXXZ 10014ce0 f i client_config.cpp.obj
 0001:00015de0       ?assign@?$basic_string@DU?$char_traits@D@std@@V?$allocator@D@2@@std@@QAEAAV12@$$QAV12@@Z 10016de0 f i client_config.cpp.obj
 0001:00015e30       ?clear@ios_base@std@@QAEXH@Z 10016e30 f i client_config.cpp.obj
 0001:00015e90       ?data@config@ext_client@@YAAAUsettings@12@XZ 10016e90 f   client_config.cpp.obj
 0001:00015ea0       ?default_error_condition@error_category@std@@UBE?AVerror_condition@2@H@Z 10016ea0 f i client_config.cpp.obj
 0001:00015eb0       ?do_always_noconv@?$codecvt@DDU_Mbstatet@@@std@@MBE_NXZ 10016eb0 f i client_config.cpp.obj
 0001:00015eb0       ___acrt_uninitialize_command_line 10016eb0 f i libucrt:argv_data.obj
 0001:00015ec0       ?do_decimal_point@?$numpunct@D@std@@MBEDXZ 10016ec0 f i client_config.cpp.obj
 0001:00015ed0       ?do_encoding@codecvt_base@std@@MBEHXZ 10016ed0 f i client_config.cpp.obj
 0001:00015ed0       ?do_max_length@codecvt_base@std@@MBEHXZ 10016ed0 f i client_config.cpp.obj
 0001:00015ee0       ?do_falsename@?$numpunct@D@std@@MBE?AV?$basic_string@DU?$char_traits@D@std@@V?$allocator@D@2@@2@XZ 10016ee0 f i client_config.cpp.obj
 0001:00015f20       ?do_grouping@?$numpunct@D@std@@MBE?AV?$basic_string@DU?$char_traits@D@std@@V?$allocator@D@2@@2@XZ 10016f20 f i client_config.cpp.obj
 0001:00015f60       ?do_in@?$codecvt@DDU_Mbstatet@@@std@@MBEHAAU_Mbstatet@@PBD1AAPBDPAD3AAPAD@Z 10016f60 f i client_config.cpp.obj
 0001:00015f60       ?do_out@?$codecvt@DDU_Mbstatet@@@std@@MBEHAAU_Mbstatet@@PBD1AAPBDPAD3AAPAD@Z 10016f60 f i client_config.cpp.obj
 0001:00015f80       ?do_length@?$codecvt@DDU_Mbstatet@@@std@@MBEHAAU_Mbstatet@@PBD1I@Z 10016f80 f i client_config.cpp.obj
 0001:00015fa0       ?do_narrow@?$ctype@D@std@@MBEDDD@Z 10016fa0 f i client_config.cpp.obj
 0001:00015fb0       ?do_narrow@?$ctype@D@std@@MBEPBDPBD0DPAD@Z 10016fb0 f i client_config.cpp.obj
 0001:00015fd0       ?do_put@?$num_put@DV?$ostreambuf_iterator@DU?$char_traits@D@std@@@std@@@std@@MBE?AV?$ostreambuf_iterator@DU?$char_traits@D@std@@@2@V32@AAVios_base@2@DJ@Z 10016fd0 f i client_config.cpp.obj
 0001:000160a0       ?do_put@?$num_put@DV?$ostreambuf_iterator@DU?$char_traits@D@std@@@std@@@std@@MBE?AV?$ostreambuf_iterator@DU?$char_traits@D@std@@@2@V32@AAVios_base@2@DK@Z 100170a0 f i client_config.cpp.obj
 0001:00016170       ?do_put@?$num_put@DV?$ostreambuf_iterator@DU?$char_traits@D@std@@@std@@@std@@MBE?AV?$ostreambuf_iterator@DU?$char_traits@D@std@@@2@V32@AAVios_base@2@DN@Z 10017170 f i client_config.cpp.obj
 0001:00016350       ?do_put@?$num_put@DV?$ostreambuf_iterator@DU?$char_traits@D@std@@@std@@@std@@MBE?AV?$ostreambuf_iterator@DU?$char_traits@D@std@@@2@V32@AAVios_base@2@DO@Z 10017350 f i client_config.cpp.obj
 0001:00016530       ?do_put@?$num_put@DV?$ostreambuf_iterator@DU?$char_traits@D@std@@@std@@@std@@MBE?AV?$ostreambuf_iterator@DU?$char_traits@D@std@@@2@V32@AAVios_base@2@DPBX@Z 10017530 f i client_config.cpp.obj
 0001:000165a0       ?do_put@?$num_put@DV?$ostreambuf_iterator@DU?$char_traits@D@std@@@std@@@std@@MBE?AV?$ostreambuf_iterator@DU?$char_traits@D@std@@@2@V32@AAVios_base@2@D_J@Z 100175a0 f i client_config.cpp.obj
 0001:00016680       ?do_put@?$num_put@DV?$ostreambuf_iterator@DU?$char_traits@D@std@@@std@@@std@@MBE?AV?$ostreambuf_iterator@DU?$char_traits@D@std@@@2@V32@AAVios_base@2@D_K@Z 10017680 f i client_config.cpp.obj
 0001:00016760       ?do_put@?$num_put@DV?$ostreambuf_iterator@DU?$char_traits@D@std@@@std@@@std@@MBE?AV?$ostreambuf_iterator@DU?$char_traits@D@std@@@2@V32@AAVios_base@2@D_N@Z 10017760 f i client_config.cpp.obj
 0001:00016990       ?do_thousands_sep@?$numpunct@D@std@@MBEDXZ 10017990 f i client_config.cpp.obj
 0001:000169a0       ?do_tolower@?$ctype@D@std@@MBEDD@Z 100179a0 f i client_config.cpp.obj
 0001:000169c0       ?do_tolower@?$ctype@D@std@@MBEPBDPADPBD@Z 100179c0 f i client_config.cpp.obj
 0001:000169f0       ?do_toupper@?$ctype@D@std@@MBEDD@Z 100179f0 f i client_config.cpp.obj
 0001:00016a10       ?do_toupper@?$ctype@D@std@@MBEPBDPADPBD@Z 10017a10 f i client_config.cpp.obj
 0001:00016a40       ?do_truename@?$numpunct@D@std@@MBE?AV?$basic_string@DU?$char_traits@D@std@@V?$allocator@D@2@@2@XZ 10017a40 f i client_config.cpp.obj
 0001:00016a80       ?do_unshift@?$codecvt@DDU_Mbstatet@@@std@@MBEHAAU_Mbstatet@@PAD1AAPAD@Z 10017a80 f i client_config.cpp.obj
 0001:00016aa0       ?do_widen@?$ctype@D@std@@MBEDD@Z 10017aa0 f i client_config.cpp.obj
 0001:00016ab0       ?do_widen@?$ctype@D@std@@MBEPBDPBD0PAD@Z 10017ab0 f i client_config.cpp.obj
 0001:00016b90       ?equivalent@error_category@std@@UBE_NABVerror_code@2@H@Z 10017b90 f i client_config.cpp.obj
 0001:00016bc0       ?equivalent@error_category@std@@UBE_NHABVerror_condition@2@@Z 10017bc0 f i client_config.cpp.obj
 0001:00016c00       ?flush@?$basic_ostream@DU?$char_traits@D@std@@@std@@QAEAAV12@XZ 10017c00 f i client_config.cpp.obj
 0001:00016d70       ?imbue@?$basic_filebuf@DU?$char_traits@D@std@@@std@@MAEXABVlocale@2@@Z 10017d70 f i client_config.cpp.obj
 0001:00016d90       ?imbue@?$basic_streambuf@DU?$char_traits@D@std@@@std@@MAEXABVlocale@2@@Z 10017d90 f i client_config.cpp.obj
 0001:00016da0       ?init@?$basic_ios@DU?$char_traits@D@std@@@std@@IAEXPAV?$basic_streambuf@DU?$char_traits@D@std@@@2@_N@Z 10017da0 f i client_config.cpp.obj
 0001:00016f20       ?load@config@ext_client@@YA_NXZ 10017f20 f   client_config.cpp.obj
 0001:00017580       ?make_error_code@std@@YA?AVerror_code@1@W4io_errc@1@@Z 10018580 f i client_config.cpp.obj
 0001:000175a0       ?mark_dirty@config@ext_client@@YAXXZ 100185a0 f   client_config.cpp.obj
 0001:000175c0       ?message@_Iostream_error_category2@std@@UBE?AV?$basic_string@DU?$char_traits@D@std@@V?$allocator@D@2@@2@H@Z 100185c0 f i client_config.cpp.obj
 0001:00017690       ?name@_Iostream_error_category2@std@@UBEPBDXZ 10018690 f i client_config.cpp.obj
 0001:000176a0       ?open@?$basic_filebuf@DU?$char_traits@D@std@@@std@@QAEPAV12@PBDHH@Z 100186a0 f i client_config.cpp.obj
 0001:00017760       ?overflow@?$basic_filebuf@DU?$char_traits@D@std@@@std@@MAEHH@Z 10018760 f i client_config.cpp.obj
 0001:000178e0       ?overflow@?$basic_streambuf@DU?$char_traits@D@std@@@std@@MAEHH@Z 100188e0 f i client_config.cpp.obj
 0001:000178e0       ?pbackfail@?$basic_streambuf@DU?$char_traits@D@std@@@std@@MAEHH@Z 100188e0 f i client_config.cpp.obj
 0001:000179d0       ?path@config@ext_client@@YAPBDXZ 100189d0 f   client_config.cpp.obj
 0001:000179e0       ?pbackfail@?$basic_filebuf@DU?$char_traits@D@std@@@std@@MAEHH@Z 100189e0 f i client_config.cpp.obj
 0001:00017a90       ?save@config@ext_client@@YA_NXZ 10018a90 f   client_config.cpp.obj
 0001:000191f0       ?seekoff@?$basic_filebuf@DU?$char_traits@D@std@@@std@@MAE?AV?$fpos@U_Mbstatet@@@2@_JHH@Z 1001a1f0 f i client_config.cpp.obj
 0001:000192d0       ?seekoff@?$basic_streambuf@DU?$char_traits@D@std@@@std@@MAE?AV?$fpos@U_Mbstatet@@@2@_JHH@Z 1001a2d0 f i client_config.cpp.obj
 0001:00019300       ?seekpos@?$basic_filebuf@DU?$char_traits@D@std@@@std@@MAE?AV?$fpos@U_Mbstatet@@@2@V32@H@Z 1001a300 f i client_config.cpp.obj
 0001:000193d0       ?seekpos@?$basic_streambuf@DU?$char_traits@D@std@@@std@@MAE?AV?$fpos@U_Mbstatet@@@2@V32@H@Z 1001a3d0 f i client_config.cpp.obj
 0001:00019400       ?setbuf@?$basic_filebuf@DU?$char_traits@D@std@@@std@@MAEPAV?$basic_streambuf@DU?$char_traits@D@std@@@2@PAD_J@Z 1001a400 f i client_config.cpp.obj
 0001:00019450       ?setbuf@?$basic_streambuf@DU?$char_traits@D@std@@@std@@MAEPAV12@PAD_J@Z 1001a450 f i client_config.cpp.obj
 0001:00019460       ?showmanyc@?$basic_streambuf@DU?$char_traits@D@std@@@std@@MAE_JXZ 1001a460 f i client_config.cpp.obj
 0001:00019470       ?snextc@?$basic_streambuf@DU?$char_traits@D@std@@@std@@QAEHXZ 1001a470 f i client_config.cpp.obj
 0001:000194e0       ?substr@?$basic_string_view@DU?$char_traits@D@std@@@std@@QBE?AV12@II@Z 1001a4e0 f i client_config.cpp.obj
 0001:00019520       ?sync@?$basic_filebuf@DU?$char_traits@D@std@@@std@@MAEHXZ 1001a520 f i client_config.cpp.obj
 0001:00019550       ?sync@?$basic_streambuf@DU?$char_traits@D@std@@@std@@MAEHXZ 1001a550 f i client_config.cpp.obj
 0001:00019560       ?sync_to_runtime@config@ext_client@@YAXXZ 1001a560 f   client_config.cpp.obj
 0001:00019570       ?uflow@?$basic_filebuf@DU?$char_traits@D@std@@@std@@MAEHXZ 1001a570 f i client_config.cpp.obj
 0001:000198c0       ?uflow@?$basic_streambuf@DU?$char_traits@D@std@@@std@@MAEHXZ 1001a8c0 f i client_config.cpp.obj
 0001:000198f0       ?underflow@?$basic_filebuf@DU?$char_traits@D@std@@@std@@MAEHXZ 1001a8f0 f i client_config.cpp.obj
 0001:00019930       ?underflow@?$basic_streambuf@DU?$char_traits@D@std@@@std@@MAEHXZ 1001a930 f i client_config.cpp.obj
 0001:00019940       ?xsgetn@?$basic_filebuf@DU?$char_traits@D@std@@@std@@MAE_JPAD_J@Z 1001a940 f i client_config.cpp.obj
 0001:00019b10       ?xsgetn@?$basic_streambuf@DU?$char_traits@D@std@@@std@@MAE_JPAD_J@Z 1001ab10 f i client_config.cpp.obj
 0001:00019be0       ?xsputn@?$basic_filebuf@DU?$char_traits@D@std@@@std@@MAE_JPBD_J@Z 1001abe0 f i client_config.cpp.obj
 0001:00019da0       ?xsputn@?$basic_streambuf@DU?$char_traits@D@std@@@std@@MAE_JPBD_J@Z 1001ada0 f i client_config.cpp.obj
 0001:00019e80       _sprintf_s                 1001ae80 f i client_config.cpp.obj
 0001:0001a270       ?from_imgui@color@utils@ext_client@@YAII@Z 1001b270 f i menu.cpp.obj
 0001:0001a2a0       ?is_visible@menu@ext_client@@YA_NXZ 1001b2a0 f   menu.cpp.obj
 0001:0001a2b0       ?on_create@menu@ext_client@@YAXPAUHWND__@@PAUIDirect3DDevice9@@@Z 1001b2b0 f   menu.cpp.obj
 0001:0001a370       ?render@menu@ext_client@@YAXXZ 1001b370 f   menu.cpp.obj
 0001:0001a650       ?set_visible@menu@ext_client@@YAX_N@Z 1001b650 f   menu.cpp.obj
 0001:0001a6a0       ?shutdown@menu@ext_client@@YAXXZ 1001b6a0 f   menu.cpp.obj
 0001:0001a6d0       ?checkbox_column@ui@menu@ext_client@@YA_NPA_NPBD01@Z 1001b6d0 f   menu_ui.cpp.obj
 0001:0001a720       ?checkbox_setting@ui@menu@ext_client@@YA_NPBDPA_N_N@Z 1001b720 f   menu_ui.cpp.obj
 0001:0001a750       ?setting_changed@ui@menu@ext_client@@YAX_N@Z 1001b750 f   menu_ui.cpp.obj
 0001:0001a770       ?draw@config_panel@menu@ext_client@@YAXXZ 1001b770 f   config_panel.cpp.obj
 0001:0001b340       ??$_Allocate_at_least_helper@V?$allocator@Uwidget_info@cif_manager@ext_client@@@std@@@std@@YAPAUwidget_info@cif_manager@ext_client@@AAV?$allocator@Uwidget_info@cif_manager@ext_client@@@0@AAI@Z 1001c340 f i widget_inspector.cpp.obj
 0001:0001b3a0       ??$_Emplace_reallocate@ABQAVcgwnd@@@?$vector@PAVcgwnd@@V?$allocator@PAVcgwnd@@@std@@@std@@AAEPAPAVcgwnd@@QAPAV2@ABQAV2@@Z 1001c3a0 f i widget_inspector.cpp.obj
 0001:0001b510       ??$_Find_last@H@?$_Hash@V?$_Umap_traits@HUentry@ui_res_catalog@utils@ext_client@@V?$_Uhash_compare@HU?$hash@H@std@@U?$equal_to@H@2@@std@@V?$allocator@U?$pair@$$CBHUentry@ui_res_catalog@utils@ext_client@@@std@@@6@$0A@@std@@@std@@IBE?AU?$_Hash_find_last_result@PAU?$_List_node@U?$pair@$$CBHUentry@ui_res_catalog@utils@ext_client@@@std@@PAX@std@@@1@ABHI@Z 1001c510 f i ui_res_catalog.cpp.obj
[...]
 0003:00002bf0       ?last_log@?L@??tick@version_check@hooks@ext_client@@YAXXZ@4IA 100dcbf0     version_check_hook.cpp.obj
 0003:00002bf4       ?g_running@?A0x854ad4f5@loading_splash_overlay@hooks@ext_client@@3U?$atomic@_N@std@@A 100dcbf4     loading_splash_overlay.cpp.obj
 0003:00002bf8       ?g_thread@?A0x854ad4f5@loading_splash_overlay@hooks@ext_client@@3PAXA 100dcbf8     loading_splash_overlay.cpp.obj
 0003:00002bfc       ?g_stop_event@?A0x854ad4f5@loading_splash_overlay@hooks@ext_client@@3PAXA 100dcbfc     loading_splash_overlay.cpp.obj
 0003:00002c00       ?g_hwnd@?A0x854ad4f5@loading_splash_overlay@hooks@ext_client@@3PAUHWND__@@A 100dcc00     loading_splash_overlay.cpp.obj
 0003:00002c04       ?g_owner@?A0x854ad4f5@loading_splash_overlay@hooks@ext_client@@3PAUHWND__@@A 100dcc04     loading_splash_overlay.cpp.obj
 0003:00002c08       ?g_gdiplus@?A0x854ad4f5@loading_splash_overlay@hooks@ext_client@@3KA 100dcc08     loading_splash_overlay.cpp.obj
 0003:00002c18       ?g_logo_baselines@?A0xf7fb837e@title@hooks@ext_client@@3V?$vector@Ulogo_baseline_entry@?A0xf7fb837e@title@hooks@ext_client@@V?$allocator@Ulogo_baseline_entry@?A0xf7fb837e@title@hooks@ext_client@@@std@@@std@@A 100dcc18     title_hook.cpp.obj
 0003:00002c24       ?g_hooks@?A0xf7fb837e@title@hooks@ext_client@@3Vhook_group@utils@4@A 100dcc24     title_hook.cpp.obj
 0003:00002c30       ?g_data_version_label@?A0xf7fb837e@title@hooks@ext_client@@3PAVcif_static@@A 100dcc30     title_hook.cpp.obj
 0003:00002c34       ?g_exe_version_label@?A0xf7fb837e@title@hooks@ext_client@@3PAVcif_static@@A 100dcc34     title_hook.cpp.obj
 0003:00002c38       ?g_bound_title@?A0xf7fb837e@title@hooks@ext_client@@3PAVcps_title@@A 100dcc38     title_hook.cpp.obj
 0003:00002c3c       ?g_last_active_child@?A0xf7fb837e@title@hooks@ext_client@@3PAXA 100dcc3c     title_hook.cpp.obj
 0003:00002c40       ?g_saw_title@?A0xf7fb837e@title@hooks@ext_client@@3_NA 100dcc40     title_hook.cpp.obj
 0003:00002c41       ?g_auto_login_done@?A0xf7fb837e@title@hooks@ext_client@@3_NA 100dcc41     title_hook.cpp.obj
 0003:00002c44       ?g_enforce_counter@?A0xf7fb837e@title@hooks@ext_client@@3IA 100dcc44     title_hook.cpp.obj
 0003:00002c48       ?g_last_hid_channel_list_btn@?A0xf7fb837e@title@hooks@ext_client@@3PAXA 100dcc48     title_hook.cpp.obj
 0003:00002c4c       ?g_cached_channel_list_btn@?A0xf7fb837e@title@hooks@ext_client@@3PAVcgwnd@@A 100dcc4c     title_hook.cpp.obj
 0003:00002c50       ?g_cached_channel_list_title@?A0xf7fb837e@title@hooks@ext_client@@3PAVcps_title@@A 100dcc50     title_hook.cpp.obj
 0003:00002c54       ?g_on_create@?A0xf7fb837e@title@hooks@ext_client@@3V?$make_hook@$0A@DPAVcps_title@@H@utils@4@A 100dcc54     title_hook.cpp.obj
 0003:00002c64       ?g_on_msg_recv@?A0xf7fb837e@title@hooks@ext_client@@3V?$make_hook@$0A@HPAVcps_title@@PAVcmsg_stream_buffer@@@utils@4@A 100dcc64     title_hook.cpp.obj
 0003:00002c78       ?g_hooks@?A0x00161d05@character_select@hooks@ext_client@@3Vhook_group@utils@4@A 100dcc78     character_select_hook.cpp.obj
 0003:00002c84       ?g_on_enter_msg@?A0x00161d05@character_select@hooks@ext_client@@3V?$make_hook@$0A@HPAVcps_character_select@@PAUcprocess_msg@@@utils@4@A 100dcc84     character_select_hook.cpp.obj
 0003:00002c94       ?g_on_slot_change@?A0x00161d05@character_select@hooks@ext_client@@3V?$make_hook@$0A@HPAVcps_character_select@@HH@utils@4@A 100dcc94     character_select_hook.cpp.obj
 0003:00002ca4       ?g_on_msg_recv@?A0x00161d05@character_select@hooks@ext_client@@3V?$make_hook@$0A@HPAVcps_character_select@@PAVcmsg_stream_buffer@@@utils@4@A 100dcca4     character_select_hook.cpp.obj
 0003:00002cb4       ?g_on_update@?A0x00161d05@character_select@hooks@ext_client@@3V?$make_hook@$0A@HPAVcps_character_select@@@utils@4@A 100dccb4     character_select_hook.cpp.obj
 0003:00002cc4       ?g_greeting_target_entity@?A0x00161d05@character_select@hooks@ext_client@@3PAVcic_deco_character@@A 100dccc4     character_select_hook.cpp.obj
 0003:00002cc8       ?g_cached_logout_times@?A0x00161d05@character_select@hooks@ext_client@@3V?$array@I$0BA@@std@@A 100dccc8     character_select_hook.cpp.obj
 0003:00002d08       ?g_cached_logout_valid@?A0x00161d05@character_select@hooks@ext_client@@3V?$array@_N$0BA@@std@@A 100dcd08     character_select_hook.cpp.obj
 0003:00002d18       ?g_incoming_override@?A0xff27e9e4@packet@hooks@ext_client@@3Uoverride_rule@1234@A 100dcd18     packet_hook.cpp.obj
 0003:00002d28       ?g_outgoing_override@?A0xff27e9e4@packet@hooks@ext_client@@3Uoverride_rule@1234@A 100dcd28     packet_hook.cpp.obj
 0003:00002d38       ?g_hooks@?A0xff27e9e4@packet@hooks@ext_client@@3Vhook_group@utils@4@A 100dcd38     packet_hook.cpp.obj
 0003:00002d44       ?g_from_wire@?A0xff27e9e4@packet@hooks@ext_client@@3V?$make_hook@$0A@PAVcmsg_stream_buffer@@PAV1@GPADHH@utils@4@A 100dcd44     packet_hook.cpp.obj
 0003:00002d54       ?g_stream_dispatch@?A0xff27e9e4@packet@hooks@ext_client@@3V?$make_hook@$0A@HPAXPAVcmsg_stream_buffer@@@utils@4@A 100dcd54     packet_hook.cpp.obj
 0003:00002d64       ?g_send_from_buffer@?A0xff27e9e4@packet@hooks@ext_client@@3V?$make_hook@$01PAXPAVcmsg_stream_buffer@@@utils@4@A 100dcd64     packet_hook.cpp.obj
 0003:00002d74       ?g_cmsg_dispatch@?A0xff27e9e4@packet@hooks@ext_client@@3V?$make_hook@$0A@HPAXPAVcmsg@@@utils@4@A 100dcd74     packet_hook.cpp.obj
 0003:00002d84       ?g_send_pool_buffer@?A0xff27e9e4@packet@hooks@ext_client@@3V?$make_hook@$00HHHPAVcmsg@@@utils@4@A 100dcd84     packet_hook.cpp.obj
 0003:00002d94       ?g_hooks@?A0xf10e97a8@interface_hide@hooks@ext_client@@3Vhook_group@utils@4@A 100dcd94     interface_hide_hook.cpp.obj
 0003:00002da0       ?g_config_mask@?A0xf10e97a8@interface_hide@hooks@ext_client@@3IA 100dcda0     interface_hide_hook.cpp.obj
 0003:00002da4       ?g_applied_mask@?A0xf10e97a8@interface_hide@hooks@ext_client@@3IA 100dcda4     interface_hide_hook.cpp.obj
 0003:00002da8       ?g_promo_saw_ingame@?A0xf10e97a8@interface_hide@hooks@ext_client@@3_NA 100dcda8     interface_hide_hook.cpp.obj
 0003:00002da9       ?g_survey_saw_ingame@?A0xf10e97a8@interface_hide@hooks@ext_client@@3_NA 100dcda9     interface_hide_hook.cpp.obj
 0003:00002daa       ?g_survey_logged_resolve_miss@?A0xf10e97a8@interface_hide@hooks@ext_client@@3_NA 100dcdaa     interface_hide_hook.cpp.obj
 0003:00002dac       ?g_promo_enforce_counter@?A0xf10e97a8@interface_hide@hooks@ext_client@@3IA 100dcdac     interface_hide_hook.cpp.obj
 0003:00002db0       ?g_on_create@?A0xf10e97a8@interface_hide@hooks@ext_client@@3V?$make_hook@$0A@HPAVcnif_sro_ingame_start@@HH@utils@4@A 100dcdb0     interface_hide_hook.cpp.obj
 0003:00002dc0       ?g_try_show_panel@?A0xf10e97a8@interface_hide@hooks@ext_client@@3V?$make_hook@$01D$$V@utils@4@A 100dcdc0     interface_hide_hook.cpp.obj
 0003:00002dd0       ?g_arm_show_survey@?A0xf10e97a8@interface_hide@hooks@ext_client@@3V?$make_hook@$0A@HPAVcnif_sro_ingame_start@@@utils@4@A 100dcdd0     interface_hide_hook.cpp.obj
 0003:00002de0       ?g_survey_enforce_counter@?A0xf10e97a8@interface_hide@hooks@ext_client@@3IA 100dcde0     interface_hide_hook.cpp.obj
 0003:00002de4       ?g_hooks@?A0x451a554e@welcome_msg@hooks@ext_client@@3Vhook_group@utils@4@A 100dcde4     welcome_msg_hook.cpp.obj
 0003:00002df0       ?g_show_notice@?A0x451a554e@welcome_msg@hooks@ext_client@@3V?$make_hook@$0A@HPAXPBX@utils@4@A 100dcdf0     welcome_msg_hook.cpp.obj
 0003:00002e00       ?g_hooks@?A0x5200eb56@sight_range@hooks@ext_client@@3Vhook_group@utils@4@A 100dce00     sight_range_hook.cpp.obj
 0003:00002e0c       ?g_set_graphics_option@?A0x5200eb56@sight_range@hooks@ext_client@@3V?$make_hook@$0A@HPAXIH@utils@4@A 100dce0c     sight_range_hook.cpp.obj
 0003:00002e1c       ?g_hooks@?A0x2ddca29b@intro@hooks@ext_client@@3Vhook_group@utils@4@A 100dce1c     intro_hook.cpp.obj
 0003:00002e28       ?g_intro_render_pipeline_ready@?A0x2ddca29b@intro@hooks@ext_client@@3_NA 100dce28     intro_hook.cpp.obj
 0003:00002e2c       ?g_load_intro_camera@?A0x2ddca29b@intro@hooks@ext_client@@3V?$make_hook@$01HHHD@utils@4@A 100dce2c     intro_hook.cpp.obj
 0003:00002e3c       ?g_hooks@?A0xf05e866d@quest@hooks@ext_client@@3Vhook_group@utils@4@A 100dce3c     quest_hook.cpp.obj
 0003:00002e48       ?g_get_quest_definition@?A0xf05e866d@quest@hooks@ext_client@@3V?$make_hook@$0A@PAXPAXI@utils@4@A 100dce48     quest_hook.cpp.obj
 0003:00002e58       ?dummy_quest_def@?4??get_quest_definition_detour@?A0xf05e866d@quest@hooks@ext_client@@YIPAXPAX0I@Z@4PADA 100dce58     quest_hook.cpp.obj
 0003:00003258       ?g_hooks@?A0xbf585c9a@assertion@hooks@ext_client@@3Vhook_group@utils@4@A 100dd258     assert_hook.cpp.obj
 0003:00003264       ?g_assert_report@?A0xbf585c9a@assertion@hooks@ext_client@@3V?$make_hook@$01_NHPBDPBDF@utils@4@A 100dd264     assert_hook.cpp.obj
 0003:00003278       ?g_entries@?A0x305d6d12@net_manager@ext_client@@3V?$vector@Uentry@net_manager@ext_client@@V?$allocator@Uentry@net_manager@ext_client@@@std@@@std@@A 100dd278     net_manager.cpp.obj
 0003:00003284       ?g_incoming@?A0x305d6d12@net_manager@ext_client@@3V?$vector@Uhandler_entry@?A0x305d6d12@net_manager@ext_client@@V?$allocator@Uhandler_entry@?A0x305d6d12@net_manager@ext_client@@@std@@@std@@A 100dd284     net_manager.cpp.obj
 0003:00003290       ?g_outgoing@?A0x305d6d12@net_manager@ext_client@@3V?$vector@Uhandler_entry@?A0x305d6d12@net_manager@ext_client@@V?$allocator@Uhandler_entry@?A0x305d6d12@net_manager@ext_client@@@std@@@std@@A 100dd290     net_manager.cpp.obj
 0003:0000329c       ?g_log_file@?A0x305d6d12@net_manager@ext_client@@3PAU_iobuf@@A 100dd29c     net_manager.cpp.obj
 0003:000032a0       ?g_active_log_path@?A0x305d6d12@net_manager@ext_client@@3PADA 100dd2a0     net_manager.cpp.obj
 0003:000033a8       ?g_hex_editor@?A0x29845bb1@packet_inspector@menu@ext_client@@3PADA 100dd3a8     packet_inspector.cpp.obj
 0003:000053a8       ?g_send_payload@?A0x29845bb1@packet_inspector@menu@ext_client@@3PADA 100df3a8     packet_inspector.cpp.obj
 0003:000054a8       ?g_selected_id@?A0x29845bb1@packet_inspector@menu@ext_client@@3IA 100df4a8     packet_inspector.cpp.obj
 0003:000054ac       ?g_apply_override_all@?A0x29845bb1@packet_inspector@menu@ext_client@@3_NA 100df4ac     packet_inspector.cpp.obj
 0003:000054b0       ?last_rows_count@?1??draw_packet_table@?A0x29845bb1@packet_inspector@menu@ext_client@@YAXXZ@4IA 100df4b0     packet_inspector.cpp.obj
 0003:000054b4       ?last_follow_latest@?1??draw_packet_table@?A0x29845bb1@packet_inspector@menu@ext_client@@YAXXZ@4_NA 100df4b4     packet_inspector.cpp.obj
 0003:000054b8       ?g_settings@?A0x61886c3c@config@ext_client@@3Usettings@23@A 100df4b8     client_config.cpp.obj
 0003:00005a10       ?g_path@?A0x61886c3c@config@ext_client@@3PADA 100dfa10     client_config.cpp.obj
 0003:00005b14       ?g_dirty@?A0x61886c3c@config@ext_client@@3_NA 100dfb14     client_config.cpp.obj
 0003:00005b15       ?g_path_ready@?A0x61886c3c@config@ext_client@@3_NA 100dfb15     client_config.cpp.obj
 0003:00005b3c       ?g_initialized@?A0xc1be1fcc@menu@ext_client@@3_NA 100dfb3c     menu.cpp.obj
 0003:00005b3d       ?g_visible@?A0xc1be1fcc@menu@ext_client@@3_NA 100dfb3d     menu.cpp.obj
 0003:00005b40       ?g_capture_input_frames@?A0xc1be1fcc@menu@ext_client@@3HA 100dfb40     menu.cpp.obj
 0003:00005b48       ?s@?1??state@?A0x8b7ff91a@widget_inspector@menu@ext_client@@YA@XZ@4Uinspector_state@2345@A 100dfb48     widget_inspector.cpp.obj
 0003:00005e84       ?$TSS0@?1??state@?A0x8b7ff91a@widget_inspector@menu@ext_client@@YA@XZ@4HA 100dfe84     widget_inspector.cpp.obj
 0003:00005e88       ?g_rtti_name_cache@?A0xfb3e7e6e@@3V?$unordered_map@IV?$basic_string@DU?$char_traits@D@std@@V?$allocator@D@2@@std@@U?$hash@I@2@U?$equal_to@I@2@V?$allocator@U?$pair@$$CBIV?$basic_string@DU?$char_traits@D@std@@V?$allocator@D@2@@std@@@std@@@2@@std@@A 100dfe88     cif_manager.cpp.obj
 0003:00005ea8       ?g_pstitle@?A0x068dedbf@ui_res_catalog@utils@ext_client@@3Ucatalog_state@1234@A 100dfea8     ui_res_catalog.cpp.obj
 0003:00005ef0       ?g_character_select@?A0x068dedbf@ui_res_catalog@utils@ext_client@@3Ucatalog_state@1234@A 100dfef0     ui_res_catalog.cpp.obj
 0003:00005f38       ?g_current_instance@?A0xfa9cbb29@@3PAVcps_version_check@@A 100dff38     cps_version_check.cpp.obj
 0003:00005f3c       ?g_current_instance@?A0x712cdf8e@@3PAVcps_title@@A 100dff3c     cps_title.cpp.obj
 0003:00005f40       ?g_current_instance@?A0xe17eba11@@3PAVcps_character_select@@A 100dff40     cps_character_select.cpp.obj
 0003:00005f44       ?g_current_instance@?A0x5e78e2d4@@3PAVcalarm_guide_mgr_wnd@@A 100dff44     calarm_guide_mgr_wnd.cpp.obj
 0003:00005f48       ?g_cached_resolve@?A0x5e78e2d4@@3PAVcalarm_guide_mgr_wnd@@A 100dff48     calarm_guide_mgr_wnd.cpp.obj
 0003:00005f4c       ?g_cached_start_panel@?A0xb9fc1dce@@3PAVcnif_sro_ingame_start@@A 100dff4c     cnif_sro_ingame_start.cpp.obj
 0003:00005f50       ?g_cached_survey_button@?A0xb9fc1dce@@3PAVcgwnd@@A 100dff50     cnif_sro_ingame_start.cpp.obj
 0003:00005f54       ?ptr@?1??cached_active_child@process_manager@utils@ext_client@@YAAAPAXXZ@4PAXA 100dff54     process_manager.cpp.obj
 0003:00005f74       ?GImAllocatorUserData@@3PAXA 100dff74     imgui.cpp.obj
 0003:00005f78       ?io@?1??ImFontAtlasGetBuilderForStbTruetype@@YAPBUImFontBuilderIO@@XZ@4U2@A 100dff78     imgui_draw.cpp.obj
 0003:00005f7c       ?stb__barrier_out_e@@3PAEA 100dff7c     imgui_draw.cpp.obj
 0003:00005f80       ?stb__barrier_out_b@@3PAEA 100dff80     imgui_draw.cpp.obj
 0003:00005f84       ?stb__barrier_in_b@@3PBEB  100dff84     imgui_draw.cpp.obj
 0003:00005f88       ?stb__dout@@3PAEA          100dff88     imgui_draw.cpp.obj
 0003:00005f98       ?freq_cached@?1??_Query_perf_frequency@@9@4U?$atomic@_J@std@@A 100dff98     libcpmt:xtime.obj
 0003:00005fa0       ?initlocks@std@@3V_Init_locks@1@A 100dffa0     libcpmt:xlock.obj
 0003:00005fa8       ?mtx@std@@3PAU_RTL_CRITICAL_SECTION@@A 100dffa8     libcpmt:xlock.obj
 0003:00006084       ?classic_locale@std@@3Vlocale@1@A 100e0084     libcpmt:locale0.obj
 0003:0000608c       ?_Fac_head@std@@3PAU_Fac_node@1@A 100e008c     libcpmt:locale0.obj
 0003:00006090       ?_Fac_tidy_reg@std@@3U_Fac_tidy_reg_t@1@B 100e0090     libcpmt:locale0.obj
 0003:00006094       _global_locale             100e0094     libcpmt:locale0.obj
 0003:00006098       ?registered@?1??_Setgloballocale@locale@std@@CAXPAX@Z@4_NA 100e0098     libcpmt:locale0.obj
 0003:000060a0       ?stdstr@std@@3PAPAVios_base@1@A 100e00a0     libcpmt:ios.obj
 0003:000060c8       ?stdopens@std@@3PADA       100e00c8     libcpmt:ios.obj
 0003:000060d4       ?__KERNEL32Function_GetSystemTimePreciseAsFileTime@?A0x995b63b9@@3P6GXPAU_FILETIME@@@ZA 100e00d4     libcpmt:winapisupp.obj
 0003:000060d8       ?__KERNEL32Function_GetTempPath2W@?A0x995b63b9@@3P6GKKPA_W@ZA 100e00d8     libcpmt:winapisupp.obj
 0003:00006100       ?initlocks@std@@3V_Init_locks@1@A 100e0100     libcpmt:iosptrs.obj
 0003:00006101       ?init_atexit@@3U_Init_atexit@@A 100e0101     libcpmt:iosptrs.obj
 0003:00006104       ?atfuns_cdecl@@3PAP6AXXZA  100e0104     libcpmt:iosptrs.obj
 0003:000061ac       ?is_initialized_as_dll@@3_NA 100e01ac     LIBCMT:utility.obj
 0003:000061ad       ?module_local_atexit_table_initialized@@3_NA 100e01ad     LIBCMT:utility.obj
 0003:000061b0       ?module_local_atexit_table@@3U_onexit_table_t@@A 100e01b0     LIBCMT:utility.obj
 0003:000061bc       ?module_local_at_quick_exit_table@@3U_onexit_table_t@@A 100e01bc     LIBCMT:utility.obj
 0003:000061cc       ?g_tss_cv@@3U_RTL_CONDITION_VARIABLE@@A 100e01cc     LIBCMT:thread_safe_statics.obj
 0003:000061d0       ?g_tss_srw@@3U_RTL_SRWLOCK@@A 100e01d0     LIBCMT:thread_safe_statics.obj
 0003:000061d8       _GS_ExceptionRecord        100e01d8     LIBCMT:gs_report.obj
 0003:00006228       _GS_ContextRecord          100e0228     LIBCMT:gs_report.obj
 0003:000064f4       ?__proc_attached@@3HA      100e04f4     LIBCMT:dll_dllmain.obj
 0003:00006514       ?__vcrt_startup_thread_ptd@@3U__vcrt_ptd@@A 100e0514     libvcruntime:per_thread_data.obj
 0003:00006540       ___vcrt_lock_table         100e0540     libvcruntime:locks.obj
 0003:00006558       ___vcrt_locks_initialized  100e0558     libvcruntime:locks.obj
 0003:0000655c       ?module_handles@@3PAPAUHINSTANCE__@@A 100e055c     libvcruntime:winapi_downlevel.obj
 0003:00006568       ?function_pointers@@3PAPAXA 100e0568     libvcruntime:winapi_downlevel.obj
 0003:0000657c       ?__acrt_invalid_parameter_handler@@3V?$dual_state_global@P6AXPB_W00II@Z@__crt_state_management@@A 100e057c     libucrt:invalid_parameter.obj
 0003:00006598       ?__acrt_lock_table@@3PAU_RTL_CRITICAL_SECTION@@A 100e0598     libucrt:locks.obj
 0003:00006700       ?__acrt_locks_initialized@@3IA 100e0700     libucrt:locks.obj
 0003:00006704       ?__acrt_new_handler@@3V?$dual_state_global@P6AHI@Z@__crt_state_management@@A 100e0704     libucrt:new_handler.obj
 0003:00006708       ?c_termination_complete@@3JA 100e0708     libucrt:exit.obj
 0003:0000670c       ?thread_local_exit_callback_func@@3P6GXPAXK0@ZA 100e070c     libucrt:exit.obj
 0003:00006710       ?c_exit_complete@?1???R<lambda_6e4b09c48022b2350581041d5f6b0c4c>@@QBE@XZ@4_NA 100e0710     libucrt:exit.obj
 0003:00006718       ?program_name@?1???$common_configure_argv@D@@YAHW4_crt_argv_mode@@@Z@4PADA 100e0718     libucrt:argv_parsing.obj
 0003:00006854       ?ctrlc_action@@3V?$dual_state_global@P6AXH@Z@__crt_state_management@@A 100e0854     libucrt:signal.obj
 0003:00006858       ?ctrlbreak_action@@3V?$dual_state_global@P6AXH@Z@__crt_state_management@@A 100e0858     libucrt:signal.obj
 0003:0000685c       ?abort_action@@3V?$dual_state_global@P6AXH@Z@__crt_state_management@@A 100e085c     libucrt:signal.obj
 0003:00006860       ?term_action@@3V?$dual_state_global@P6AXH@Z@__crt_state_management@@A 100e0860     libucrt:signal.obj
 0003:00006864       ?internal_state@?1??_mbtowc_internal@@9@4U_Mbstatet@@A 100e0864     libucrt:mbtowc.obj
 0003:0000686c       ?internal_pst@?1??__mbrtoc32_utf8@__crt_mbstring@@YAIPA_UPBDIPAU_Mbstatet@@AAV__crt_cached_ptd_host@@@Z@4U3@A 100e086c     libucrt:mbrtoc32.obj
 0003:00006874       ?internal_pst@?1??__c16rtomb_utf8@__crt_mbstring@@YAIPAD_SPAU_Mbstatet@@AAV__crt_cached_ptd_host@@@Z@4U3@A 100e0874     libucrt:c16rtomb.obj
 0003:0000687c       ?enable_percent_n@@3IA     100e087c     libucrt:printf_count_output.obj
 0003:00006a90       ?module_handles@@3PAPAUHINSTANCE__@@A 100e0a90     libucrt:winapi_thunks.obj
 0003:00006aec       ?static_enum_proc@?1??enum_system_locales_ex_nolock@@YAHQ6GHPA_WKJ@Z@Z@4P6GH0KJ@ZA 100e0aec     libucrt:winapi_thunks.obj
 0003:00006af0       __pmatherr_set             100e0af0     libucrt:libm_error.obj
 0003:00006b04       ?_tzname@@3V?$dual_state_global@PAPAD@__crt_state_management@@A 100e0b04     libucrt:timeset.obj
 0003:00006b08       ?w_tzname@@3V?$dual_state_global@PAPA_W@__crt_state_management@@A 100e0b08     libucrt:timeset.obj
 0003:00006b10       ?tz_api_used@@3HA          100e0b10     libucrt:tzset.obj
 0003:00006b14       ?tzset_init_state@@3V?$dual_state_global@J@__crt_state_management@@A 100e0b14     libucrt:tzset.obj
 0003:00006b18       ?tz_info@@3U_TIME_ZONE_INFORMATION@@A 100e0b18     libucrt:tzset.obj
 0003:00006bd0       ?fSystemSet@@3HA           100e0bd0     libucrt:mbctype.obj
 0003:00006bd4       ?initialized@?1??__acrt_initialize_multibyte@@9@4_NA 100e0bd4     libucrt:mbctype.obj
 0003:00006bf4       ?user_matherr@@3V?$dual_state_global@P6AHPAU_exception@@@Z@__crt_state_management@@A 100e0bf4     libucrt:matherr.obj
 0003:00006bf8       ?__acrt_global_new_mode@@3V?$dual_state_global@J@__crt_state_management@@A 100e0bf8     libucrt:new_mode.obj
 0003:00006c00       ?__acrt_app_type@@3W4_crt_app_type@@A 100e0c00     libucrt:report_runtime_error.obj
 0004:00000000       ?function_pointers@@3PAPAXA 100e1000     libucrt:winapi_thunks.obj
 0005:00000060       $R000000                   100e2060     * linker generated manifest res *
