 version

 Timestamp is 6a2dab43 (Sat Jun 13 22:10:59 2026)

 Preferred load address is 10000000

 Start         Length     Name                   Class
 0001:00000000 0000c657H .text$mn                CODE
 0001:0000c657 000000d5H .text$x                 CODE
 0002:00000000 00000128H .idata$5                DATA
 0002:00000128 00000008H .00cfg                  DATA
 0002:00000130 00000004H .CRT$XCA                DATA
 0002:00000134 00000004H .CRT$XCZ                DATA
 0002:00000138 00000004H .CRT$XIA                DATA
 0002:0000013c 0000000cH .CRT$XIC                DATA
 0002:00000148 00000004H .CRT$XIZ                DATA
 0002:0000014c 00000004H .CRT$XPA                DATA
 0002:00000150 00000008H .CRT$XPX                DATA
 0002:00000158 00000004H .CRT$XPXA               DATA
 0002:0000015c 00000004H .CRT$XPZ                DATA
 0002:00000160 00000004H .CRT$XTA                DATA
 0002:00000164 0000000cH .CRT$XTZ                DATA
 0002:00000168 00000000H .gfids$y                DATA
 0002:00000170 00004e10H .rdata                  DATA
 0002:00004f80 00000000H .rdata$CastGuardVftablesA DATA
 0002:00004f80 00000000H .rdata$CastGuardVftablesC DATA
 0002:00004f80 000000dcH .rdata$r                DATA
 0002:0000505c 000000a8H .rdata$voltmd           DATA
 0002:00005104 0000032cH .rdata$zzzdbg           DATA
 0002:00005430 00000004H .rtc$IAA                DATA
 0002:00005434 00000004H .rtc$IZZ                DATA
 0002:00005438 00000004H .rtc$TAA                DATA
 0002:0000543c 00000004H .rtc$TZZ                DATA
 0002:00005440 000005d0H .xdata$x                DATA
 0002:00005a10 00000458H .edata                  DATA
 0002:00005e68 00000014H .idata$2                DATA
 0002:00005e7c 00000014H .idata$3                DATA
 0002:00005e90 00000128H .idata$4                DATA
 0002:00005fb8 00000552H .idata$6                DATA
 0003:00000000 000008f0H .data                   DATA
 0003:000008f0 0000003cH .data$r                 DATA
 0003:0000092c 0000001cH .data$rs                DATA
 0003:00000948 00000994H .bss                    DATA
 0004:00000000 00000080H .fptable                DATA
 0005:00000000 00000060H .rsrc$01                DATA
 0005:00000060 00000180H .rsrc$02                DATA

  Address         Publics by Value              Rva+Base       Lib:Object

 0000:00000000       ___AbsoluteZero            00000000     <absolute>
 0000:00000000       ___arm64x_extra_rfe_table  00000000     <absolute>
 0000:00000000       ___arm64x_extra_rfe_table_size 00000000     <absolute>
 0000:00000000       ___arm64x_native_entrypoint 00000000     <absolute>
 0000:00000000       ___arm64x_redirection_metadata 00000000     <absolute>
 0000:00000000       ___arm64x_redirection_metadata_count 00000000     <absolute>
 0000:00000000       ___dynamic_value_reloc_table 00000000     <absolute>
 0000:00000000       ___enclave_config          00000000     <absolute>
 0000:00000000       ___guard_check_icall_a64n_fptr 00000000     <absolute>
 0000:00000000       ___guard_eh_cont_count     00000000     <absolute>
 0000:00000000       ___guard_eh_cont_table     00000000     <absolute>
 0000:00000000       ___guard_fids_count        00000000     <absolute>
 0000:00000000       ___guard_fids_table        00000000     <absolute>
 0000:00000000       ___guard_iat_count         00000000     <absolute>
 0000:00000000       ___guard_iat_table         00000000     <absolute>
 0000:00000000       ___guard_longjmp_count     00000000     <absolute>
 0000:00000000       ___guard_longjmp_table     00000000     <absolute>
 0000:00000000       ___hybrid_auxiliary_delayload_iat 00000000     <absolute>
 0000:00000000       ___hybrid_auxiliary_delayload_iat_copy 00000000     <absolute>
 0000:00000000       ___hybrid_auxiliary_iat    00000000     <absolute>
 0000:00000000       ___hybrid_auxiliary_iat_copy 00000000     <absolute>
 0000:00000000       ___hybrid_code_map         00000000     <absolute>
 0000:00000000       ___hybrid_code_map_count   00000000     <absolute>
 0000:00000000       ___hybrid_image_info_bitfield 00000000     <absolute>
 0000:00000000       ___safe_se_handler_count   00000000     <absolute>
 0000:00000000       ___safe_se_handler_table   00000000     <absolute>
 0000:00000000       ___x64_code_ranges_to_entry_points 00000000     <absolute>
 0000:00000000       ___x64_code_ranges_to_entry_points_count 00000000     <absolute>
 0000:00000000       __except_list              00000000     <absolute>
 0000:00000100       ___guard_flags             00000100     <absolute>
 0000:00000000       ___ImageBase               10000000     <linker-defined>
 0001:00000000       _DllMain@12                10001000 f   version.cpp.obj
 0001:00000371       __DllMainCRTStartup@12     10001371 f   LIBCMT:dll_dllmain.obj
 0001:000003e1       ___security_init_cookie    100013e1 f   LIBCMT:gs_support.obj
 0001:0000042c       ?__scrt_initialize_type_info@@YAXXZ 1000142c f   LIBCMT:tncleanup.obj
 0001:00000438       ?__scrt_uninitialize_type_info@@YAXXZ 10001438 f   LIBCMT:tncleanup.obj
 0001:00000444       ___local_stdio_printf_options 10001444 f i LIBCMT:default_local_stdio_options.obj
 0001:0000044a       ___local_stdio_scanf_options 1000144a f i LIBCMT:default_local_stdio_options.obj
 0001:00000450       ___scrt_initialize_default_local_stdio_options 10001450 f   LIBCMT:default_local_stdio_options.obj
 0001:000004af       ___scrt_acquire_startup_lock 100014af f   LIBCMT:utility.obj
 0001:000004e1       ___scrt_dllmain_after_initialize_c 100014e1 f   LIBCMT:utility.obj
 0001:0000050c       ___scrt_dllmain_before_initialize_c 1000150c f   LIBCMT:utility.obj
 0001:0000051a       ___scrt_dllmain_crt_thread_attach 1000151a f   LIBCMT:utility.obj
 0001:00000539       ___scrt_dllmain_crt_thread_detach 10001539 f   LIBCMT:utility.obj
 0001:00000546       ___scrt_dllmain_exception_filter 10001546 f   LIBCMT:utility.obj
 0001:0000057a       ___scrt_dllmain_uninitialize_c 1000157a f   LIBCMT:utility.obj
 0001:0000059d       ___scrt_dllmain_uninitialize_critical 1000159d f   LIBCMT:utility.obj
 0001:000005aa       ___scrt_initialize_crt     100015aa f   LIBCMT:utility.obj
 0001:000005e3       ___scrt_initialize_onexit_tables 100015e3 f   LIBCMT:utility.obj
 0001:0000066a       ___scrt_is_nonwritable_in_current_image 1000166a f   LIBCMT:utility.obj
 0001:00000701       ___scrt_release_startup_lock 10001701 f   LIBCMT:utility.obj
 0001:0000071e       ___scrt_uninitialize_crt   1000171e f   LIBCMT:utility.obj
 0001:00000746       ___scrt_get_dyn_tls_init_callback 10001746 f   LIBCMT:dyn_tls_init.obj
 0001:0000074c       ___scrt_fastfail           1000174c f   LIBCMT:utility_desktop.obj
 0001:00000861       __crt_debugger_hook        10001861 f   LIBCMT:utility_desktop.obj
 0001:0000086c       __RTC_Initialize           1000186c f   LIBCMT:initsect.obj
 0001:00000898       __RTC_Terminate            10001898 f   LIBCMT:initsect.obj
 0001:000008d0       __SEH_prolog4              100018d0 f   LIBCMT:sehprolg4.obj
 0001:00000915       @_guard_check_icall_nop@4  10001915 f i LIBCMT:guard_support.obj
 0001:00000918       ___isa_available_init      10001918 f   LIBCMT:cpu_disp.obj
 0001:00000c32       __get_startup_argv_mode    10001c32 f   LIBCMT:argv_mode.obj
 0001:00000c36       ___scrt_is_ucrt_dll_in_use 10001c36 f   LIBCMT:ucrt_detection.obj
 0001:00000c42       @__security_check_cookie@4 10001c42 f   LIBCMT:secchk.obj
 0001:00000c50       ___raise_securityfailure   10001c50 f   LIBCMT:gs_report.obj
 0001:00000c78       ___report_gsfailure        10001c78 f   LIBCMT:gs_report.obj
 0001:00000dc0       __except_handler4          10001dc0 f   libvcruntime:chandler4.obj
 0001:00000f1e       ___std_type_info_compare   10001f1e f   libvcruntime:std_type_info.obj
 0001:00000f5a       ___std_type_info_destroy_list 10001f5a f   libvcruntime:std_type_info.obj
 0001:00000f7d       ___vcrt_initialize         10001f7d f   libvcruntime:initialization.obj
 0001:00000f9c       ___vcrt_thread_attach      10001f9c f   libvcruntime:initialization.obj
 0001:00000fa7       ___vcrt_thread_detach      10001fa7 f   libvcruntime:initialization.obj
 0001:00000faf       ___vcrt_uninitialize       10001faf f   libvcruntime:initialization.obj
 0001:00000fc6       ___vcrt_uninitialize_critical 10001fc6 f   libvcruntime:initialization.obj
 0001:00000fce       ___DestructExceptionObject 10001fce f   libvcruntime:ehhelpers.obj
 0001:00001076       ?_CallMemberFunction0@@YGXQAX0@Z 10002076 f i libvcruntime:ehhelpers.obj
 0001:000010db       __IsExceptionObjectToBeDestroyed 100020db f   libvcruntime:ehhelpers.obj
 0001:00001101       ___AdjustPointer           10002101 f   libvcruntime:ehhelpers.obj
 0001:00001126       ___FrameUnwindFilter       10002126 f   libvcruntime:ehhelpers.obj
 0001:0000117c       ___std_terminate           1000217c f   libvcruntime:ehhelpers.obj
 0001:00001190       _memset                    10002190 f   libvcruntime:memset.obj
 0001:000012f0       __local_unwind4            100022f0 f   libvcruntime:exsup4.obj
 0001:000013e0       @_EH4_CallFilterFunc@8     100023e0 f   libvcruntime:exsup4.obj
 0001:00001400       @_EH4_TransferToHandler@8  10002400 f   libvcruntime:exsup4.obj
 0001:00001420       @_EH4_GlobalUnwind2@8      10002420 f   libvcruntime:exsup4.obj
 0001:00001440       @_EH4_LocalUnwind@16       10002440 f   libvcruntime:exsup4.obj
 0001:00001457       ___except_validate_context_record 10002457 f   libvcruntime:jbcxrval.obj
 0001:00001487       ___vcrt_freefls@4          10002487 f   libvcruntime:per_thread_data.obj
 0001:000014a3       ___vcrt_freeptd_for_this_thread 100024a3 f   libvcruntime:per_thread_data.obj
 0001:000014ce       ___vcrt_getptd             100024ce f   libvcruntime:per_thread_data.obj
 0001:000014dc       ___vcrt_getptd_noexit      100024dc f   libvcruntime:per_thread_data.obj
 0001:0000156e       ___vcrt_initialize_ptd     1000256e f   libvcruntime:per_thread_data.obj
 0001:000015a1       ___vcrt_uninitialize_ptd   100025a1 f   libvcruntime:per_thread_data.obj
 0001:000015bf       ___vcrt_initialize_locks   100025bf f   libvcruntime:locks.obj
 0001:000015fb       ___vcrt_uninitialize_locks 100025fb f   libvcruntime:locks.obj
 0001:00001630       __NLG_Notify1              10002630 f   libvcruntime:exsup.obj
 0001:00001640       __NLG_Notify               10002640 f   libvcruntime:exsup.obj
 0001:00001657       __NLG_Dispatch             10002657     libvcruntime:exsup.obj
 0001:00001657       __NLG_Dispatch2            10002657     libvcruntime:exsup.obj
 0001:00001660       __NLG_Call                 10002660 f   libvcruntime:exsup.obj
 0001:00001662       __NLG_Return2              10002662     libvcruntime:exsup.obj
 0001:00001663       ?GetRangeOfTrysToCheck@__FrameHandler3@@SA?AU?$pair@Viterator@TryBlockMap@__FrameHandler3@@V123@@std@@AAVTryBlockMap@1@HPAXPBU_s_FuncInfo@@H@Z 10002663 f   libvcruntime:trnsctrl.obj
 0001:000016d2       ?_CallCatchBlock2@@YAPAXPAUEHRegistrationNode@@PBU_s_FuncInfo@@PAXHK@Z 100026d2 f   libvcruntime:trnsctrl.obj
 0001:00001732       ?_CallSETranslator@@YAHPAUEHExceptionRecord@@PAUEHRegistrationNode@@PAX2PBU_s_FuncInfo@@H1@Z 10002732 f   libvcruntime:trnsctrl.obj
 0001:00001831       ?_JumpToContinuation@@YGXPAXPAUEHRegistrationNode@@@Z 10002831 f   libvcruntime:trnsctrl.obj
 0001:00001861       ?_UnwindNestedFrames@@YGXPAUEHRegistrationNode@@PAUEHExceptionRecord@@@Z 10002861 f   libvcruntime:trnsctrl.obj
 0001:000018b5       __CatchGuardHandler        100028b5 f   libvcruntime:trnsctrl.obj
 0001:000018e6       __CreateFrameInfo          100028e6 f   libvcruntime:trnsctrl.obj
 0001:0000190a       __FindAndUnlinkFrame       1000290a f   libvcruntime:trnsctrl.obj
 0001:00001952       __TranslatorGuardHandler   10002952 f   libvcruntime:trnsctrl.obj
 0001:000019f1       ___CxxFrameHandler3        100029f1 f   libvcruntime:trnsctrl.obj
 0001:00001a30       _memcpy                    10002a30 f   libvcruntime:memcpy.obj
 0001:00001a30       _memmove                   10002a30 f   libvcruntime:memmove.obj
 0001:00002091       ___vcrt_FlsAlloc           10003091 f   libvcruntime:winapi_downlevel.obj
 0001:000020cc       ___vcrt_FlsFree            100030cc f   libvcruntime:winapi_downlevel.obj
 0001:00002107       ___vcrt_FlsGetValue        10003107 f   libvcruntime:winapi_downlevel.obj
 0001:00002142       ___vcrt_FlsSetValue        10003142 f   libvcruntime:winapi_downlevel.obj
 0001:00002180       ___vcrt_InitializeCriticalSectionEx 10003180 f   libvcruntime:winapi_downlevel.obj
 0001:000028fb       ??$TypeMatchHelper@V__FrameHandler3@@@@YAHPBU_s_HandlerType@@PBU_s_CatchableType@@PBU_s_ThrowInfo@@@Z 100038fb f i libvcruntime:frame.obj
 0001:00002989       ??$__InternalCxxFrameHandler@V__FrameHandler3@@@@YA?AW4_EXCEPTION_DISPOSITION@@PAUEHExceptionRecord@@PAUEHRegistrationNode@@PAU_CONTEXT@@PAXPBU_s_FuncInfo@@H1E@Z 10003989 f i libvcruntime:frame.obj
 0001:00002a8b       ??$__InternalCxxFrameHandlerWrapper@V__FrameHandler3@@@@YA?AW4_EXCEPTION_DISPOSITION@@PAUEHExceptionRecord@@PAUEHRegistrationNode@@PAU_CONTEXT@@PAXPBU_s_FuncInfo@@H1E@Z 10003a8b f i libvcruntime:frame.obj
 0001:00002a94       ??0bad_exception@std@@QAE@ABV01@@Z 10003a94 f i libvcruntime:frame.obj
 0001:00002aaf       ??0bad_exception@std@@QAE@XZ 10003aaf f i libvcruntime:frame.obj
 0001:00002acd       ??0exception@std@@QAE@ABV01@@Z 10003acd f i libvcruntime:frame.obj
 0001:00002aff       ??1bad_exception@std@@UAE@XZ 10003aff f i libvcruntime:frame.obj
 0001:00002b10       ??8type_info@@QBE_NABV0@@Z 10003b10 f i libvcruntime:frame.obj
 0001:00002b2f       ??_Ebad_exception@std@@UAEPAXI@Z 10003b2f f i libvcruntime:frame.obj
 0001:00002b2f       ??_Eexception@std@@UAEPAXI@Z 10003b2f f i libvcruntime:frame.obj
 0001:00002b2f       ??_Gbad_exception@std@@UAEPAXI@Z 10003b2f f i libvcruntime:frame.obj
 0001:00002b2f       ??_Gexception@std@@UAEPAXI@Z 10003b2f f i libvcruntime:frame.obj
 0001:00002db7       ?FrameUnwindToEmptyState@__FrameHandler3@@SAXPAUEHRegistrationNode@@PAXPBU_s_FuncInfo@@@Z 10003db7 f   libvcruntime:frame.obj
 0001:00002dcf       ?FrameUnwindToState@__FrameHandler3@@SAXPAUEHRegistrationNode@@PAXPBU_s_FuncInfo@@H@Z 10003dcf f   libvcruntime:frame.obj
 0001:00002f57       ?_CallMemberFunction1@@YGXQAX00@Z 10003f57 f i libvcruntime:frame.obj
 0001:00002f67       ?_CallMemberFunction2@@YGXQAX00H@Z 10003f67 f i libvcruntime:frame.obj
 0001:00002f7a       ?getESTypes@__FrameHandler3@@SAPBU_s_ESTypeList@@PBU_s_FuncInfo@@@Z 10003f7a f i libvcruntime:frame.obj
 0001:00002f85       ?what@exception@std@@UBEPBDXZ 10003f85 f i libvcruntime:frame.obj
 0001:00002fa0       __CallSettingFrame@12      10003fa0 f   libvcruntime:lowhelpr.obj
 0001:00002fc7       __NLG_Return               10003fc7     libvcruntime:lowhelpr.obj
 0001:00002fef       _unexpected                10003fef f   libvcruntime:unexpected.obj
 0001:0000300c       ?GetCurrentState@__FrameHandler3@@SAHPAUEHRegistrationNode@@PAXPBU_s_FuncInfo@@@Z 1000400c f   libvcruntime:ehstate.obj
 0001:00003029       ?SetState@__FrameHandler3@@SAXPAUEHRegistrationNode@@PBU_s_FuncInfo@@H@Z 10004029 f   libvcruntime:ehstate.obj
 0001:00003037       ___std_exception_copy      10004037 f   libvcruntime:std_exception.obj
 0001:0000309a       ___std_exception_destroy   1000409a f   libvcruntime:std_exception.obj
 0001:000030bc       __CxxThrowException@8      100040bc f   libvcruntime:throw.obj
 0001:00003130       __initterm                 10004130 f   libucrt:initterm.obj
 0001:0000315b       __initterm_e               1000415b f   libucrt:initterm.obj
 0001:00003189       __seh_filter_dll           10004189 f   libucrt:exception_filter.obj
 0001:000031a9       __seh_filter_exe           100041a9 f   libucrt:exception_filter.obj
 0001:0000333c       ??$__crt_fast_decode_pointer@P6AHI@Z@@YAP6AHI@ZQ6AHI@Z@Z 1000433c f i libucrt:new_handler.obj
 0001:0000333c       ??$__crt_fast_decode_pointer@P6AXH@Z@@YAP6AXH@ZQ6AXH@Z@Z 1000433c f i libucrt:signal.obj
 0001:0000333c       ??$__crt_fast_decode_pointer@P6GXPAXK0@Z@@YAP6GXPAXK0@ZQ6GX0K0@Z@Z 1000433c f i libucrt:exit.obj
 0001:000035ef       ___acrt_initialize_thread_local_exit_callback 100045ef f   libucrt:exit.obj
 0001:000035fe       __cexit                    100045fe f   libucrt:exit.obj
 0001:0000360d       __exit                     1000460d f   libucrt:exit.obj
 0001:00003623       __is_c_termination_complete 10004623 f   libucrt:exit.obj
 0001:000038d9       ___acrt_allocate_buffer_for_argv 100048d9 f   libucrt:argv_parsing.obj
 0001:00003928       __configure_narrow_argv    10004928 f   libucrt:argv_parsing.obj
 0001:00003ad7       ___dcrt_uninitialize_environments_nolock 10004ad7 f   libucrt:environment_initialization.obj
 0001:00003b28       __initialize_narrow_environment 10004b28 f   libucrt:environment_initialization.obj
 0001:00003c62       __execute_onexit_table     10004c62 f   libucrt:onexit.obj
 0001:00003ca0       __initialize_onexit_table  10004ca0 f   libucrt:onexit.obj
 0001:00003cf0       ___acrt_uninitialize_command_line 10004cf0 f   libucrt:argv_data.obj
 0001:00003dc7       ___acrt_initialize         10004dc7 f   libucrt:initialization.obj
 0001:00003dd9       ___acrt_thread_attach      10004dd9 f   libucrt:initialization.obj
 0001:00003de4       ___acrt_thread_detach      10004de4 f   libucrt:initialization.obj
 0001:00003dec       ___acrt_uninitialize       10004dec f   libucrt:initialization.obj
 0001:00003e1c       ___acrt_uninitialize_critical 10004e1c f   libucrt:initialization.obj
 0001:00003e2e       _terminate                 10004e2e f   libucrt:terminate.obj
 0001:00003e70       _free                      10004e70 f   libucrt:free.obj
 0001:00003e80       _malloc                    10004e80 f   libucrt:malloc.obj
 0001:00003e90       _strcpy_s                  10004e90 f   libucrt:strcpy_s.obj
 0001:00003f1f       _abort                     10004f1f f   libucrt:abort.obj
 0001:00003f70       ??0__crt_cached_ptd_host@@QAE@QAU__crt_locale_pointers@@@Z 10004f70 f i libucrt:output.obj
 0001:00003fd0       ??1__crt_cached_ptd_host@@QAE@XZ 10004fd0 f i libucrt:output.obj
 0001:00004010       ?force_synchronize_per_thread_data@__crt_cached_ptd_host@@AAEPAU__acrt_ptd@@XZ 10005010 f i libucrt:output.obj
 0001:00004060       ?get_raw_ptd@__crt_cached_ptd_host@@QAEPAU__acrt_ptd@@XZ 10005060 f i libucrt:output.obj
 0001:000040c0       ?update_locale_slow@__crt_cached_ptd_host@@AAEXXZ 100050c0 f i libucrt:output.obj
 0001:00004120       _strncmp                   10005120 f   libucrt:strncmp.obj
 0001:000041a0       _calloc                    100051a0 f   libucrt:calloc.obj
 0001:000041ac       @_guard_check_icall@4      100051ac f i libucrt:checkcfg.obj
 0001:000041c0       _wcsncmp                   100051c0 f   libucrt:wcsncmp.obj
 0001:000044f6       ?internal_get_ptd_head_slow@@YAPAU__acrt_ptd@@XZ 100054f6 f   libucrt:per_thread_data.obj
 0001:000045e9       ___acrt_freeptd            100055e9 f   libucrt:per_thread_data.obj
 0001:0000462d       ___acrt_getptd             1000562d f   libucrt:per_thread_data.obj
 0001:0000463b       ___acrt_getptd_head        1000563b f   libucrt:per_thread_data.obj
 0001:0000467e       ___acrt_getptd_noexit      1000567e f   libucrt:per_thread_data.obj
 0001:0000470a       ___acrt_getptd_noexit_explicit 1000570a f   libucrt:per_thread_data.obj
 0001:00004753       ___acrt_initialize_ptd     10005753 f   libucrt:per_thread_data.obj
 0001:00004789       ___acrt_uninitialize_ptd   10005789 f   libucrt:per_thread_data.obj
 0001:000047a3       ___acrt_initialize_locks   100057a3 f   libucrt:locks.obj
 0001:000047e4       ___acrt_lock               100057e4 f   libucrt:locks.obj
 0001:000047fb       ___acrt_uninitialize_locks 100057fb f   libucrt:locks.obj
 0001:0000482c       ___acrt_unlock             1000582c f   libucrt:locks.obj
 0001:00004843       ___acrt_app_verifier_enabled 10005843 f   libucrt:peb_access.obj
 0001:00004855       ___acrt_is_secure_process  10005855 f   libucrt:peb_access.obj
 0001:00004868       ___acrt_get_process_end_policy 10005868 f   libucrt:win_policies.obj
 0001:0000488f       ?check_synchronize_global_state_index@__crt_cached_ptd_host@@AAEIXZ 1000588f f i libucrt:invalid_parameter.obj
 0001:000048b8       ___acrt_call_reportfault   100058b8 f   libucrt:invalid_parameter.obj
 0001:000049f1       ___acrt_initialize_invalid_parameter_handler 100059f1 f   libucrt:invalid_parameter.obj
 0001:00004a00       __invalid_parameter        10005a00 f   libucrt:invalid_parameter.obj
 0001:00004a37       __invalid_parameter_internal 10005a37 f   libucrt:invalid_parameter.obj
 0001:00004ab4       __invalid_parameter_noinfo 10005ab4 f   libucrt:invalid_parameter.obj
 0001:00004ac4       __invoke_watson            10005ac4 f   libucrt:invalid_parameter.obj
 0001:00004b77       ___acrt_errno_from_os_error 10005b77 f   libucrt:errno.obj
 0001:00004bd6       ___acrt_errno_map_os_error 10005bd6 f   libucrt:errno.obj
 0001:00004bf9       ___acrt_errno_map_os_error_ptd 10005bf9 f   libucrt:errno.obj
 0001:00004c1d       ___doserrno                10005c1d f   libucrt:errno.obj
 0001:00004c32       __errno                    10005c32 f   libucrt:errno.obj
 0001:00004c50       __calloc_base              10005c50 f   libucrt:calloc_base.obj
 0001:00004cb0       __free_base                10005cb0 f   libucrt:free_base.obj
 0001:00004d0e       ??$__acrt_convert_wcs_mbs_cp@D_WV<lambda_62f6974d9771e494a5ea317cc32e971c>@@U__crt_win32_buffer_internal_dynamic_resizing@@@@YAHQBDAAV?$__crt_win32_buffer@_WU__crt_win32_buffer_internal_dynamic_resizing@@@@ABV<lambda_62f6974d9771e494a5ea317cc32e971c>@@I@Z 10005d0e f i libucrt:argv_wildcards.obj
 0001:00004dc0       ??$__acrt_convert_wcs_mbs_cp@_WDV<lambda_28bda7af82a03b66c1cb3803a755f95d>@@U__crt_win32_buffer_internal_dynamic_resizing@@@@YAHQB_WAAV?$__crt_win32_buffer@DU__crt_win32_buffer_internal_dynamic_resizing@@@@ABV<lambda_28bda7af82a03b66c1cb3803a755f95d>@@I@Z 10005dc0 f i libucrt:argv_wildcards.obj
 0001:00004e86       ??$__acrt_mbs_to_wcs_cp@U__crt_win32_buffer_internal_dynamic_resizing@@@@YAHQBDAAV?$__crt_win32_buffer@_WU__crt_win32_buffer_internal_dynamic_resizing@@@@I@Z 10005e86 f i libucrt:argv_wildcards.obj
 0001:0000535d       ??0_LocaleUpdate@@QAE@QAU__crt_locale_pointers@@@Z 1000635d f i libucrt:argv_wildcards.obj
 0001:00005404       ??R<lambda_0fec1a7b3f42a53036604e18c2d5e07e>@@QBE@IQB_WQADI@Z 10006404 f i libucrt:getmodulefilenamea.obj
 0001:00005404       ??R<lambda_28bda7af82a03b66c1cb3803a755f95d>@@QBE@IQB_WQADI@Z 10006404 f i libucrt:argv_wildcards.obj
 0001:00005428       ?__acrt_get_utf8_acp_compatibility_codepage@@YAIXZ 10006428 f i libucrt:argv_wildcards.obj
 0001:00005467       ?_deallocate@?$__crt_win32_buffer@DU__crt_win32_buffer_internal_dynamic_resizing@@@@AAEXXZ 10006467 f i libucrt:argv_wildcards.obj
 0001:00005467       ?_deallocate@?$__crt_win32_buffer@_WU__crt_win32_buffer_internal_dynamic_resizing@@@@AAEXXZ 10006467 f i libucrt:argv_wildcards.obj
 0001:00005481       ?allocate@?$__crt_win32_buffer@DU__crt_win32_buffer_internal_dynamic_resizing@@@@QAEHI@Z 10006481 f i libucrt:argv_wildcards.obj
 0001:000054bd       ?allocate@?$__crt_win32_buffer@_WU__crt_win32_buffer_internal_dynamic_resizing@@@@QAEHI@Z 100064bd f i libucrt:argv_wildcards.obj
 0001:000054fc       ?allocate@__crt_win32_buffer_internal_dynamic_resizing@@SAHQAPAXIABV__crt_win32_buffer_empty_debug_info@@@Z 100064fc f i libucrt:argv_wildcards.obj
 0001:000055a4       ___acrt_expand_narrow_argv_wildcards 100065a4 f   libucrt:argv_wildcards.obj
 0001:000055af       ??$__acrt_convert_wcs_mbs_cp@_WDV<lambda_0fec1a7b3f42a53036604e18c2d5e07e>@@U__crt_win32_buffer_no_resizing@@@@YAHQB_WAAV?$__crt_win32_buffer@DU__crt_win32_buffer_no_resizing@@@@ABV<lambda_0fec1a7b3f42a53036604e18c2d5e07e>@@I@Z 100065af f i libucrt:getmodulefilenamea.obj
 0001:00005671       ?allocate@?$__crt_win32_buffer@DU__crt_win32_buffer_no_resizing@@@@QAEHI@Z 10006671 f i libucrt:getmodulefilenamea.obj
 0001:00005698       ?set_to_nullptr@?$__crt_win32_buffer@DU__crt_win32_buffer_no_resizing@@@@QAEXXZ 10006698 f i libucrt:getmodulefilenamea.obj
 0001:000056ac       ___acrt_GetModuleFileNameA 100066ac f   libucrt:getmodulefilenamea.obj
 0001:00005cc9       ___acrt_initialize_multibyte 10006cc9 f   libucrt:mbctype.obj
 0001:00005d11       ___acrt_update_thread_multibyte_data 10006d11 f   libucrt:mbctype.obj
 0001:00005d24       __setmbcp_nolock           10006d24 f   libucrt:mbctype.obj
 0001:00005ffa       __ismbblead                10006ffa f   libucrt:ismbbyte.obj
 0001:00006012       ___acrt_initialize_command_line 10007012 f   libucrt:argv_data.obj
 0001:000060c3       ___acrt_MultiByteToWideChar 100070c3 f   libucrt:multibytetowidechar.obj
 0001:0000617d       ___acrt_WideCharToMultiByte 1000717d f   libucrt:widechartomultibyte.obj
 0001:0000621e       ___dcrt_get_narrow_environment_from_os 1000721e f   libucrt:get_environment_from_os.obj
 0001:000062c0       __recalloc_base            100072c0 f   libucrt:recalloc.obj
 0001:00006340       __recalloc                 10007340 f   libucrt:recalloc.obj
 0001:000064fb       ___acrt_AppPolicyGetProcessTerminationMethodInternal@4 100074fb f   libucrt:winapi_thunks.obj
 0001:0000654a       ___acrt_AreFileApisANSI@0  1000754a f   libucrt:winapi_thunks.obj
 0001:00006569       ___acrt_FlsAlloc@4         10007569 f   libucrt:winapi_thunks.obj
 0001:00006575       ___acrt_FlsFree@4          10007575 f   libucrt:winapi_thunks.obj
 0001:00006581       ___acrt_FlsGetValue2@4     10007581 f   libucrt:winapi_thunks.obj
 0001:0000658e       ___acrt_FlsGetValue@4      1000758e f   libucrt:winapi_thunks.obj
 0001:0000659a       ___acrt_FlsSetValue@8      1000759a f   libucrt:winapi_thunks.obj
 0001:000065a6       ___acrt_InitializeCriticalSectionEx@12 100075a6 f   libucrt:winapi_thunks.obj
 0001:000065b2       ___acrt_LCMapStringEx@36   100075b2 f   libucrt:winapi_thunks.obj
 0001:0000660f       ___acrt_LocaleNameToLCID@8 1000760f f   libucrt:winapi_thunks.obj
 0001:00006640       ___acrt_initialize_winapi_thunks 10007640 f   libucrt:winapi_thunks.obj
 0001:00006663       ___acrt_tls2_supported     10007663 f   libucrt:winapi_thunks.obj
 0001:00006694       ___acrt_uninitialize_winapi_thunks 10007694 f   libucrt:winapi_thunks.obj
 0001:000066d0       __get_heap_handle          100076d0 f   libucrt:heap_handle.obj
 0001:000066e0       ___acrt_initialize_heap    100076e0 f   libucrt:heap_handle.obj
 0001:00006700       ___acrt_uninitialize_heap  10007700 f   libucrt:heap_handle.obj
 0001:00006710       ___acrt_getheap            10007710 f   libucrt:heap_handle.obj
 0001:00006876       ___acrt_initialize_lowio   10007876 f   libucrt:ioinit.obj
 0001:000068d6       ___acrt_uninitialize_lowio 100078d6 f   libucrt:ioinit.obj
 0001:00006902       ___acrt_execute_initializers 10007902 f   libucrt:shared_initialization.obj
 0001:0000696a       ___acrt_execute_uninitializers 1000796a f   libucrt:shared_initialization.obj
 0001:000069a0       __callnewh                 100079a0 f   libucrt:new_handler.obj
 0001:000069e0       ___acrt_initialize_new_handler 100079e0 f   libucrt:new_handler.obj
 0001:00006a00       __query_new_handler        10007a00 f   libucrt:new_handler.obj
 0001:00006a60       __set_new_handler          10007a60 f   libucrt:new_handler.obj
 0001:00006ad0       ?_set_new_handler@@YAP6AHI@ZH@Z 10007ad0 f   libucrt:new_handler.obj
 0001:00006add       ??$__crt_fast_encode_pointer@P6AHI@Z@@YAP6AHI@ZQ6AHI@Z@Z 10007add f i libucrt:new_handler.obj
 0001:00006bce       ___acrt_get_sigabrt_handler 10007bce f   libucrt:signal.obj
 0001:00006bf5       ___acrt_initialize_signal_handlers 10007bf5 f   libucrt:signal.obj
 0001:00006c13       _raise                     10007c13 f   libucrt:signal.obj
 0001:00006e10       ___acrt_has_user_matherr   10007e10 f   libucrt:matherr.obj
 0001:00006e30       ___acrt_initialize_user_matherr 10007e30 f   libucrt:matherr.obj
 0001:00006e40       ___acrt_invoke_user_matherr 10007e40 f   libucrt:matherr.obj
 0001:00007051       ___acrt_stdio_flush_nolock 10008051 f   libucrt:fflush.obj
 0001:000070ba       __fflush_nolock            100080ba f   libucrt:fflush.obj
 0001:0000711f       __flushall                 1000811f f   libucrt:fflush.obj
 0001:00007128       ___acrt_initialize_stdio   10008128 f   libucrt:_file.obj
 0001:000071f0       ___acrt_uninitialize_stdio 100081f0 f   libucrt:_file.obj
 0001:0000723c       __lock_file                1000823c f   libucrt:_file.obj
 0001:00007250       __unlock_file              10008250 f   libucrt:_file.obj
 0001:00007270       __malloc_base              10008270 f   libucrt:malloc_base.obj
 0001:000072c1       ___acrt_update_locale_info 100082c1 f   libucrt:locale_update.obj
 0001:000072ee       ___acrt_update_locale_info_explicit 100082ee f   libucrt:locale_update.obj
 0001:0000731f       ___acrt_update_multibyte_info 1000831f f   libucrt:locale_update.obj
 0001:0000734c       ___acrt_update_multibyte_info_explicit 1000834c f   libucrt:locale_update.obj
 0001:0000737d       __mbtowc_internal          1000837d f   libucrt:mbtowc.obj
 0001:000074ad       ?__mblen_utf8@__crt_mbstring@@YAHPBD@Z 100084ad f   libucrt:mbrtoc32.obj
 0001:000074ee       ?__mbrtoc32_utf8@__crt_mbstring@@YAIPA_UPBDIPAU_Mbstatet@@AAV__crt_cached_ptd_host@@@Z 100084ee f   libucrt:mbrtoc32.obj
 0001:000076d3       ?__mbrtowc_utf8@__crt_mbstring@@YAIPA_WPBDIPAU_Mbstatet@@AAV__crt_cached_ptd_host@@@Z 100086d3 f   libucrt:mbrtowc.obj
 0001:00007716       ?__mbsrtowcs_utf8@__crt_mbstring@@YAIPA_WPAPBDIPAU_Mbstatet@@AAV__crt_cached_ptd_host@@@Z 10008716 f   libucrt:mbrtowc.obj
 0001:00007829       __fileno                   10008829 f   libucrt:fileno.obj
 0001:000078be       ___acrt_set_locale_changed 100088be f   libucrt:wsetlocale.obj
 0001:000078c9       ___acrt_uninitialize_locale 100088c9 f   libucrt:wsetlocale.obj
 0001:000078f0       ___acrt_add_locale_ref     100088f0 f   libucrt:locale_refcounting.obj
 0001:0000796d       ___acrt_free_locale        1000896d f   libucrt:locale_refcounting.obj
 0001:00007ab5       ___acrt_locale_add_lc_time_reference 10008ab5 f   libucrt:locale_refcounting.obj
 0001:00007ade       ___acrt_locale_free_lc_time_if_unreferenced 10008ade f   libucrt:locale_refcounting.obj
 0001:00007b0f       ___acrt_locale_release_lc_time_reference 10008b0f f   libucrt:locale_refcounting.obj
 0001:00007b38       ___acrt_release_locale_ref 10008b38 f   libucrt:locale_refcounting.obj
 0001:00007bb9       ___acrt_update_thread_locale_data 10008bb9 f   libucrt:locale_refcounting.obj
 0001:00007c3a       __updatetlocinfoEx_nolock  10008c3a f   libucrt:locale_refcounting.obj
 0001:00007c90       __query_new_mode           10008c90 f   libucrt:new_mode.obj
 0001:00007ca0       __set_new_mode             10008ca0 f   libucrt:new_mode.obj
 0001:00007cd0       _qsort                     10008cd0 f   libucrt:qsort.obj
 0001:00008110       _strncpy_s                 10009110 f   libucrt:strncpy_s.obj
 0001:00008210       _strpbrk                   10009210 f   libucrt:strpbrk.obj
 0001:00008250       __mbsdec                   10009250 f   libucrt:mbsdec.obj
 0001:00008267       __mbsdec_l                 10009267 f   libucrt:mbsdec.obj
 0001:000082f4       ___acrt_GetStringTypeA     100092f4 f   libucrt:getstringtypea.obj
 0001:000083f2       __freea_crt                100093f2 f i libucrt:getstringtypea.obj
 0001:000085ff       ___acrt_LCMapStringA       100095ff f   libucrt:lcmapstringa.obj
 0001:00008660       __msize_base               10009660 f   libucrt:msize.obj
 0001:000086a0       __msize                    100096a0 f   libucrt:msize.obj
 0001:000086b0       __realloc_base             100096b0 f   libucrt:realloc_base.obj
 0001:0000876d       ___acrt_DownlevelLocaleNameToLCID 1000976d f   libucrt:lcidtoname_downlevel.obj
 0001:00008799       ___acrt_lowio_create_handle_array 10009799 f   libucrt:osfinfo.obj
 0001:00008814       ___acrt_lowio_destroy_handle_array 10009814 f   libucrt:osfinfo.obj
 0001:00008849       ___acrt_lowio_ensure_fh_exists 10009849 f   libucrt:osfinfo.obj
 0001:000088e7       ___acrt_lowio_lock_fh      100098e7 f   libucrt:osfinfo.obj
 0001:0000890a       ___acrt_lowio_unlock_fh    1000990a f   libucrt:osfinfo.obj
 0001:0000892d       __free_osfhnd              1000992d f   libucrt:osfinfo.obj
 0001:000089be       __get_osfhandle            100099be f   libucrt:osfinfo.obj
 0001:00008aca       __commit                   10009aca f   libucrt:commit.obj
 0001:000092ed       __write_internal           1000a2ed f   libucrt:write.obj
 0001:000093fe       __write_nolock             1000a3fe f   libucrt:write.obj
 0001:0000961a       __fcloseall                1000a61a f   libucrt:closeall.obj
 0001:000096c5       ___acrt_stdio_free_buffer_nolock 1000a6c5 f   libucrt:_freebuf.obj
 0001:00009705       __isatty                   1000a705 f   libucrt:isatty.obj
 0001:00009760       _fegetround                1000a760 f   libucrt:fegetround.obj
 0001:0000976f       ?reset_and_return@__crt_mbstring@@YAIIPAU_Mbstatet@@@Z 1000a76f f   libucrt:common_utf8.obj
 0001:00009783       ?return_illegal_sequence@__crt_mbstring@@YAIPAU_Mbstatet@@AAV__crt_cached_ptd_host@@@Z 1000a783 f   libucrt:common_utf8.obj
 0001:000097a5       ___acrt_locale_free_monetary 1000a7a5 f   libucrt:initmon.obj
 0001:000098a3       ___acrt_locale_free_numeric 1000a8a3 f   libucrt:initnum.obj
 0001:00009931       ___acrt_locale_free_time   1000a931 f   libucrt:inittime.obj
 0001:00009a20       ___strncnt                 1000aa20 f   libucrt:strncnt.obj
 0001:00009a40       ___ascii_wcsnicmp          1000aa40 f   libucrt:wcsnicmp.obj
 0001:00009aa7       __query_app_type           1000aaa7 f   libucrt:report_runtime_error.obj
 0001:00009b30       __lseeki64_nolock_internal 1000ab30 f   libucrt:lseek.obj
 0001:00009b4e       __putwch_nolock            1000ab4e f   libucrt:putwch.obj
 0001:00009ca5       _fclose                    1000aca5 f   libucrt:fclose.obj
 0001:00009ce0       __libm_sse2_log10_precise  1000ace0 f   libucrt:log10_sse2_precise.obj
 0001:00009f90       __ceil_no_sse41            1000af90 f   libucrt:ceil_pentium4.obj
 0001:00009fd0       _ceil                      1000afd0 f   libucrt:ceil_pentium4.obj
 0001:00009ff0       __ceil_pentium4            1000aff0 f   libucrt:ceil_pentium4.obj
 0001:0000a0d0       ___acrt_fenv_get_common_round_control 1000b0d0 f   libucrt:_fenvutils.obj
 0001:0000a100       ___acrt_fenv_get_control   1000b100 f   libucrt:_fenvutils.obj
 0001:0000a2e0       ___ascii_strnicmp          1000b2e0 f   libucrt:_strnicm.obj
 0001:0000a360       ___dcrt_lowio_ensure_console_output_initialized 1000b360 f   libucrt:initcon.obj
 0001:0000a37f       ___dcrt_terminate_console_output 1000b37f f   libucrt:initcon.obj
 0001:0000a396       ___dcrt_write_console      1000b396 f   libucrt:initcon.obj
 0001:0000a47c       __close_internal           1000b47c f   libucrt:close.obj
 0001:0000a51f       __close_nolock_internal    1000b51f f   libucrt:close.obj
 0001:0000a5bf       ?__acrt_stdio_free_stream@@YAXV__crt_stdio_stream@@@Z 1000b5bf f   libucrt:stream.obj
 0001:0000a600       ___libm_error_support      1000b600 f   libucrt:libm_error.obj
 0001:0000a8a0       __CIlog10                  1000b8a0 f   libucrt:log10_impl.obj
 0001:0000a8db       __CIlog10_default          1000b8db f   libucrt:log10_impl.obj
 0001:0000a8ef       __log10_default            1000b8ef     libucrt:log10_impl.obj
 0001:0000a9b0       ___acrt_initialize_sse2    1000b9b0 f   libucrt:mathfcns.obj
 0001:0000a9c0       __ceil_default             1000b9c0 f   libucrt:ceil.obj
 0001:0000aac0       __clrfp                    1000bac0 f   libucrt:fpctrl.obj
 0001:0000aae0       __ctrlfp                   1000bae0 f   libucrt:fpctrl.obj
 0001:0000ab10       __set_statfp               1000bb10 f   libucrt:fpctrl.obj
 0001:0000ab70       __statfp                   1000bb70 f   libucrt:fpctrl.obj
 0001:0000ab90       __CIlog10_pentium4         1000bb90 f   libucrt:log10_pentium4.obj
 0001:0000aba8       __log10_pentium4           1000bba8     libucrt:log10_pentium4.obj
 0001:0000ae40       __fFEXP                    1000be40 f   libucrt:87tran.obj
 0001:0000ae97       __rtinfpopse               1000be97     libucrt:87tran.obj
 0001:0000ae99       __rtinfnpopse              1000be99     libucrt:87tran.obj
 0001:0000aea9       __fFLN                     1000bea9     libucrt:87tran.obj
 0001:0000af5e       __rtinfpop                 1000bf5e     libucrt:87tran.obj
 0001:0000af60       __rtinfnpop                1000bf60     libucrt:87tran.obj
 0001:0000af70       __rtforexpinf              1000bf70 f   libucrt:87tran.obj
 0001:0000af7d       __ffexpm1                  1000bf7d     libucrt:87tran.obj
 0001:0000b030       __trandisp1                1000c030 f   libucrt:87disp.obj
 0001:0000b0a5       __trandisp2                1000c0a5 f   libucrt:87disp.obj
 0001:0000b13f       __rttospopde               1000c13f     libucrt:87disp.obj
 0001:0000b144       __rttospop                 1000c144     libucrt:87disp.obj
 0001:0000b150       __rtnospop                 1000c150 f   libucrt:87disp.obj
 0001:0000b160       __rttosnpop                1000c160 f   libucrt:87disp.obj
 0001:0000b161       __rtnospopde               1000c161     libucrt:87disp.obj
 0001:0000b168       __rtzeropop                1000c168     libucrt:87disp.obj
 0001:0000b16a       __rtzeronpop               1000c16a     libucrt:87disp.obj
 0001:0000b170       __rtzerospop               1000c170 f   libucrt:87disp.obj
 0001:0000b17d       __rtonepop                 1000c17d     libucrt:87disp.obj
 0001:0000b180       __rtonenpop                1000c180 f   libucrt:87disp.obj
 0001:0000b190       __tosnan1                  1000c190 f   libucrt:87disp.obj
 0001:0000b1c0       __nosnan2                  1000c1c0 f   libucrt:87disp.obj
 0001:0000b1d0       __tosnan2                  1000c1d0 f   libucrt:87disp.obj
 0001:0000b200       __nan2                     1000c200 f   libucrt:87disp.obj
 0001:0000b240       __rtindfpop                1000c240 f   libucrt:87disp.obj
 0001:0000b242       __rtindfnpop               1000c242     libucrt:87disp.obj
 0001:0000b253       __rttosnpopde              1000c253     libucrt:87disp.obj
 0001:0000b260       __rtatan2inf               1000c260 f   libucrt:87disp.obj
 0001:0000b27d       __rtchsifneg               1000c27d     libucrt:87disp.obj
 0001:0000b290       __twoToTOS                 1000c290 f   libucrt:common.obj
 0001:0000b2a5       __load_CW                  1000c2a5 f   libucrt:common.obj
 0001:0000b2bc       __convertTOStoQNaN         1000c2bc f   libucrt:common.obj
 0001:0000b2d5       __fload_withFB             1000c2d5 f   libucrt:common.obj
 0001:0000b318       __checkTOS_withFB          1000c318 f   libucrt:common.obj
 0001:0000b32e       __fast_exit                1000c32e f   libucrt:common.obj
 0001:0000b33b       __math_exit                1000c33b f   libucrt:common.obj
 0001:0000b365       __check_overflow_exit      1000c365 f   libucrt:common.obj
 0001:0000b379       __check_range_exit         1000c379 f   libucrt:common.obj
 0001:0000b420       __startTwoArgErrorHandling 1000c420 f   libucrt:genexcep.obj
 0001:0000b437       __startOneArgErrorHandling 1000c437 f   libucrt:genexcep.obj
 0001:0000b480       __frnd                     1000c480 f   libucrt:frnd.obj
 0001:0000b4a0       __except1                  1000c4a0 f   libucrt:fpexcept.obj
 0001:0000b5e0       __handle_exc               1000c5e0 f   libucrt:fpexcept.obj
 0001:0000b910       __raise_exc                1000c910 f   libucrt:fpexcept.obj
 0001:0000b940       __raise_exc_ex             1000c940 f   libucrt:fpexcept.obj
 0001:0000bc70       __set_errno_from_matherr   1000cc70 f   libucrt:fpexcept.obj
 0001:0000bcb0       __umatherr                 1000ccb0 f   libucrt:fpexcept.obj
 0001:0000bdb0       __decomp                   1000cdb0 f i libucrt:frexp.obj
 0001:0000bec0       __sptype                   1000cec0 f i libucrt:frexp.obj
 0001:0000bf40       __powhlp                   1000cf40 f   libucrt:powhlp.obj
 0001:0000c140       __87except                 1000d140 f   libucrt:87except.obj
 0001:0000c280       __fpclass                  1000d280 f   libucrt:ieeemisc.obj
 0001:0000c350       __FindPESection            1000d350 f   LIBCMT:pesect.obj
 0001:0000c3a0       __IsNonwritableInCurrentImage 1000d3a0 f   LIBCMT:pesect.obj
 0001:0000c460       __ValidateImageBase        1000d460 f   LIBCMT:pesect.obj
 0001:0000c491       ??_Etype_info@@UAEPAXI@Z   1000d491 f i LIBCMT:std_type_info_static.obj
 0001:0000c491       ??_Gtype_info@@UAEPAXI@Z   1000d491 f i LIBCMT:std_type_info_static.obj
 0001:0000c4b4       __EH_epilog3               1000d4b4 f   LIBCMT:ehprolg3.obj
 0001:0000c4c8       __EH_prolog3               1000d4c8 f   LIBCMT:ehprolg3.obj
 0001:0000c4fb       __EH_prolog3_catch         1000d4fb f   LIBCMT:ehprolg3.obj
 0001:0000c540       ??3@YAXPAXI@Z              1000d540 f   LIBCMT:delete_scalar_size.obj
 0001:0000c550       __alloca_probe_16          1000d550 f   LIBCMT:alloca16.obj
 0001:0000c566       __alloca_probe_8           1000d566     LIBCMT:alloca16.obj
 0001:0000c580       __alloca_probe             1000d580 f   LIBCMT:chkstk.obj
 0001:0000c580       __chkstk                   1000d580 f   LIBCMT:chkstk.obj
 0001:0000c5b0       __allshl                   1000d5b0 f   LIBCMT:llshl.obj
 0001:0000c5d0       ??3@YAXPAX@Z               1000d5d0 f   LIBCMT:delete_scalar.obj
 0001:0000c5e0       __filter_x86_sse2_floating_point_exception 1000d5e0 f   LIBCMT:x86_exception_filter.obj
 0001:0000c5e0       __filter_x86_sse2_floating_point_exception_default 1000d5e0 f   LIBCMT:x86_exception_filter.obj
 0002:00000000       __imp__DisableThreadLibraryCalls@4 1000e000     kernel32:KERNEL32.dll
 0002:00000004       __imp__LoadLibraryA@4      1000e004     kernel32:KERNEL32.dll
 0002:00000008       __imp__WriteConsoleW@20    1000e008     kernel32:KERNEL32.dll
 0002:0000000c       __imp__QueryPerformanceCounter@4 1000e00c     kernel32:KERNEL32.dll
 0002:00000010       __imp__GetCurrentProcessId@0 1000e010     kernel32:KERNEL32.dll
 0002:00000014       __imp__GetCurrentThreadId@0 1000e014     kernel32:KERNEL32.dll
 0002:00000018       __imp__GetSystemTimeAsFileTime@4 1000e018     kernel32:KERNEL32.dll
 0002:0000001c       __imp__InitializeSListHead@4 1000e01c     kernel32:KERNEL32.dll
 0002:00000020       __imp__IsDebuggerPresent@0 1000e020     kernel32:KERNEL32.dll
 0002:00000024       __imp__UnhandledExceptionFilter@4 1000e024     kernel32:KERNEL32.dll
 0002:00000028       __imp__SetUnhandledExceptionFilter@4 1000e028     kernel32:KERNEL32.dll
 0002:0000002c       __imp__GetStartupInfoW@4   1000e02c     kernel32:KERNEL32.dll
 0002:00000030       __imp__IsProcessorFeaturePresent@4 1000e030     kernel32:KERNEL32.dll
 0002:00000034       __imp__GetModuleHandleW@4  1000e034     kernel32:KERNEL32.dll
 0002:00000038       __imp__GetCurrentProcess@0 1000e038     kernel32:KERNEL32.dll
 0002:0000003c       __imp__TerminateProcess@8  1000e03c     kernel32:KERNEL32.dll
 0002:00000040       __imp__InterlockedFlushSList@4 1000e040     kernel32:KERNEL32.dll
 0002:00000044       __imp__RtlUnwind@16        1000e044     kernel32:KERNEL32.dll
 0002:00000048       __imp__GetLastError@0      1000e048     kernel32:KERNEL32.dll
 0002:0000004c       __imp__SetLastError@4      1000e04c     kernel32:KERNEL32.dll
 0002:00000050       __imp__EnterCriticalSection@4 1000e050     kernel32:KERNEL32.dll
 0002:00000054       __imp__LeaveCriticalSection@4 1000e054     kernel32:KERNEL32.dll
 0002:00000058       __imp__DeleteCriticalSection@4 1000e058     kernel32:KERNEL32.dll
 0002:0000005c       __imp__InitializeCriticalSectionAndSpinCount@8 1000e05c     kernel32:KERNEL32.dll
 0002:00000060       __imp__TlsAlloc@0          1000e060     kernel32:KERNEL32.dll
 0002:00000064       __imp__TlsGetValue@4       1000e064     kernel32:KERNEL32.dll
 0002:00000068       __imp__TlsSetValue@8       1000e068     kernel32:KERNEL32.dll
 0002:0000006c       __imp__TlsFree@4           1000e06c     kernel32:KERNEL32.dll
 0002:00000070       __imp__FreeLibrary@4       1000e070     kernel32:KERNEL32.dll
 0002:00000074       __imp__GetProcAddress@8    1000e074     kernel32:KERNEL32.dll
 0002:00000078       __imp__LoadLibraryExW@12   1000e078     kernel32:KERNEL32.dll
 0002:0000007c       __imp__EncodePointer@4     1000e07c     kernel32:KERNEL32.dll
 0002:00000080       __imp__RaiseException@16   1000e080     kernel32:KERNEL32.dll
 0002:00000084       __imp__ExitProcess@4       1000e084     kernel32:KERNEL32.dll
 0002:00000088       __imp__GetModuleHandleExW@12 1000e088     kernel32:KERNEL32.dll
 0002:0000008c       __imp__GetModuleFileNameW@12 1000e08c     kernel32:KERNEL32.dll
 0002:00000090       __imp__HeapAlloc@12        1000e090     kernel32:KERNEL32.dll
 0002:00000094       __imp__HeapFree@12         1000e094     kernel32:KERNEL32.dll
 0002:00000098       __imp__FindClose@4         1000e098     kernel32:KERNEL32.dll
 0002:0000009c       __imp__FindFirstFileExW@24 1000e09c     kernel32:KERNEL32.dll
 0002:000000a0       __imp__FindNextFileW@8     1000e0a0     kernel32:KERNEL32.dll
 0002:000000a4       __imp__IsValidCodePage@4   1000e0a4     kernel32:KERNEL32.dll
 0002:000000a8       __imp__GetACP@0            1000e0a8     kernel32:KERNEL32.dll
 0002:000000ac       __imp__GetOEMCP@0          1000e0ac     kernel32:KERNEL32.dll
 0002:000000b0       __imp__GetCPInfo@8         1000e0b0     kernel32:KERNEL32.dll
 0002:000000b4       __imp__GetCommandLineA@0   1000e0b4     kernel32:KERNEL32.dll
 0002:000000b8       __imp__GetCommandLineW@0   1000e0b8     kernel32:KERNEL32.dll
 0002:000000bc       __imp__MultiByteToWideChar@24 1000e0bc     kernel32:KERNEL32.dll
 0002:000000c0       __imp__WideCharToMultiByte@32 1000e0c0     kernel32:KERNEL32.dll
 0002:000000c4       __imp__GetEnvironmentStringsW@0 1000e0c4     kernel32:KERNEL32.dll
 0002:000000c8       __imp__FreeEnvironmentStringsW@4 1000e0c8     kernel32:KERNEL32.dll
 0002:000000cc       __imp__FlsAlloc@4          1000e0cc     kernel32:KERNEL32.dll
 0002:000000d0       __imp__FlsGetValue@4       1000e0d0     kernel32:KERNEL32.dll
 0002:000000d4       __imp__FlsSetValue@8       1000e0d4     kernel32:KERNEL32.dll
 0002:000000d8       __imp__FlsFree@4           1000e0d8     kernel32:KERNEL32.dll
 0002:000000dc       __imp__InitializeCriticalSectionEx@12 1000e0dc     kernel32:KERNEL32.dll
 0002:000000e0       __imp__VirtualProtect@16   1000e0e0     kernel32:KERNEL32.dll
 0002:000000e4       __imp__LCMapStringW@24     1000e0e4     kernel32:KERNEL32.dll
 0002:000000e8       __imp__GetProcessHeap@0    1000e0e8     kernel32:KERNEL32.dll
 0002:000000ec       __imp__GetStdHandle@4      1000e0ec     kernel32:KERNEL32.dll
 0002:000000f0       __imp__GetFileType@4       1000e0f0     kernel32:KERNEL32.dll
 0002:000000f4       __imp__GetStringTypeW@16   1000e0f4     kernel32:KERNEL32.dll
 0002:000000f8       __imp__HeapSize@12         1000e0f8     kernel32:KERNEL32.dll
 0002:000000fc       __imp__HeapReAlloc@16      1000e0fc     kernel32:KERNEL32.dll
 0002:00000100       __imp__SetStdHandle@8      1000e100     kernel32:KERNEL32.dll
 0002:00000104       __imp__FlushFileBuffers@4  1000e104     kernel32:KERNEL32.dll
 0002:00000108       __imp__WriteFile@20        1000e108     kernel32:KERNEL32.dll
 0002:0000010c       __imp__GetConsoleOutputCP@0 1000e10c     kernel32:KERNEL32.dll
 0002:00000110       __imp__GetConsoleMode@8    1000e110     kernel32:KERNEL32.dll
 0002:00000114       __imp__SetFilePointerEx@20 1000e114     kernel32:KERNEL32.dll
 0002:00000118       __imp__CreateFileW@28      1000e118     kernel32:KERNEL32.dll
 0002:0000011c       __imp__CloseHandle@4       1000e11c     kernel32:KERNEL32.dll
 0002:00000120       __imp__DecodePointer@4     1000e120     kernel32:KERNEL32.dll
 0002:00000124       \177KERNEL32_NULL_THUNK_DATA 1000e124     kernel32:KERNEL32.dll
 0002:00000128       ___guard_check_icall_fptr  1000e128     LIBCMT:guard_support.obj
 0002:0000012c       ___castguard_check_failure_os_handled_fptr 1000e12c     LIBCMT:guard_support.obj
 0002:00000130       ___xc_a                    1000e130     LIBCMT:initializers.obj
 0002:00000134       ___xc_z                    1000e134     LIBCMT:initializers.obj
 0002:00000138       ___xi_a                    1000e138     LIBCMT:initializers.obj
 0002:0000013c       ___acrt_multibyte_initializer 1000e13c     libucrt:multibyte_initializer.obj
 0002:00000140       ___acrt_stdio_initializer  1000e140     libucrt:stdio_initializer.obj
 0002:00000144       ___acrt_tran_sse2_initializer 1000e144     libucrt:sse2_initializer.obj
 0002:00000148       ___xi_z                    1000e148     LIBCMT:initializers.obj
 0002:0000014c       ___xp_a                    1000e14c     LIBCMT:initializers.obj
 0002:00000150       ___acrt_locale_terminator  1000e150     libucrt:locale_initializer.obj
 0002:00000154       ___dcrt_console_output_terminator 1000e154     libucrt:console_output_initializer.obj
 0002:00000158       ___acrt_stdio_terminator   1000e158     libucrt:stdio_initializer.obj
 0002:0000015c       ___xp_z                    1000e15c     LIBCMT:initializers.obj
 0002:00000160       ___xt_a                    1000e160     LIBCMT:initializers.obj
 0002:00000164       ___xt_z                    1000e164     LIBCMT:initializers.obj
 0002:00000170       ??_C@_0P@NHCNGLDK@ext_client?4dll@ 1000e170     version.cpp.obj
 0002:00000180       __pDefaultRawDllMain       1000e180     LIBCMT:dll_dllmain.obj
 0002:00000180       __pRawDllMain              1000e180     LIBCMT:dll_dllmain.obj
 0002:0000018c       __pDestructExceptionObject 1000e18c     libvcruntime:ehhelpers.obj
 0002:00000518       ??_C@_08EHJDFFNH@__based?$CI@ 1000e518     libvcruntime:undname.obj
 0002:00000524       ??_C@_07KOLFKCDI@__cdecl@  1000e524     libvcruntime:undname.obj
 0002:0000052c       ??_C@_09IFJBGAPI@__stdcall@ 1000e52c     libvcruntime:undname.obj
 0002:00000538       ??_C@_0L@NPHFGOKO@__thiscall@ 1000e538     libvcruntime:undname.obj
 0002:00000544       ??_C@_0L@JMKHOMEK@__fastcall@ 1000e544     libvcruntime:undname.obj
 0002:00000550       ??_C@_0N@BCKKPABJ@__vectorcall@ 1000e550     libvcruntime:undname.obj
 0002:00000560       ??_C@_0BA@NAGGFLJK@__preserve_none@ 1000e560     libvcruntime:undname.obj
 0002:00000570       ??_C@_09HIJEGCPM@__clrcall@ 1000e570     libvcruntime:undname.obj
 0002:0000057c       ??_C@_06GHPCKEAG@__eabi@   1000e57c     libvcruntime:undname.obj
 0002:00000584       ??_C@_09IOPIDJLG@__swift_1@ 1000e584     libvcruntime:undname.obj
 0002:00000590       ??_C@_09KFNFGKHF@__swift_2@ 1000e590     libvcruntime:undname.obj
 0002:0000059c       ??_C@_09LMMOFLDE@__swift_3@ 1000e59c     libvcruntime:undname.obj
 0002:000005a8       ??_C@_07JOMMBBKO@__ptr64@  1000e5a8     libvcruntime:undname.obj
 0002:000005b0       ??_C@_0L@PILCLIHE@__restrict@ 1000e5b0     libvcruntime:undname.obj
 0002:000005bc       ??_C@_0M@GFIIJFMG@__unaligned@ 1000e5bc     libvcruntime:undname.obj
 0002:000005c8       ??_C@_09DHDLOLLB@restrict?$CI@ 1000e5c8     libvcruntime:undname.obj
 0002:000005d2       ??_C@_00CNPNBAHC@@         1000e5d2     libvcruntime:undname.obj
 0002:000005d4       ??_C@_04NIHEBCM@?5new@     1000e5d4     libvcruntime:undname.obj
 0002:000005dc       ??_C@_07FPCDHGMM@?5delete@ 1000e5dc     libvcruntime:undname.obj
 0002:000005e4       ??_C@_01NEMOKFLO@?$DN@     1000e5e4     libvcruntime:undname.obj
 0002:000005e8       ??_C@_02GPIOPFAK@?$DO?$DO@ 1000e5e8     libvcruntime:undname.obj
 0002:000005ec       ??_C@_02FODMEDOG@?$DM?$DM@ 1000e5ec     libvcruntime:undname.obj
 0002:000005f0       ??_C@_01DCLJPIOD@?$CB@     1000e5f0     libvcruntime:undname.obj
 0002:000005f4       ??_C@_02EGOFBIJA@?$DN?$DN@ 1000e5f4     libvcruntime:undname.obj
 0002:000005f8       ??_C@_02FDNJECIE@?$CB?$DN@ 1000e5f8     libvcruntime:undname.obj
 0002:000005fc       ??_C@_02GPECMEKF@?$FL?$FN@ 1000e5fc     libvcruntime:undname.obj
 0002:00000600       ??_C@_08LHJFAFGD@operator@ 1000e600     libvcruntime:undname.obj
 0002:0000060c       ??_C@_02HBOOOICD@?9?$DO@   1000e60c     libvcruntime:undname.obj
 0002:00000610       ??_C@_01NBENCBCI@?$CK@     1000e610     libvcruntime:undname.obj
 0002:00000614       ??_C@_02ECNGHCIF@?$CL?$CL@ 1000e614     libvcruntime:undname.obj
 0002:00000618       ??_C@_02BAABKJLB@?9?9@     1000e618     libvcruntime:undname.obj
 0002:0000061c       ??_C@_01JOAMLHOP@?9@       1000e61c     libvcruntime:undname.obj
 0002:00000620       ??_C@_01MIFGBAGJ@?$CL@     1000e620     libvcruntime:undname.obj
 0002:00000624       ??_C@_01HNPIGOCE@?$CG@     1000e624     libvcruntime:undname.obj
 0002:00000628       ??_C@_03MNHNFDLC@?9?$DO?$CK@ 1000e628     libvcruntime:undname.obj
 0002:0000062c       ??_C@_01KMDKNFGN@?1@       1000e62c     libvcruntime:undname.obj
 0002:00000630       ??_C@_01FGNFDNOH@?$CF@     1000e630     libvcruntime:undname.obj
 0002:00000634       ??_C@_01MNNFJEPP@?$DM@     1000e634     libvcruntime:undname.obj
 0002:00000638       ??_C@_02EHCHHCKH@?$DM?$DN@ 1000e638     libvcruntime:undname.obj
 0002:0000063c       ??_C@_01PPODPGHN@?$DO@     1000e63c     libvcruntime:undname.obj
 0002:00000640       ??_C@_02EEKDKGMJ@?$DO?$DN@ 1000e640     libvcruntime:undname.obj
 0002:00000644       ??_C@_01IHBHIGKO@?0@       1000e644     libvcruntime:undname.obj
 0002:00000648       ??_C@_02HCKGKOFO@?$CI?$CJ@ 1000e648     libvcruntime:undname.obj
 0002:0000064c       ??_C@_01PJKLJHI@?$HO@      1000e64c     libvcruntime:undname.obj
 0002:00000650       ??_C@_01JKBOJNNK@?$FO@     1000e650     libvcruntime:undname.obj
 0002:00000654       ??_C@_01DNKMNLPK@?$HM@     1000e654     libvcruntime:undname.obj
 0002:00000658       ??_C@_02PPKAJPJL@?$CG?$CG@ 1000e658     libvcruntime:undname.obj
 0002:0000065c       ??_C@_02NONPIBCD@?$HM?$HM@ 1000e65c     libvcruntime:undname.obj
 0002:00000660       ??_C@_02FPIMKNGF@?$CK?$DN@ 1000e660     libvcruntime:undname.obj
 0002:00000664       ??_C@_02FOEOMHFC@?$CL?$DN@ 1000e664     libvcruntime:undname.obj
 0002:00000668       ??_C@_02FKMDLLOA@?9?$DN@   1000e668     libvcruntime:undname.obj
 0002:0000066c       ??_C@_02FJEHGPIO@?1?$DN@   1000e66c     libvcruntime:undname.obj
 0002:00000670       ??_C@_02FENAOKFI@?$CF?$DN@ 1000e670     libvcruntime:undname.obj
 0002:00000674       ??_C@_03IKFCCPFF@?$DO?$DO?$DN@ 1000e674     libvcruntime:undname.obj
 0002:00000678       ??_C@_03CDNPDDLA@?$DM?$DM?$DN@ 1000e678     libvcruntime:undname.obj
 0002:0000067c       ??_C@_02FGJGFEAB@?$CG?$DN@ 1000e67c     libvcruntime:undname.obj
 0002:00000680       ??_C@_02DHLNPPGH@?$HM?$DN@ 1000e680     libvcruntime:undname.obj
 0002:00000684       ??_C@_02MHEGNOJ@?$FO?$DN@  1000e684     libvcruntime:undname.obj
 0002:00000688       ??_C@_09IFPLHPGF@?$GAvftable?8@ 1000e688     libvcruntime:undname.obj
 0002:00000694       ??_C@_09BLBHBJP@?$GAvbtable?8@ 1000e694     libvcruntime:undname.obj
 0002:000006a0       ??_C@_07FEEIOKP@?$GAvcall?8@ 1000e6a0     libvcruntime:undname.obj
 0002:000006a8       ??_C@_08LLFFHHDJ@?$GAtypeof?8@ 1000e6a8     libvcruntime:undname.obj
 0002:000006b4       ??_C@_0BF@KDPPACIK@?$GAlocal?5static?5guard?8@ 1000e6b4     libvcruntime:undname.obj
 0002:000006cc       ??_C@_08OBABFOLI@?$GAstring?8@ 1000e6cc     libvcruntime:undname.obj
 0002:000006d8       ??_C@_0BD@JDLKDPAB@?$GAvbase?5destructor?8@ 1000e6d8     libvcruntime:undname.obj
 0002:000006ec       ??_C@_0BN@DEGPLNFK@?$GAvector?5deleting?5destructor?8@ 1000e6ec     libvcruntime:undname.obj
 0002:0000070c       ??_C@_0BO@OBMKPJIG@?$GAdefault?5constructor?5closure?8@ 1000e70c     libvcruntime:undname.obj
 0002:0000072c       ??_C@_0BN@IMDCHIKM@?$GAscalar?5deleting?5destructor?8@ 1000e72c     libvcruntime:undname.obj
 0002:0000074c       ??_C@_0BO@PFGOCPJJ@?$GAvector?5constructor?5iterator?8@ 1000e74c     libvcruntime:undname.obj
 0002:0000076c       ??_C@_0BN@LFPFMEDL@?$GAvector?5destructor?5iterator?8@ 1000e76c     libvcruntime:undname.obj
 0002:0000078c       ??_C@_0CE@IKBNEHA@?$GAvector?5vbase?5constructor?5itera@ 1000e78c     libvcruntime:undname.obj
 0002:000007b0       ??_C@_0BL@NILFHHPC@?$GAvirtual?5displacement?5map?8@ 1000e7b0     libvcruntime:undname.obj
 0002:000007cc       ??_C@_0CB@JONCMFFK@?$GAeh?5vector?5constructor?5iterator@ 1000e7cc     libvcruntime:undname.obj
 0002:000007f0       ??_C@_0CA@GCEOPDGL@?$GAeh?5vector?5destructor?5iterator?8@ 1000e7f0     libvcruntime:undname.obj
 0002:00000810       ??_C@_0CH@OOJPLCPH@?$GAeh?5vector?5vbase?5constructor?5it@ 1000e810     libvcruntime:undname.obj
 0002:00000838       ??_C@_0BL@LLKPOHJI@?$GAcopy?5constructor?5closure?8@ 1000e838     libvcruntime:undname.obj
 0002:00000854       ??_C@_0BA@KBCDOMBN@?$GAudt?5returning?8@ 1000e854     libvcruntime:undname.obj
 0002:00000864       ??_C@_03KLGMFNMG@?$GAEH@   1000e864     libvcruntime:undname.obj
 0002:00000868       ??_C@_05KHLCHHI@?$GARTTI@  1000e868     libvcruntime:undname.obj
 0002:00000870       ??_C@_0BA@KKLDJDLB@?$GAlocal?5vftable?8@ 1000e870     libvcruntime:undname.obj
 0002:00000880       ??_C@_0CE@IIHCMGGL@?$GAlocal?5vftable?5constructor?5clos@ 1000e880     libvcruntime:undname.obj
 0002:000008a4       ??_C@_06FHBGPFGH@?5new?$FL?$FN@ 1000e8a4     libvcruntime:undname.obj
 0002:000008ac       ??_C@_09LBNFPBCA@?5delete?$FL?$FN@ 1000e8ac     libvcruntime:undname.obj
 0002:000008b8       ??_C@_0P@HJKNJFNN@?$GAomni?5callsig?8@ 1000e8b8     libvcruntime:undname.obj
 0002:000008c8       ??_C@_0BL@CNOONJFP@?$GAplacement?5delete?5closure?8@ 1000e8c8     libvcruntime:undname.obj
 0002:000008e4       ??_C@_0BN@CKNJLHMB@?$GAplacement?5delete?$FL?$FN?5closure?8@ 1000e8e4     libvcruntime:undname.obj
 0002:00000904       ??_C@_0CG@CFDHKGGD@?$GAmanaged?5vector?5constructor?5ite@ 1000e904     libvcruntime:undname.obj
 0002:0000092c       ??_C@_0CF@IMGKMJNO@?$GAmanaged?5vector?5destructor?5iter@ 1000e92c     libvcruntime:undname.obj
 0002:00000954       ??_C@_0CG@HLDDJMAG@?$GAeh?5vector?5copy?5constructor?5ite@ 1000e954     libvcruntime:undname.obj
 0002:0000097c       ??_C@_0CM@FCBBDIGB@?$GAeh?5vector?5vbase?5copy?5construct@ 1000e97c     libvcruntime:undname.obj
 0002:000009a8       ??_C@_0BL@CLIPGLGB@?$GAdynamic?5initializer?5for?5?8@ 1000e9a8     libvcruntime:undname.obj
 0002:000009c4       ??_C@_0CB@PDBIFEP@?$GAdynamic?5atexit?5destructor?5for?5@ 1000e9c4     libvcruntime:undname.obj
 0002:000009e8       ??_C@_0CD@CGAJBKEJ@?$GAvector?5copy?5constructor?5iterat@ 1000e9e8     libvcruntime:undname.obj
 0002:00000a0c       ??_C@_0CJ@GJELGAMM@?$GAvector?5vbase?5copy?5constructor?5@ 1000ea0c     libvcruntime:undname.obj
 0002:00000a38       ??_C@_0CL@FGIJHLCE@?$GAmanaged?5vector?5copy?5constructo@ 1000ea38     libvcruntime:undname.obj
 0002:00000a64       ??_C@_0BM@PMGGMLDN@?$GAlocal?5static?5thread?5guard?8@ 1000ea64     libvcruntime:undname.obj
 0002:00000a80       ??_C@_0N@BDNMDMOL@operator?5?$CC?$CC?5@ 1000ea80     libvcruntime:undname.obj
 0002:00000a90       ??_C@_0BC@GGEBGALA@operator?5co_await@ 1000ea90     libvcruntime:undname.obj
 0002:00000aa4       ??_C@_0M@GAAIMMOH@operator?$DM?$DN?$DO@ 1000eaa4     libvcruntime:undname.obj
 0002:00000ab0       ??_C@_0BC@DAFEJGAK@?5Type?5Descriptor?8@ 1000eab0     libvcruntime:undname.obj
 0002:00000ac4       ??_C@_0BM@LDKODKLH@?5Base?5Class?5Descriptor?5at?5?$CI@ 1000eac4     libvcruntime:undname.obj
 0002:00000ae0       ??_C@_0BD@LGICGFMM@?5Base?5Class?5Array?8@ 1000eae0     libvcruntime:undname.obj
 0002:00000af4       ??_C@_0BN@MECKDCOJ@?5Class?5Hierarchy?5Descriptor?8@ 1000eaf4     libvcruntime:undname.obj
 0002:00000b14       ??_C@_0BK@CFCOFLF@?5Complete?5Object?5Locator?8@ 1000eb14     libvcruntime:undname.obj
 0002:00000b30       ??_C@_0BG@JNJLAMPM@?$GAanonymous?5namespace?8@ 1000eb30     libvcruntime:undname.obj
 0002:00000b54       ??_C@_1DM@KHCHBNEB@?$AAa?$AAp?$AAi?$AA?9?$AAm?$AAs?$AA?9?$AAw?$AAi?$AAn?$AA?9?$AAc?$AAo?$AAr?$AAe@ 1000eb54     libvcruntime:winapi_downlevel.obj
 0002:00000b90       ??_C@_1DK@LPPGFMPP@?$AAa?$AAp?$AAi?$AA?9?$AAm?$AAs?$AA?9?$AAw?$AAi?$AAn?$AA?9?$AAc?$AAo?$AAr?$AAe@ 1000eb90     libvcruntime:winapi_downlevel.obj
 0002:00000bcc       ??_C@_1BC@GDMECMAK@?$AAk?$AAe?$AAr?$AAn?$AAe?$AAl?$AA3?$AA2@ 1000ebcc     libvcruntime:winapi_downlevel.obj
 0002:00000be0       ??_C@_1BA@PFFKHIOG@?$AAa?$AAp?$AAi?$AA?9?$AAm?$AAs?$AA?9@ 1000ebe0     libvcruntime:winapi_downlevel.obj
 0002:00000bf8       ??_C@_08KNHFBNJ@FlsAlloc@  1000ebf8     libvcruntime:winapi_downlevel.obj
 0002:00000c0c       ??_C@_07PEJMOBNF@FlsFree@  1000ec0c     libvcruntime:winapi_downlevel.obj
 0002:00000c1c       ??_C@_0M@GDNOONDI@FlsGetValue@ 1000ec1c     libvcruntime:winapi_downlevel.obj
 0002:00000c30       ??_C@_0M@JCPCPOEF@FlsSetValue@ 1000ec30     libvcruntime:winapi_downlevel.obj
 0002:00000c44       ??_C@_0BM@HCFOFFN@InitializeCriticalSectionEx@ 1000ec44     libvcruntime:winapi_downlevel.obj
 0002:00000c64       ??_7exception@std@@6B@     1000ec64     libvcruntime:frame.obj
 0002:00000c6c       ??_C@_0BC@EOODALEL@Unknown?5exception@ 1000ec6c     libvcruntime:frame.obj
 0002:00000c84       ??_7bad_exception@std@@6B@ 1000ec84     libvcruntime:frame.obj
 0002:00000c8c       ??_C@_0O@DPKOEFFH@bad?5exception@ 1000ec8c     libvcruntime:frame.obj
 0002:00000ca0       ___acrt_exception_action_table 1000eca0     libucrt:exception_filter.obj
 0002:00000d30       ___acrt_signal_action_table_count 1000ed30     libucrt:exception_filter.obj
 0002:00000d34       ___acrt_signal_action_first_fpe_index 1000ed34     libucrt:exception_filter.obj
 0002:00000d38       ___acrt_signal_action_fpe_count 1000ed38     libucrt:exception_filter.obj
 0002:00000d3c       ??_C@_1BI@BGOHAHKC@?$AAm?$AAs?$AAc?$AAo?$AAr?$AAe?$AAe?$AA?4?$AAd?$AAl?$AAl@ 1000ed3c     libucrt:exit.obj
 0002:00000d54       ??_C@_0P@MIGLKIOC@CorExitProcess@ 1000ed54     libucrt:exit.obj
 0002:00000f60       ??_C@_1M@HPNHIDJI@?$AAj?$AAa?$AA?9?$AAJ?$AAP@ 1000ef60     libucrt:mbctype.obj
 0002:00000f6c       ??_C@_1M@BIBDDEMK@?$AAz?$AAh?$AA?9?$AAC?$AAN@ 1000ef6c     libucrt:mbctype.obj
 0002:00000f78       ??_C@_1M@JLOOOEGK@?$AAk?$AAo?$AA?9?$AAK?$AAR@ 1000ef78     libucrt:mbctype.obj
 0002:00000f84       ??_C@_1M@CLNBBOPM@?$AAz?$AAh?$AA?9?$AAT?$AAW@ 1000ef84     libucrt:mbctype.obj
 0002:00000ff0       ??_C@_1EA@JGEFHKEI@?$AAa?$AAp?$AAi?$AA?9?$AAm?$AAs?$AA?9?$AAw?$AAi?$AAn?$AA?9?$AAc?$AAo?$AAr?$AAe@ 1000eff0     libucrt:winapi_thunks.obj
 0002:00001030       ??_C@_1DM@LFJCLCKP@?$AAa?$AAp?$AAi?$AA?9?$AAm?$AAs?$AA?9?$AAw?$AAi?$AAn?$AA?9?$AAc?$AAo?$AAr?$AAe@ 1000f030     libucrt:winapi_thunks.obj
 0002:0000106c       ??_C@_1DI@KMEPCBPN@?$AAa?$AAp?$AAi?$AA?9?$AAm?$AAs?$AA?9?$AAw?$AAi?$AAn?$AA?9?$AAc?$AAo?$AAr?$AAe@ 1000f06c     libucrt:winapi_thunks.obj
 0002:000010a4       ??_C@_1DI@IJCEHOCB@?$AAa?$AAp?$AAi?$AA?9?$AAm?$AAs?$AA?9?$AAw?$AAi?$AAn?$AA?9?$AAc?$AAo?$AAr?$AAe@ 1000f0a4     libucrt:winapi_thunks.obj
 0002:000010dc       ??_C@_1DI@FFFOPEOO@?$AAa?$AAp?$AAi?$AA?9?$AAm?$AAs?$AA?9?$AAw?$AAi?$AAn?$AA?9?$AAc?$AAo?$AAr?$AAe@ 1000f0dc     libucrt:winapi_thunks.obj
 0002:00001118       ??_C@_1EI@MPIAOHOC@?$AAa?$AAp?$AAi?$AA?9?$AAm?$AAs?$AA?9?$AAw?$AAi?$AAn?$AA?9?$AAc?$AAo?$AAr?$AAe@ 1000f118     libucrt:winapi_thunks.obj
 0002:00001160       ??_C@_1FK@FPHCKFIE@?$AAa?$AAp?$AAi?$AA?9?$AAm?$AAs?$AA?9?$AAw?$AAi?$AAn?$AA?9?$AAc?$AAo?$AAr?$AAe@ 1000f160     libucrt:winapi_thunks.obj
 0002:000011c0       ??_C@_1EM@DILCGIIO@?$AAa?$AAp?$AAi?$AA?9?$AAm?$AAs?$AA?9?$AAw?$AAi?$AAn?$AA?9?$AAc?$AAo?$AAr?$AAe@ 1000f1c0     libucrt:winapi_thunks.obj
 0002:0000120c       ??_C@_1DM@LNCGDDPN@?$AAa?$AAp?$AAi?$AA?9?$AAm?$AAs?$AA?9?$AAw?$AAi?$AAn?$AA?9?$AAc?$AAo?$AAr?$AAe@ 1000f20c     libucrt:winapi_thunks.obj
 0002:00001248       ??_C@_1DO@FPAPJEMD@?$AAa?$AAp?$AAi?$AA?9?$AAm?$AAs?$AA?9?$AAw?$AAi?$AAn?$AA?9?$AAc?$AAo?$AAr?$AAe@ 1000f248     libucrt:winapi_thunks.obj
 0002:00001288       ??_C@_1DK@NDHNAHIO@?$AAa?$AAp?$AAi?$AA?9?$AAm?$AAs?$AA?9?$AAw?$AAi?$AAn?$AA?9?$AAc?$AAo?$AAr?$AAe@ 1000f288     libucrt:winapi_thunks.obj
 0002:000012c4       ??_C@_1DM@KGHDGBCM@?$AAa?$AAp?$AAi?$AA?9?$AAm?$AAs?$AA?9?$AAw?$AAi?$AAn?$AA?9?$AAc?$AAo?$AAr?$AAe@ 1000f2c4     libucrt:winapi_thunks.obj
 0002:00001300       ??_C@_1EO@IJIOEFOH@?$AAa?$AAp?$AAi?$AA?9?$AAm?$AAs?$AA?9?$AAw?$AAi?$AAn?$AA?9?$AAr?$AAt?$AAc?$AAo@ 1000f300     libucrt:winapi_thunks.obj
 0002:00001350       ??_C@_1FG@HHGEKANL@?$AAa?$AAp?$AAi?$AA?9?$AAm?$AAs?$AA?9?$AAw?$AAi?$AAn?$AA?9?$AAs?$AAe?$AAc?$AAu@ 1000f350     libucrt:winapi_thunks.obj
 0002:000013a8       ??_C@_1EG@DBIOJECG@?$AAe?$AAx?$AAt?$AA?9?$AAm?$AAs?$AA?9?$AAw?$AAi?$AAn?$AA?9?$AAn?$AAt?$AAu?$AAs@ 1000f3a8     libucrt:winapi_thunks.obj
 0002:000013f0       ??_C@_1EO@FIHMJCLF@?$AAe?$AAx?$AAt?$AA?9?$AAm?$AAs?$AA?9?$AAw?$AAi?$AAn?$AA?9?$AAn?$AAt?$AAu?$AAs@ 1000f3f0     libucrt:winapi_thunks.obj
 0002:00001440       ??_C@_1BC@DNHGCMLG@?$AAa?$AAd?$AAv?$AAa?$AAp?$AAi?$AA3?$AA2@ 1000f440     libucrt:winapi_thunks.obj
 0002:00001454       ??_C@_1BG@CJPGBMEF@?$AAk?$AAe?$AAr?$AAn?$AAe?$AAl?$AAb?$AAa?$AAs?$AAe@ 1000f454     libucrt:winapi_thunks.obj
 0002:0000146c       ??_C@_1M@OAIMIKLP@?$AAn?$AAt?$AAd?$AAl?$AAl@ 1000f46c     libucrt:winapi_thunks.obj
 0002:00001478       ??_C@_1EG@DPGNFKGC@?$AAa?$AAp?$AAi?$AA?9?$AAm?$AAs?$AA?9?$AAw?$AAi?$AAn?$AA?9?$AAa?$AAp?$AAp?$AAm@ 1000f478     libucrt:winapi_thunks.obj
 0002:000014c0       ??_C@_1O@BCCLBEOE@?$AAu?$AAs?$AAe?$AAr?$AA3?$AA2@ 1000f4c0     libucrt:winapi_thunks.obj
 0002:000014d0       ??_C@_1BA@IAIFMGEF@?$AAe?$AAx?$AAt?$AA?9?$AAm?$AAs?$AA?9@ 1000f4d0     libucrt:winapi_thunks.obj
 0002:000014e4       ??_C@_0BA@FHFNEAED@AreFileApisANSI@ 1000f4e4     libucrt:winapi_thunks.obj
 0002:000014fc       ??_C@_0N@MFBBDCAC@FlsGetValue2@ 1000f4fc     libucrt:winapi_thunks.obj
 0002:00001514       ??_C@_0O@KKBNKAPF@LCMapStringEx@ 1000f514     libucrt:winapi_thunks.obj
 0002:0000152c       ??_C@_0BB@HBDEELFH@LocaleNameToLCID@ 1000f52c     libucrt:winapi_thunks.obj
 0002:00001544       ??_C@_0CF@OJOFEIGO@AppPolicyGetProcessTerminationM@ 1000f544     libucrt:winapi_thunks.obj
 0002:00001570       ___lc_time_c               1000f570     libucrt:nlsdata.obj
 0002:000016d4       ??_C@_03KOEHGMDN@Sun@      1000f6d4     libucrt:nlsdata.obj
 0002:000016d8       ??_C@_03PDAGKDH@Mon@       1000f6d8     libucrt:nlsdata.obj
 0002:000016dc       ??_C@_03NAGEINEP@Tue@      1000f6dc     libucrt:nlsdata.obj
 0002:000016e0       ??_C@_03MHOMLAJA@Wed@      1000f6e0     libucrt:nlsdata.obj
 0002:000016e4       ??_C@_03IOFIKPDN@Thu@      1000f6e4     libucrt:nlsdata.obj
 0002:000016e8       ??_C@_03IDIOELNC@Fri@      1000f6e8     libucrt:nlsdata.obj
 0002:000016ec       ??_C@_03FEFJNEK@Sat@       1000f6ec     libucrt:nlsdata.obj
 0002:000016f0       ??_C@_06OOPIFAJ@Sunday@    1000f6f0     libucrt:nlsdata.obj
 0002:000016f8       ??_C@_06JLEDEDGH@Monday@   1000f6f8     libucrt:nlsdata.obj
 0002:00001700       ??_C@_07BAAGCFCM@Tuesday@  1000f700     libucrt:nlsdata.obj
 0002:00001708       ??_C@_09DLIGFAKA@Wednesday@ 1000f708     libucrt:nlsdata.obj
 0002:00001714       ??_C@_08HACCIKIA@Thursday@ 1000f714     libucrt:nlsdata.obj
 0002:00001720       ??_C@_06JECMNKMI@Friday@   1000f720     libucrt:nlsdata.obj
 0002:00001728       ??_C@_08INBOOONO@Saturday@ 1000f728     libucrt:nlsdata.obj
 0002:00001734       ??_C@_03JIHJHPIE@Jan@      1000f734     libucrt:nlsdata.obj
 0002:00001738       ??_C@_03HJBDCHOM@Feb@      1000f738     libucrt:nlsdata.obj
 0002:0000173c       ??_C@_03ODNJBKGA@Mar@      1000f73c     libucrt:nlsdata.obj
 0002:00001740       ??_C@_03LEOLGMJP@Apr@      1000f740     libucrt:nlsdata.obj
 0002:00001744       ??_C@_03CNMDKL@May@        1000f744     libucrt:nlsdata.obj
 0002:00001748       ??_C@_03IDFGHECI@Jun@      1000f748     libucrt:nlsdata.obj
 0002:0000174c       ??_C@_03LBGABGKK@Jul@      1000f74c     libucrt:nlsdata.obj
 0002:00001750       ??_C@_03IFJFEIGA@Aug@      1000f750     libucrt:nlsdata.obj
 0002:00001754       ??_C@_03GGCAPAJC@Sep@      1000f754     libucrt:nlsdata.obj
 0002:00001758       ??_C@_03BMAOKBAD@Oct@      1000f758     libucrt:nlsdata.obj
 0002:0000175c       ??_C@_03JPJOFNIA@Nov@      1000f75c     libucrt:nlsdata.obj
 0002:00001760       ??_C@_03MKABNOCG@Dec@      1000f760     libucrt:nlsdata.obj
 0002:00001764       ??_C@_07CGJPFGJA@January@  1000f764     libucrt:nlsdata.obj
 0002:0000176c       ??_C@_08GNJGEPFN@February@ 1000f76c     libucrt:nlsdata.obj
 0002:00001778       ??_C@_05HPCKOFNC@March@    1000f778     libucrt:nlsdata.obj
 0002:00001780       ??_C@_05DMJDNLEJ@April@    1000f780     libucrt:nlsdata.obj
 0002:00001788       ??_C@_04CNLMGBGM@June@     1000f788     libucrt:nlsdata.obj
 0002:00001790       ??_C@_04MIEPOIFP@July@     1000f790     libucrt:nlsdata.obj
 0002:00001798       ??_C@_06LBBHFDDG@August@   1000f798     libucrt:nlsdata.obj
 0002:000017a0       ??_C@_09BHHEALKD@September@ 1000f7a0     libucrt:nlsdata.obj
 0002:000017ac       ??_C@_07JJNFCEND@October@  1000f7ac     libucrt:nlsdata.obj
 0002:000017b4       ??_C@_08HCHEGEOA@November@ 1000f7b4     libucrt:nlsdata.obj
 0002:000017c0       ??_C@_08EDHMEBNP@December@ 1000f7c0     libucrt:nlsdata.obj
 0002:000017cc       ??_C@_02DEDBPAFC@AM@       1000f7cc     libucrt:nlsdata.obj
 0002:000017d0       ??_C@_02CJNFDJBF@PM@       1000f7d0     libucrt:nlsdata.obj
 0002:000017d4       ??_C@_08BPBNCDIB@MM?1dd?1yy@ 1000f7d4     libucrt:nlsdata.obj
 0002:000017e0       ??_C@_0BE@CKGJFCPC@dddd?0?5MMMM?5dd?0?5yyyy@ 1000f7e0     libucrt:nlsdata.obj
 0002:000017f4       ??_C@_08JCCMCCIL@HH?3mm?3ss@ 1000f7f4     libucrt:nlsdata.obj
 0002:00001800       ??_C@_17MBGCMIPB@?$AAS?$AAu?$AAn@ 1000f800     libucrt:nlsdata.obj
 0002:00001808       ??_C@_17KBOMKBF@?$AAM?$AAo?$AAn@ 1000f808     libucrt:nlsdata.obj
 0002:00001810       ??_C@_17BMKGEGOJ@?$AAT?$AAu?$AAe@ 1000f810     libucrt:nlsdata.obj
 0002:00001818       ??_C@_17CJEDCEPE@?$AAW?$AAe?$AAd@ 1000f818     libucrt:nlsdata.obj
 0002:00001820       ??_C@_17PDPHAADD@?$AAT?$AAh?$AAu@ 1000f820     libucrt:nlsdata.obj
 0002:00001828       ??_C@_17HFOLPPLP@?$AAF?$AAr?$AAi@ 1000f828     libucrt:nlsdata.obj
 0002:00001830       ??_C@_17GGIBDPIH@?$AAS?$AAa?$AAt@ 1000f830     libucrt:nlsdata.obj
 0002:00001838       ??_C@_1O@IHNHDHPB@?$AAS?$AAu?$AAn?$AAd?$AAa?$AAy@ 1000f838     libucrt:nlsdata.obj
 0002:00001848       ??_C@_1O@MMNBFLIA@?$AAM?$AAo?$AAn?$AAd?$AAa?$AAy@ 1000f848     libucrt:nlsdata.obj
 0002:00001858       ??_C@_1BA@ENFBFFEK@?$AAT?$AAu?$AAe?$AAs?$AAd?$AAa?$AAy@ 1000f858     libucrt:nlsdata.obj
 0002:00001868       ??_C@_1BE@EBOGMDOH@?$AAW?$AAe?$AAd?$AAn?$AAe?$AAs?$AAd?$AAa?$AAy@ 1000f868     libucrt:nlsdata.obj
 0002:0000187c       ??_C@_1BC@HHMNLIHE@?$AAT?$AAh?$AAu?$AAr?$AAs?$AAd?$AAa?$AAy@ 1000f87c     libucrt:nlsdata.obj
 0002:00001890       ??_C@_1O@PDICJHAG@?$AAF?$AAr?$AAi?$AAd?$AAa?$AAy@ 1000f890     libucrt:nlsdata.obj
 0002:000018a0       ??_C@_1BC@ENMNNPAJ@?$AAS?$AAa?$AAt?$AAu?$AAr?$AAd?$AAa?$AAy@ 1000f8a0     libucrt:nlsdata.obj
 0002:000018b4       ??_C@_17DKNBKCHM@?$AAJ?$AAa?$AAn@ 1000f8b4     libucrt:nlsdata.obj
 0002:000018bc       ??_C@_17LMDJEKJN@?$AAF?$AAe?$AAb@ 1000f8bc     libucrt:nlsdata.obj
 0002:000018c4       ??_C@_17CKNLEDEC@?$AAM?$AAa?$AAr@ 1000f8c4     libucrt:nlsdata.obj
 0002:000018cc       ??_C@_17LFPOIHDD@?$AAA?$AAp?$AAr@ 1000f8cc     libucrt:nlsdata.obj
 0002:000018d4       ??_C@_17PNNKMEED@?$AAM?$AAa?$AAy@ 1000f8d4     libucrt:nlsdata.obj
 0002:000018dc       ??_C@_17KCJGOCPB@?$AAJ?$AAu?$AAn@ 1000f8dc     libucrt:nlsdata.obj
 0002:000018e4       ??_C@_17IJPCKHK@?$AAJ?$AAu?$AAl@ 1000f8e4     libucrt:nlsdata.obj
 0002:000018ec       ??_C@_17ICPELBCN@?$AAA?$AAu?$AAg@ 1000f8ec     libucrt:nlsdata.obj
 0002:000018f4       ??_C@_17HCHCOKMG@?$AAS?$AAe?$AAp@ 1000f8f4     libucrt:nlsdata.obj
 0002:000018fc       ??_C@_17FNLKOI@?$AAO?$AAc?$AAt@ 1000f8fc     libucrt:nlsdata.obj
 0002:00001904       ??_C@_17BBDMLCIG@?$AAN?$AAo?$AAv@ 1000f904     libucrt:nlsdata.obj
 0002:0000190c       ??_C@_17EGKACKIF@?$AAD?$AAe?$AAc@ 1000f90c     libucrt:nlsdata.obj
 0002:00001914       ??_C@_1BA@EFMEIEBA@?$AAJ?$AAa?$AAn?$AAu?$AAa?$AAr?$AAy@ 1000f914     libucrt:nlsdata.obj
 0002:00001924       ??_C@_1BC@JGDDFFAM@?$AAF?$AAe?$AAb?$AAr?$AAu?$AAa?$AAr?$AAy@ 1000f924     libucrt:nlsdata.obj
 0002:00001938       ??_C@_1M@IKEENEDF@?$AAM?$AAa?$AAr?$AAc?$AAh@ 1000f938     libucrt:nlsdata.obj
 0002:00001944       ??_C@_1M@GJNLMHFD@?$AAA?$AAp?$AAr?$AAi?$AAl@ 1000f944     libucrt:nlsdata.obj
 0002:00001950       ??_C@_19EPFLPGAP@?$AAJ?$AAu?$AAn?$AAe@ 1000f950     libucrt:nlsdata.obj
 0002:0000195c       ??_C@_19BIFMLPCD@?$AAJ?$AAu?$AAl?$AAy@ 1000f95c     libucrt:nlsdata.obj
 0002:00001968       ??_C@_1O@PAHLKOAC@?$AAA?$AAu?$AAg?$AAu?$AAs?$AAt@ 1000f968     libucrt:nlsdata.obj
 0002:00001978       ??_C@_1BE@DKAAMBJL@?$AAS?$AAe?$AAp?$AAt?$AAe?$AAm?$AAb?$AAe?$AAr@ 1000f978     libucrt:nlsdata.obj
 0002:0000198c       ??_C@_1BA@EPANDLNG@?$AAO?$AAc?$AAt?$AAo?$AAb?$AAe?$AAr@ 1000f98c     libucrt:nlsdata.obj
 0002:0000199c       ??_C@_1BC@BGLIFPF@?$AAN?$AAo?$AAv?$AAe?$AAm?$AAb?$AAe?$AAr@ 1000f99c     libucrt:nlsdata.obj
 0002:000019b0       ??_C@_1BC@FEMKIFH@?$AAD?$AAe?$AAc?$AAe?$AAm?$AAb?$AAe?$AAr@ 1000f9b0     libucrt:nlsdata.obj
 0002:000019c4       ??_C@_15ODEHAHHF@?$AAA?$AAM@ 1000f9c4     libucrt:nlsdata.obj
 0002:000019cc       ??_C@_15CLMNNGEL@?$AAP?$AAM@ 1000f9cc     libucrt:nlsdata.obj
 0002:000019d4       ??_C@_1BC@IEBCMHCM@?$AAM?$AAM?$AA?1?$AAd?$AAd?$AA?1?$AAy?$AAy@ 1000f9d4     libucrt:nlsdata.obj
 0002:000019e8       ??_C@_1CI@KNAKOEBC@?$AAd?$AAd?$AAd?$AAd?$AA?0?$AA?5?$AAM?$AAM?$AAM?$AAM?$AA?5?$AAd?$AAd?$AA?0?$AA?5@ 1000f9e8     libucrt:nlsdata.obj
 0002:00001a10       ??_C@_1BC@GDGBMEMK@?$AAH?$AAH?$AA?3?$AAm?$AAm?$AA?3?$AAs?$AAs@ 1000fa10     libucrt:nlsdata.obj
 0002:00001a24       ??_C@_1M@BMHNFIME@?$AAe?$AAn?$AA?9?$AAU?$AAS@ 1000fa24     libucrt:nlsdata.obj
 0002:00001a30       ___newctype                1000fa30     libucrt:ctype.obj
 0002:00001d30       ___newclmap                1000fd30     libucrt:ctype.obj
 0002:00001eb0       ___newcumap                1000feb0     libucrt:ctype.obj
 0002:00002750       ??_C@_15EMKDOKLE@?$AAa?$AAr@ 10010750     libucrt:lcidtoname_downlevel.obj
 0002:00002758       ??_C@_15KNPADPLH@?$AAb?$AAg@ 10010758     libucrt:lcidtoname_downlevel.obj
 0002:00002760       ??_C@_15EDMHLDMO@?$AAc?$AAa@ 10010760     libucrt:lcidtoname_downlevel.obj
 0002:00002768       ??_C@_1O@BPEAJADD@?$AAz?$AAh?$AA?9?$AAC?$AAH?$AAS@ 10010768     libucrt:lcidtoname_downlevel.obj
 0002:00002778       ??_C@_15LJNHCMNK@?$AAc?$AAs@ 10010778     libucrt:lcidtoname_downlevel.obj
 0002:00002780       ??_C@_15FOMCIDHG@?$AAd?$AAa@ 10010780     libucrt:lcidtoname_downlevel.obj
 0002:00002788       ??_C@_15NBKABECB@?$AAd?$AAe@ 10010788     libucrt:lcidtoname_downlevel.obj
 0002:00002790       ??_C@_15GHPEIIAO@?$AAe?$AAl@ 10010790     libucrt:lcidtoname_downlevel.obj
 0002:00002798       ??_C@_15MNPNEAIF@?$AAe?$AAn@ 10010798     libucrt:lcidtoname_downlevel.obj
 0002:000027a0       ??_C@_15GPIOMPMH@?$AAe?$AAs@ 100107a0     libucrt:lcidtoname_downlevel.obj
 0002:000027a8       ??_C@_15NGLOAKJC@?$AAf?$AAi@ 100107a8     libucrt:lcidtoname_downlevel.obj
 0002:000027b0       ??_C@_15FBKGNKAM@?$AAf?$AAr@ 100107b0     libucrt:lcidtoname_downlevel.obj
 0002:000027b8       ??_C@_15KGGCNEFK@?$AAh?$AAe@ 100107b8     libucrt:lcidtoname_downlevel.obj
 0002:000027c0       ??_C@_15PGHLIDMF@?$AAh?$AAu@ 100107c0     libucrt:lcidtoname_downlevel.obj
 0002:000027c8       ??_C@_15BIEMAPLM@?$AAi?$AAs@ 100107c8     libucrt:lcidtoname_downlevel.obj
 0002:000027d0       ??_C@_15IFJLDHAF@?$AAi?$AAt@ 100107d0     libucrt:lcidtoname_downlevel.obj
 0002:000027d8       ??_C@_15GEMIOCAG@?$AAj?$AAa@ 100107d8     libucrt:lcidtoname_downlevel.obj
 0002:000027e0       ??_C@_15EPELEGJA@?$AAk?$AAo@ 100107e0     libucrt:lcidtoname_downlevel.obj
 0002:000027e8       ??_C@_15NDDHIMN@?$AAn?$AAl@ 100107e8     libucrt:lcidtoname_downlevel.obj
 0002:000027f0       ??_C@_15BPIGNHCD@?$AAn?$AAo@ 100107f0     libucrt:lcidtoname_downlevel.obj
 0002:000027f8       ??_C@_15DEOPBLCG@?$AAp?$AAl@ 100107f8     libucrt:lcidtoname_downlevel.obj
 0002:00002800       ??_C@_15KBECGEFG@?$AAp?$AAt@ 10010800     libucrt:lcidtoname_downlevel.obj
 0002:00002808       ??_C@_15GLJCBFMD@?$AAr?$AAo@ 10010808     libucrt:lcidtoname_downlevel.obj
 0002:00002810       ??_C@_15FEDGKCDI@?$AAr?$AAu@ 10010810     libucrt:lcidtoname_downlevel.obj
 0002:00002818       ??_C@_15GLKMLLHM@?$AAh?$AAr@ 10010818     libucrt:lcidtoname_downlevel.obj
 0002:00002820       ??_C@_15CPKMFBDB@?$AAs?$AAk@ 10010820     libucrt:lcidtoname_downlevel.obj
 0002:00002828       ??_C@_15BAAIOGMK@?$AAs?$AAq@ 10010828     libucrt:lcidtoname_downlevel.obj
 0002:00002830       ??_C@_15INNPNOHD@?$AAs?$AAv@ 10010830     libucrt:lcidtoname_downlevel.obj
 0002:00002838       ??_C@_15CABMMOGH@?$AAt?$AAh@ 10010838     libucrt:lcidtoname_downlevel.obj
 0002:00002840       ??_C@_15BPLIHJJM@?$AAt?$AAr@ 10010840     libucrt:lcidtoname_downlevel.obj
 0002:00002848       ??_C@_15NEOEKKDJ@?$AAu?$AAr@ 10010848     libucrt:lcidtoname_downlevel.obj
 0002:00002850       ??_C@_15NFICGAJK@?$AAi?$AAd@ 10010850     libucrt:lcidtoname_downlevel.obj
 0002:00002858       ??_C@_15PJPFLCCM@?$AAu?$AAk@ 10010858     libucrt:lcidtoname_downlevel.obj
 0002:00002860       ??_C@_15HPJPHDM@?$AAb?$AAe@ 10010860     libucrt:lcidtoname_downlevel.obj
 0002:00002868       ??_C@_15LCHLGJII@?$AAs?$AAl@ 10010868     libucrt:lcidtoname_downlevel.obj
 0002:00002870       ??_C@_15PCFJPHHO@?$AAe?$AAt@ 10010870     libucrt:lcidtoname_downlevel.obj
 0002:00002878       ??_C@_15HPFPGODN@?$AAl?$AAv@ 10010878     libucrt:lcidtoname_downlevel.obj
 0002:00002880       ??_C@_15NFFGKGLG@?$AAl?$AAt@ 10010880     libucrt:lcidtoname_downlevel.obj
 0002:00002888       ??_C@_15BDAKCCHN@?$AAf?$AAa@ 10010888     libucrt:lcidtoname_downlevel.obj
 0002:00002890       ??_C@_15NFGIAIAJ@?$AAv?$AAi@ 10010890     libucrt:lcidtoname_downlevel.obj
 0002:00002898       ??_C@_15LMKNDMHN@?$AAh?$AAy@ 10010898     libucrt:lcidtoname_downlevel.obj
 0002:000028a0       ??_C@_15IJBHMCFL@?$AAa?$AAz@ 100108a0     libucrt:lcidtoname_downlevel.obj
 0002:000028a8       ??_C@_15EKOFJABL@?$AAe?$AAu@ 100108a8     libucrt:lcidtoname_downlevel.obj
 0002:000028b0       ??_C@_15BGHADCNK@?$AAm?$AAk@ 100108b0     libucrt:lcidtoname_downlevel.obj
 0002:000028b8       ??_C@_15JDNICKHM@?$AAa?$AAf@ 100108b8     libucrt:lcidtoname_downlevel.obj
 0002:000028c0       ??_C@_15KPJEDBKD@?$AAk?$AAa@ 100108c0     libucrt:lcidtoname_downlevel.obj
 0002:000028c8       ??_C@_15PDNFFFEO@?$AAf?$AAo@ 100108c8     libucrt:lcidtoname_downlevel.obj
 0002:000028d0       ??_C@_15OMLEGLOC@?$AAh?$AAi@ 100108d0     libucrt:lcidtoname_downlevel.obj
 0002:000028d8       ??_C@_15IDNNENKK@?$AAm?$AAs@ 100108d8     libucrt:lcidtoname_downlevel.obj
 0002:000028e0       ??_C@_15MACJNBMH@?$AAk?$AAk@ 100108e0     libucrt:lcidtoname_downlevel.obj
 0002:000028e8       ??_C@_15DKDJEOND@?$AAk?$AAy@ 100108e8     libucrt:lcidtoname_downlevel.obj
 0002:000028f0       ??_C@_15DFGDLJBG@?$AAs?$AAw@ 100108f0     libucrt:lcidtoname_downlevel.obj
 0002:000028f8       ??_C@_15BBFAICNG@?$AAu?$AAz@ 100108f8     libucrt:lcidtoname_downlevel.obj
 0002:00002900       ??_C@_15DKNDCGEA@?$AAt?$AAt@ 10010900     libucrt:lcidtoname_downlevel.obj
 0002:00002908       ??_C@_15MGIFMDPL@?$AAp?$AAa@ 10010908     libucrt:lcidtoname_downlevel.obj
 0002:00002910       ??_C@_15HCNDBBA@?$AAg?$AAu@ 10010910     libucrt:lcidtoname_downlevel.obj
 0002:00002918       ??_C@_15FNBEIBON@?$AAt?$AAa@ 10010918     libucrt:lcidtoname_downlevel.obj
 0002:00002920       ??_C@_15NCHGBGLK@?$AAt?$AAe@ 10010920     libucrt:lcidtoname_downlevel.obj
 0002:00002928       ??_C@_15PHPHCBPF@?$AAk?$AAn@ 10010928     libucrt:lcidtoname_downlevel.obj
 0002:00002930       ??_C@_15DLGBCKMP@?$AAm?$AAr@ 10010930     libucrt:lcidtoname_downlevel.obj
[...]
 0002:000041d0       _Zero                      100121d0     libucrt:ceil_pentium4.obj
 0002:000041e0       _S                         100121e0     libucrt:ceil_pentium4.obj
 0002:000041f0       _NegZero                   100121f0     libucrt:ceil_pentium4.obj
 0002:00004240       LOG_name                   10012240     libucrt:log10_impl.obj
 0002:00004a70       _over                      10012a70     libucrt:fpctrl.obj
 0002:00004a7c       _under                     10012a7c     libucrt:fpctrl.obj
 0002:00004a90       emask                      10012a90     libucrt:log10_pentium4.obj
 0002:00004aa0       CC                         10012aa0     libucrt:log10_pentium4.obj
 0002:00004ab0       Magic                      10012ab0     libucrt:log10_pentium4.obj
 0002:00004ac0       hi_mask                    10012ac0     libucrt:log10_pentium4.obj
 0002:00004ad0       LOG10_2                    10012ad0     libucrt:log10_pentium4.obj
 0002:00004ae0       place_L                    10012ae0     libucrt:log10_pentium4.obj
 0002:00004b00       One                        10012b00     libucrt:log10_pentium4.obj
 0002:00004b10       Zero                       10012b10     libucrt:log10_pentium4.obj
 0002:00004b20       Two52                      10012b20     libucrt:log10_pentium4.obj
 0002:00004b30       Infs                       10012b30     libucrt:log10_pentium4.obj
 0002:00004b40       NaN                        10012b40     libucrt:log10_pentium4.obj
 0002:00004b50       coeff                      10012b50     libucrt:log10_pentium4.obj
 0002:00004bae       _log2max                   10012bae     libucrt:87tran.obj
 0002:00004bb8       _smallarg                  10012bb8     libucrt:87tran.obj
 0002:00004bc2       _half                      10012bc2     libucrt:87tran.obj
 0002:00004c0e       One                        10012c0e     libucrt:87disp.obj
 0002:00004c16       Three                      10012c16     libucrt:87disp.obj
 0002:00004c1e       XAMtoTagTab                10012c1e     libucrt:87disp.obj
 0002:00004c30       One                        10012c30     libucrt:common.obj
 0002:00004c44       DblMax                     10012c44     libucrt:common.obj
 0002:00004c4c       DblMin                     10012c4c     libucrt:common.obj
 0002:00004c54       IeeeAdjO                   10012c54     libucrt:common.obj
 0002:00004c5c       IeeeAdjU                   10012c5c     libucrt:common.obj
 0002:00004c64       _infinity                  10012c64     libucrt:common.obj
 0002:00004c6c       _zero                      10012c6c     libucrt:common.obj
 0002:00004c78       ?_names@?1??_get_fname@@9@4QBU<unnamed-type-_names>@?1??1@YAPADI@Z@B 10012c78     libucrt:fpexcept.obj
 0002:00005440       __sehtable$?dllmain_crt_process_attach@@YAHQAUHINSTANCE__@@QAX@Z 10013440     LIBCMT:dll_dllmain.obj
 0002:00005460       __sehtable$?dllmain_crt_process_detach@@YAH_N@Z 10013460     LIBCMT:dll_dllmain.obj
 0002:00005488       __sehtable$?dllmain_dispatch@@YAHQAUHINSTANCE__@@KQAX@Z 10013488     LIBCMT:dll_dllmain.obj
 0002:000054a8       __sehtable$___scrt_is_nonwritable_in_current_image 100134a8     LIBCMT:utility.obj
 0002:000054c8       __sehtable$___DestructExceptionObject 100134c8     libvcruntime:ehhelpers.obj
 0002:000054e8       __sehtable$?FrameUnwindToState@__FrameHandler3@@SAXPAUEHRegistrationNode@@PAXPBU_s_FuncInfo@@H@Z 100134e8     libvcruntime:frame.obj
 0002:00005510       __sehtable$?CallCatchBlock@@YAPAXPAUEHExceptionRecord@@PAUEHRegistrationNode@@PAU_CONTEXT@@PBU_s_FuncInfo@@PAXHK@Z 10013510     libvcruntime:frame.obj
 0002:00005538       __catchsym$?CallUnexpected@@YAXPBU_s_ESTypeList@@@Z$2 10013538     libvcruntime:frame.obj
 0002:00005548       __unwindtable$?CallUnexpected@@YAXPBU_s_ESTypeList@@@Z 10013548     libvcruntime:frame.obj
 0002:00005558       __tryblocktable$?CallUnexpected@@YAXPBU_s_ESTypeList@@@Z 10013558     libvcruntime:frame.obj
 0002:0000556c       __ehfuncinfo$?CallUnexpected@@YAXPBU_s_ESTypeList@@@Z 1001356c     libvcruntime:frame.obj
 0002:00005590       __sehtable$??$BuildCatchObjectHelperInternal@V__FrameHandler3@@@@YAHPAUEHExceptionRecord@@PAXPBU_s_HandlerType@@PBU_s_CatchableType@@@Z 10013590     libvcruntime:frame.obj
 0002:000055b0       __sehtable$??$BuildCatchObjectInternal@V__FrameHandler3@@@@YAXPAUEHExceptionRecord@@PAXPBU_s_HandlerType@@PBU_s_CatchableType@@@Z 100135b0     libvcruntime:frame.obj
 0002:00005620       __ehfuncinfo$?write_double_translated_ansi_nolock@@YA?AUwrite_result@?A0x17268360@@HQBDIAAV__crt_cached_ptd_host@@@Z 10013620     libucrt:write.obj
 0002:00005620       __ehfuncinfo$?try_cor_exit_process@@YAXI@Z 10013620     libucrt:exit.obj
 0002:00005644       __unwindtable$?common_exit@@YAXHW4_crt_exit_cleanup_mode@@W4_crt_exit_return_mode@@@Z 10013644     libucrt:exit.obj
 0002:0000564c       __ehfuncinfo$?common_exit@@YAXHW4_crt_exit_cleanup_mode@@W4_crt_exit_return_mode@@@Z 1001364c     libucrt:exit.obj
 0002:00005670       __sehtable$??R<lambda_6e4b09c48022b2350581041d5f6b0c4c>@@QBE@XZ 10013670     libucrt:exit.obj
 0002:00005690       __sehtable$??$?RV<lambda_03b1d95aef87969028cfba75ccab2455>@@AAV<lambda_6e4b09c48022b2350581041d5f6b0c4c>@@V<lambda_22bdf7517842c4b3e53723af5aa32b9e>@@@?$__crt_seh_guarded_call@X@@QAEX$$QAV<lambda_03b1d95aef87969028cfba75ccab2455>@@AAV<lambda_6e4b09c48022b2350581041d5f6b0c4c>@@$$QAV<lambda_22bdf7517842c4b3e53723af5aa32b9e>@@@Z 10013690     libucrt:exit.obj
 0002:000056ac       __unwindtable$___dcrt_uninitialize_environments_nolock 100136ac     libucrt:environment_initialization.obj
 0002:000056ac       __unwindtable$___acrt_getptd_noexit 100136ac     libucrt:per_thread_data.obj
 0002:000056bc       __ehfuncinfo$___dcrt_uninitialize_environments_nolock 100136bc     libucrt:environment_initialization.obj
 0002:000056bc       __ehfuncinfo$___acrt_getptd_noexit 100136bc     libucrt:per_thread_data.obj
 0002:000056e0       __unwindtable$___acrt_freeptd 100136e0     libucrt:per_thread_data.obj
 0002:000056e0       __unwindtable$___acrt_getptd_head 100136e0     libucrt:per_thread_data.obj
 0002:000056e0       __unwindtable$___acrt_getptd_noexit_explicit 100136e0     libucrt:per_thread_data.obj
 0002:000056e0       __unwindtable$__execute_onexit_table 100136e0     libucrt:onexit.obj
 0002:000056e8       __ehfuncinfo$___acrt_freeptd 100136e8     libucrt:per_thread_data.obj
 0002:000056e8       __ehfuncinfo$___acrt_getptd_head 100136e8     libucrt:per_thread_data.obj
 0002:000056e8       __ehfuncinfo$___acrt_getptd_noexit_explicit 100136e8     libucrt:per_thread_data.obj
 0002:000056e8       __ehfuncinfo$__execute_onexit_table 100136e8     libucrt:onexit.obj
 0002:00005710       __sehtable$??$?RV<lambda_69a2805e680e0e292e8ba93315fe43a8>@@AAV<lambda_f03950bc5685219e0bcd2087efbe011e>@@V<lambda_03fcd07e894ec930e3f35da366ca99d6>@@@?$__crt_seh_guarded_call@H@@QAEH$$QAV<lambda_69a2805e680e0e292e8ba93315fe43a8>@@AAV<lambda_f03950bc5685219e0bcd2087efbe011e>@@$$QAV<lambda_03fcd07e894ec930e3f35da366ca99d6>@@@Z 10013710     libucrt:onexit.obj
 0002:00005730       __sehtable$_terminate      10013730     libucrt:terminate.obj
 0002:00005750       __sehtable$??$?RV<lambda_15ade71b0218206bbe3333a0c9b79046>@@AAV<lambda_da44e0f8b0f19ba52fefafb335991732>@@V<lambda_207f2d024fc103971653565357d6cd41>@@@?$__crt_seh_guarded_call@X@@QAEX$$QAV<lambda_15ade71b0218206bbe3333a0c9b79046>@@AAV<lambda_da44e0f8b0f19ba52fefafb335991732>@@$$QAV<lambda_207f2d024fc103971653565357d6cd41>@@@Z 10013750     libucrt:per_thread_data.obj
 0002:00005770       __sehtable$??$?RV<lambda_a7e850c220f1c8d1e6efeecdedd162c6>@@AAV<lambda_46720907175c18b6c9d2717bc0d2d362>@@V<lambda_9048902d66e8d99359bc9897bbb930a8>@@@?$__crt_seh_guarded_call@X@@QAEX$$QAV<lambda_a7e850c220f1c8d1e6efeecdedd162c6>@@AAV<lambda_46720907175c18b6c9d2717bc0d2d362>@@$$QAV<lambda_9048902d66e8d99359bc9897bbb930a8>@@@Z 10013770     libucrt:per_thread_data.obj
 0002:00005790       __sehtable$??$?RV<lambda_38edbb1296d33220d7e4dd0ed76b244a>@@AAV<lambda_5ce1d447e08cb34b2473517608e21441>@@V<lambda_fb385d3da700c9147fc39e65dd577a8c>@@@?$__crt_seh_guarded_call@X@@QAEX$$QAV<lambda_38edbb1296d33220d7e4dd0ed76b244a>@@AAV<lambda_5ce1d447e08cb34b2473517608e21441>@@$$QAV<lambda_fb385d3da700c9147fc39e65dd577a8c>@@@Z 10013790     libucrt:per_thread_data.obj
 0002:000057b0       __sehtable$??$?RV<lambda_6affb1475c98b40b75cdec977db92e3c>@@AAV<lambda_b8d4b9c228a6ecc3f80208dbb4b4a104>@@V<lambda_608742c3c92a14382c1684fc64f96c88>@@@?$__crt_seh_guarded_call@X@@QAEX$$QAV<lambda_6affb1475c98b40b75cdec977db92e3c>@@AAV<lambda_b8d4b9c228a6ecc3f80208dbb4b4a104>@@$$QAV<lambda_608742c3c92a14382c1684fc64f96c88>@@@Z 100137b0     libucrt:per_thread_data.obj
 0002:000057d0       __sehtable$?update_thread_multibyte_data_internal@@YAPAU__crt_multibyte_data@@QAU__acrt_ptd@@QAPAU1@@Z 100137d0     libucrt:mbctype.obj
 0002:000057f0       __sehtable$??$?RV<lambda_ceb1ee4838e85a9d631eb091e2fbe199>@@AAV<lambda_ae742caa10f662c28703da3d2ea5e57e>@@V<lambda_cd08b5d6af4937fe54fc07d0c9bf6b37>@@@?$__crt_seh_guarded_call@X@@QAEX$$QAV<lambda_ceb1ee4838e85a9d631eb091e2fbe199>@@AAV<lambda_ae742caa10f662c28703da3d2ea5e57e>@@$$QAV<lambda_cd08b5d6af4937fe54fc07d0c9bf6b37>@@@Z 100137f0     libucrt:mbctype.obj
 0002:00005810       __sehtable$___acrt_initialize_lowio 10013810     libucrt:ioinit.obj
 0002:00005830       __sehtable$__set_new_handler 10013830     libucrt:new_handler.obj
 0002:00005850       __sehtable$__query_new_handler 10013850     libucrt:new_handler.obj
 0002:00005870       __sehtable$_raise          10013870     libucrt:signal.obj
 0002:00005890       __sehtable$??$?RV<lambda_cbab9ec6f41b0180b23cc171c22676b0>@@AAV<lambda_44731a7d0e6d81c3e6aa82d741081786>@@V<lambda_4b292cb8dd18144e164572427af410ab>@@@?$__crt_seh_guarded_call@P6AXH@Z@@QAEP6AXH@Z$$QAV<lambda_cbab9ec6f41b0180b23cc171c22676b0>@@AAV<lambda_44731a7d0e6d81c3e6aa82d741081786>@@$$QAV<lambda_4b292cb8dd18144e164572427af410ab>@@@Z 10013890     libucrt:signal.obj
 0002:000058b0       __sehtable$??$?RV<lambda_2866be3712abc81a800a822484c830d8>@@AAV<lambda_39ca0ed439415581b5b15c265174cece>@@V<lambda_2b24c74d71094a6cd0cb82e44167d71b>@@@?$__crt_seh_guarded_call@X@@QAEX$$QAV<lambda_2866be3712abc81a800a822484c830d8>@@AAV<lambda_39ca0ed439415581b5b15c265174cece>@@$$QAV<lambda_2b24c74d71094a6cd0cb82e44167d71b>@@@Z 100138b0     libucrt:fflush.obj
 0002:000058d0       __sehtable$??$?RV<lambda_2cc53f568c5a2bb6f192f930a45d44ea>@@AAV<lambda_ab61a845afdef5b7c387490eaf3616ee>@@V<lambda_c2ffc0b7726aa6be21d5f0026187e748>@@@?$__crt_seh_guarded_call@X@@QAEX$$QAV<lambda_2cc53f568c5a2bb6f192f930a45d44ea>@@AAV<lambda_ab61a845afdef5b7c387490eaf3616ee>@@$$QAV<lambda_c2ffc0b7726aa6be21d5f0026187e748>@@@Z 100138d0     libucrt:fflush.obj
 0002:000058f0       __sehtable$??$?RV<lambda_e5124f882df8998aaf41531e079ba474>@@AAV<lambda_3e16ef9562a7dcce91392c22ab16ea36>@@V<lambda_e25ca0880e6ef98be67edffd8c599615>@@@?$__crt_seh_guarded_call@X@@QAEX$$QAV<lambda_e5124f882df8998aaf41531e079ba474>@@AAV<lambda_3e16ef9562a7dcce91392c22ab16ea36>@@$$QAV<lambda_e25ca0880e6ef98be67edffd8c599615>@@@Z 100138f0     libucrt:wsetlocale.obj
 0002:00005910       __sehtable$___acrt_update_thread_locale_data 10013910     libucrt:locale_refcounting.obj
 0002:00005930       __sehtable$___acrt_lowio_ensure_fh_exists 10013930     libucrt:osfinfo.obj
 0002:00005950       __sehtable$??$?RV<lambda_9e9de3de5fa147e2223d7db92bc10aa6>@@AAV<lambda_38ce7e780aa69e748d6df282ebc68efe>@@V<lambda_8ca6da459f0f6780f1cff60fdc3d00e5>@@@?$__crt_seh_guarded_call@H@@QAEH$$QAV<lambda_9e9de3de5fa147e2223d7db92bc10aa6>@@AAV<lambda_38ce7e780aa69e748d6df282ebc68efe>@@$$QAV<lambda_8ca6da459f0f6780f1cff60fdc3d00e5>@@@Z 10013950     libucrt:commit.obj
 0002:00005970       __sehtable$__write_internal 10013970     libucrt:write.obj
 0002:00005990       __sehtable$__fcloseall     10013990     libucrt:closeall.obj
 0002:000059b0       __sehtable$?_fclose_internal@@YAHQAU_iobuf@@AAV__crt_cached_ptd_host@@@Z 100139b0     libucrt:fclose.obj
 0002:000059d0       __sehtable$??$?RV<lambda_d422a76eb4c3bf3ad751449ab71a6ea4>@@AAV<lambda_c9ba49e555ba839a7b07aa3fbecb7617>@@V<lambda_9476263c8ee91a25d21c55370bdb50de>@@@?$__crt_seh_guarded_call@H@@QAEH$$QAV<lambda_d422a76eb4c3bf3ad751449ab71a6ea4>@@AAV<lambda_c9ba49e555ba839a7b07aa3fbecb7617>@@$$QAV<lambda_9476263c8ee91a25d21c55370bdb50de>@@@Z 100139d0     libucrt:close.obj
 0002:000059f0       __sehtable$__IsNonwritableInCurrentImage 100139f0     LIBCMT:pesect.obj
 0002:00005a10       .edata                     10013a10     version.exp
 0002:00005a38       rgpv                       10013a38     version.exp
 0002:00005a7c       rgszName                   10013a7c     version.exp
 0002:00005ac0       rgwOrd                     10013ac0     version.exp
 0002:00005ae2       szName                     10013ae2     version.exp
 0002:00005aee       $N00001                    10013aee     version.exp
 0002:00005b02       GetFileVersionInfoA        10013b02     version.exp
 0002:00005b23       $N00002                    10013b23     version.exp
 0002:00005b3e       GetFileVersionInfoByHandle 10013b3e     version.exp
 0002:00005b66       $N00003                    10013b66     version.exp
 0002:00005b7c       GetFileVersionInfoExA      10013b7c     version.exp
 0002:00005b9f       $N00004                    10013b9f     version.exp
 0002:00005bb5       GetFileVersionInfoExW      10013bb5     version.exp
 0002:00005bd8       $N00005                    10013bd8     version.exp
 0002:00005bf0       GetFileVersionInfoSizeA    10013bf0     version.exp
 0002:00005c15       $N00006                    10013c15     version.exp
 0002:00005c2f       GetFileVersionInfoSizeExA  10013c2f     version.exp
 0002:00005c56       $N00007                    10013c56     version.exp
 0002:00005c70       GetFileVersionInfoSizeExW  10013c70     version.exp
 0002:00005c97       $N00008                    10013c97     version.exp
 0002:00005caf       GetFileVersionInfoSizeW    10013caf     version.exp
 0002:00005cd4       $N00009                    10013cd4     version.exp
 0002:00005ce8       GetFileVersionInfoW        10013ce8     version.exp
 0002:00005d09       $N00010                    10013d09     version.exp
 0002:00005d16       VerFindFileA               10013d16     version.exp
 0002:00005d30       $N00011                    10013d30     version.exp
 0002:00005d3d       VerFindFileW               10013d3d     version.exp
 0002:00005d57       $N00012                    10013d57     version.exp
 0002:00005d67       VerInstallFileA            10013d67     version.exp
 0002:00005d84       $N00013                    10013d84     version.exp
 0002:00005d94       VerInstallFileW            10013d94     version.exp
 0002:00005db1       $N00014                    10013db1     version.exp
 0002:00005dc2       VerLanguageNameA           10013dc2     version.exp
 0002:00005de0       $N00015                    10013de0     version.exp
 0002:00005df1       VerLanguageNameW           10013df1     version.exp
 0002:00005e0f       $N00016                    10013e0f     version.exp
 0002:00005e1e       VerQueryValueA             10013e1e     version.exp
 0002:00005e3a       $N00017                    10013e3a     version.exp
 0002:00005e49       VerQueryValueW             10013e49     version.exp
 0002:00005fe4       .idata$6                   10013fe4     kernel32:KERNEL32.dll
 0003:000000a0       ?__vcrt_flsindex@@3KA      100150a0     libvcruntime:per_thread_data.obj
 0003:000000d0       ?__acrt_flsindex@@3KA      100150d0     libucrt:per_thread_data.obj
 0003:000000d4       ?errno_no_memory@@3HA      100150d4     libucrt:errno.obj
 0003:000000d8       ?doserrno_no_memory@@3KA   100150d8     libucrt:errno.obj
 0003:00000300       __mbctypes                 10015300     libucrt:mbctype.obj
 0003:00000408       __mbcasemaps               10015408     libucrt:mbctype.obj
 0003:00000508       ?__rgctypeflag@@3PADA      10015508     libucrt:mbctype.obj
 0003:00000510       ?__rgcode_page_info@@3PAUcode_page_info@@A 10015510     libucrt:mbctype.obj
 0003:000008d0       ?__dcrt_lowio_console_output_handle@@3PAXA 100158d0     libucrt:initcon.obj
 0003:00000948       ?__proc_attached@@3HA      10015948     LIBCMT:dll_dllmain.obj
 0003:00000970       ?is_initialized_as_dll@@3_NA 10015970     LIBCMT:utility.obj
 0003:00000971       ?module_local_atexit_table_initialized@@3_NA 10015971     LIBCMT:utility.obj
 0003:00000974       ?module_local_atexit_table@@3U_onexit_table_t@@A 10015974     LIBCMT:utility.obj
 0003:00000980       ?module_local_at_quick_exit_table@@3U_onexit_table_t@@A 10015980     LIBCMT:utility.obj
 0003:000009a0       _GS_ExceptionRecord        100159a0     LIBCMT:gs_report.obj
 0003:000009f0       _GS_ContextRecord          100159f0     LIBCMT:gs_report.obj
 0003:00000cc0       ?__vcrt_startup_thread_ptd@@3U__vcrt_ptd@@A 10015cc0     libvcruntime:per_thread_data.obj
 0003:00000ce8       ___vcrt_lock_table         10015ce8     libvcruntime:locks.obj
 0003:00000d00       ___vcrt_locks_initialized  10015d00     libvcruntime:locks.obj
 0003:00000d04       ?module_handles@@3PAPAUHINSTANCE__@@A 10015d04     libvcruntime:winapi_downlevel.obj
 0003:00000d10       ?function_pointers@@3PAPAXA 10015d10     libvcruntime:winapi_downlevel.obj
 0003:00000d28       ?c_termination_complete@@3JA 10015d28     libucrt:exit.obj
 0003:00000d2c       ?thread_local_exit_callback_func@@3P6GXPAXK0@ZA 10015d2c     libucrt:exit.obj
 0003:00000d30       ?c_exit_complete@?1???R<lambda_6e4b09c48022b2350581041d5f6b0c4c>@@QBE@XZ@4_NA 10015d30     libucrt:exit.obj
 0003:00000d38       ?program_name@?1???$common_configure_argv@D@@YAHW4_crt_argv_mode@@@Z@4PADA 10015d38     libucrt:argv_parsing.obj
 0003:00000e70       ?__acrt_lock_table@@3PAU_RTL_CRITICAL_SECTION@@A 10015e70     libucrt:locks.obj
 0003:00000fd8       ?__acrt_locks_initialized@@3IA 10015fd8     libucrt:locks.obj
 0003:00000fdc       ?__acrt_invalid_parameter_handler@@3V?$dual_state_global@P6AXPB_W00II@Z@__crt_state_management@@A 10015fdc     libucrt:invalid_parameter.obj
 0003:00000fec       ?fSystemSet@@3HA           10015fec     libucrt:mbctype.obj
 0003:00000ff0       ?initialized@?1??__acrt_initialize_multibyte@@9@4_NA 10015ff0     libucrt:mbctype.obj
 0003:00001010       ?module_handles@@3PAPAUHINSTANCE__@@A 10016010     libucrt:winapi_thunks.obj
 0003:00001274       ?__acrt_new_handler@@3V?$dual_state_global@P6AHI@Z@__crt_state_management@@A 10016274     libucrt:new_handler.obj
 0003:00001278       ?ctrlc_action@@3V?$dual_state_global@P6AXH@Z@__crt_state_management@@A 10016278     libucrt:signal.obj
 0003:0000127c       ?ctrlbreak_action@@3V?$dual_state_global@P6AXH@Z@__crt_state_management@@A 1001627c     libucrt:signal.obj
 0003:00001280       ?abort_action@@3V?$dual_state_global@P6AXH@Z@__crt_state_management@@A 10016280     libucrt:signal.obj
 0003:00001284       ?term_action@@3V?$dual_state_global@P6AXH@Z@__crt_state_management@@A 10016284     libucrt:signal.obj
 0003:00001288       ?user_matherr@@3V?$dual_state_global@P6AHPAU_exception@@@Z@__crt_state_management@@A 10016288     libucrt:matherr.obj
 0003:000012a0       ?internal_state@?1??_mbtowc_internal@@9@4U_Mbstatet@@A 100162a0     libucrt:mbtowc.obj
 0003:000012a8       ?internal_pst@?1??__mbrtoc32_utf8@__crt_mbstring@@YAIPA_UPBDIPAU_Mbstatet@@AAV__crt_cached_ptd_host@@@Z@4U3@A 100162a8     libucrt:mbrtoc32.obj
 0003:000012b4       ?__acrt_global_new_mode@@3V?$dual_state_global@J@__crt_state_management@@A 100162b4     libucrt:new_mode.obj
 0003:000012c0       ?__acrt_app_type@@3W4_crt_app_type@@A 100162c0     libucrt:report_runtime_error.obj
 0003:000012c4       __pmatherr_set             100162c4     libucrt:libm_error.obj
 0004:00000000       ?function_pointers@@3PAPAXA 10017000     libucrt:winapi_thunks.obj
 0005:00000060       $R000000                   10018060     * linker generated manifest res *
