 ext_client

 Timestamp is 6a2dadbe (Sat Jun 13 22:21:34 2026)

 Preferred load address is 10000000

 Start         Length     Name                   Class
 0001:00000000 000002e0H .text$di                CODE
 0001:000002e0 000ad9f0H .text$mn                CODE
 0001:000adcd0 000020a0H .text$x                 CODE
 0001:000afd70 00000259H .text$yd                CODE
 0002:00000000 00000324H .idata$5                DATA
 0002:00000324 00000008H .00cfg                  DATA
 0002:0000032c 00000004H .CRT$XCA                DATA
 0002:00000330 0000000cH .CRT$XCC                DATA
 0002:0000033c 00000008H .CRT$XCL                DATA
 0002:00000344 00000054H .CRT$XCU                DATA
 0002:00000398 00000004H .CRT$XCZ                DATA
 0002:0000039c 00000004H .CRT$XDA                DATA
 0002:000003a0 00000004H .CRT$XDZ                DATA
 0002:000003a4 00000004H .CRT$XIA                DATA
 0002:000003a8 00000018H .CRT$XIC                DATA
 0002:000003c0 00000004H .CRT$XIZ                DATA
 0002:000003c4 00000004H .CRT$XLA                DATA
 0002:000003c8 00000004H .CRT$XLC                DATA
 0002:000003cc 00000004H .CRT$XLZ                DATA
 0002:000003d0 00000004H .CRT$XPA                DATA
 0002:000003d4 00000008H .CRT$XPX                DATA
 0002:000003dc 00000004H .CRT$XPXA               DATA
 0002:000003e0 00000004H .CRT$XPZ                DATA
 0002:000003e4 00000004H .CRT$XTA                DATA
 0002:000003e8 00000018H .CRT$XTZ                DATA
 0002:000003ec 00000000H .gfids$y                DATA
 0002:00000400 0001ca40H .rdata                  DATA
 0002:0001ce40 00000000H .rdata$CastGuardVftablesA DATA
 0002:0001ce40 00000000H .rdata$CastGuardVftablesC DATA
 0002:0001ce40 00000018H .rdata$T                DATA
 0002:0001ce58 0000152cH .rdata$r                DATA
 0002:0001e384 000001b8H .rdata$voltmd           DATA
 0002:0001e53c 00000438H .rdata$zzzdbg           DATA
 0002:0001e974 00000004H .rtc$IAA                DATA
 0002:0001e978 00000004H .rtc$IZZ                DATA
 0002:0001e97c 00000004H .rtc$TAA                DATA
 0002:0001e980 00000004H .rtc$TZZ                DATA
 0002:0001e984 00000004H .tls                    DATA
 0002:0001e988 00000018H .tls$                   DATA
 0002:0001e9a0 00000008H .tls$ZZZ                DATA
 0002:0001e9a8 000029dcH .xdata$x                DATA
 0002:00021384 00000000H .edata                  DATA
 0002:00021384 00000064H .idata$2                DATA
 0002:000213e8 00000014H .idata$3                DATA
 0002:000213fc 00000324H .idata$4                DATA
 0002:00021720 00000e48H .idata$6                DATA
 0003:00000000 00001120H .data                   DATA
 0003:00001120 00000818H .data$r                 DATA
 0003:00001938 00001058H .data$rs                DATA
 0003:00002990 00004298H .bss                    DATA
 0004:00000000 00000080H .fptable                DATA
 0005:00000000 00000060H .rsrc$01                DATA
 0005:00000060 00000180H .rsrc$02                DATA

  Address         Publics by Value              Rva+Base       Lib:Object

 0000:00000000       ___AbsoluteZero            00000000     <absolute>
 0000:00000000       ___arm64x_extra_rfe_table  00000000     <absolute>
 0000:00000000       ___arm64x_extra_rfe_table_size 00000000     <absolute>
 0000:00000000       ___arm64x_native_entrypoint 00000000     <absolute>
 0000:00000000       ___arm64x_redirection_metadata 00000000     <absolute>
 0000:00000000       ___arm64x_redirection_metadata_count 00000000     <absolute>
 0000:00000000       ___dynamic_value_reloc_table 00000000     <absolute>
 0000:00000000       ___enclave_config          00000000     <absolute>
 0000:00000000       ___guard_check_icall_a64n_fptr 00000000     <absolute>
 0000:00000000       ___guard_eh_cont_count     00000000     <absolute>
 0000:00000000       ___guard_eh_cont_table     00000000     <absolute>
 0000:00000000       ___guard_fids_count        00000000     <absolute>
 0000:00000000       ___guard_fids_table        00000000     <absolute>
 0000:00000000       ___guard_iat_count         00000000     <absolute>
 0000:00000000       ___guard_iat_table         00000000     <absolute>
 0000:00000000       ___guard_longjmp_count     00000000     <absolute>
 0000:00000000       ___guard_longjmp_table     00000000     <absolute>
 0000:00000000       ___hybrid_auxiliary_delayload_iat 00000000     <absolute>
 0000:00000000       ___hybrid_auxiliary_delayload_iat_copy 00000000     <absolute>
 0000:00000000       ___hybrid_auxiliary_iat    00000000     <absolute>
 0000:00000000       ___hybrid_auxiliary_iat_copy 00000000     <absolute>
 0000:00000000       ___hybrid_code_map         00000000     <absolute>
 0000:00000000       ___hybrid_code_map_count   00000000     <absolute>
 0000:00000000       ___hybrid_image_info_bitfield 00000000     <absolute>
 0000:00000000       ___safe_se_handler_count   00000000     <absolute>
 0000:00000000       ___safe_se_handler_table   00000000     <absolute>
 0000:00000000       ___x64_code_ranges_to_entry_points 00000000     <absolute>
 0000:00000000       ___x64_code_ranges_to_entry_points_count 00000000     <absolute>
 0000:00000000       __except_list              00000000     <absolute>
 0000:0000002c       __tls_array                0000002c     <absolute>
 0000:00000100       ___guard_flags             00000100     <absolute>
 0000:00000000       ___ImageBase               10000000     <linker-defined>
 0001:00000300       _DllMain@12                10001300 f   dllmain.obj
 0001:00000350       ??$sleep_for@_JU?$ratio@$00$0DOI@@std@@@this_thread@std@@YAXABV?$duration@_JU?$ratio@$00$0DOI@@std@@@chrono@1@@Z 10001350 f i ext_client.obj
 0001:00000530       ?apply@?$make_hook@$00XH@utils@ext_client@@QAE_NIP6GXH@Z@Z 10001530 f i ext_client.obj
 0001:00000530       ?apply@?$make_hook@$00XI@utils@ext_client@@QAE_NIP6GXI@Z@Z 10001530 f i ext_client.obj
 0001:00000530       ?apply@?$make_hook@$0A@XPAX@utils@ext_client@@QAE_NIP6IXPAX@Z@Z 10001530 f i ext_client.obj
 0001:00000570       ?cleanup@core@ext_client@@QAEXXZ 10001570 f   ext_client.obj
 0001:00000620       ?get@core@ext_client@@SAAAV12@XZ 10001620 f   ext_client.obj
 0001:00000630       ?get_module@core@ext_client@@QBEPAUHINSTANCE__@@XZ 10001630 f   ext_client.obj
 0001:00000640       ?load@?$_Atomic_storage@_N$00@std@@QBE_NW4memory_order@2@@Z 10001640 f i ext_client.obj
 0001:00000650       ?now@steady_clock@chrono@std@@SA?AV?$time_point@Usteady_clock@chrono@std@@V?$duration@_JU?$ratio@$00$0DLJKMKAA@@std@@@23@@23@XZ 10001650 f i ext_client.obj
 0001:000007d0       ?run@core@ext_client@@QAEXPAUHINSTANCE__@@@Z 100017d0 f   ext_client.obj
 0001:000009b0       ?set_main_thread_id@core@ext_client@@QAEXK@Z 100019b0 f   ext_client.obj
 0001:000009c0       ?store@?$_Atomic_storage@_N$00@std@@QAEX_NW4memory_order@2@@Z 100019c0 f i ext_client.obj
 0001:000009f0       ?tick@core@ext_client@@QAEXXZ 100019f0 f   ext_client.obj
 0001:00000a00       ?apply_detour@utils@ext_client@@YA_NPAD0PAPAD@Z 10001a00 f   hooks.obj
 0001:00000a70       ?hook_lib_init@utils@ext_client@@YA_NXZ 10001a70 f   hooks.obj
 0001:00000aa0       ?hook_lib_shutdown@utils@ext_client@@YA_NXZ 10001aa0 f   hooks.obj
 0001:00000ad0       ?remove_detour@utils@ext_client@@YA_NPAD@Z 10001ad0 f   hooks.obj
 0001:00000b00       ?arm@shutdown_guard@utils@ext_client@@YAXPBD@Z 10001b00 f   shutdown_guard.obj
 0001:00000b40       ?poll@shutdown_guard@utils@ext_client@@YAXXZ 10001b40 f   shutdown_guard.obj
 0001:00000b90       ??$_Destroy_range@V?$allocator@V?$function@$$A6AXXZ@std@@@std@@@std@@YAXPAV?$function@$$A6AXXZ@0@QAV10@AAV?$allocator@V?$function@$$A6AXXZ@std@@@0@@Z 10001b90 f i d3d_hook.obj
 0001:00000bd0       ??$_Emplace_reallocate@V?$function@$$A6AXXZ@std@@@?$vector@V?$function@$$A6AXXZ@std@@V?$allocator@V?$function@$$A6AXXZ@std@@@2@@std@@AAEPAV?$function@$$A6AXXZ@1@QAV21@$$QAV21@@Z 10001bd0 f i d3d_hook.obj
 0001:00000dc0       ??$_Uninitialized_move@PAV?$function@$$A6AXXZ@std@@V?$allocator@V?$function@$$A6AXXZ@std@@@2@@std@@YAPAV?$function@$$A6AXXZ@0@QAV10@0PAV10@AAV?$allocator@V?$function@$$A6AXXZ@std@@@0@@Z 10001dc0 f i d3d_hook.obj
 0001:00000e40       ??0bad_alloc@std@@QAE@ABV01@@Z 10001e40 f i d3d_hook.obj
 0001:00000e80       ??0bad_array_new_length@std@@QAE@ABV01@@Z 10001e80 f i d3d_hook.obj
 0001:00000ec0       ??0bad_array_new_length@std@@QAE@XZ 10001ec0 f i d3d_hook.obj
 0001:00000ee0       ??0exception@std@@QAE@ABV01@@Z 10001ee0 f i d3d_hook.obj
 0001:00000f10       ??1?$function@$$A6A?AW4handler_result@net_manager@ext_client@@AAUpacket_view@23@@Z@std@@QAE@XZ 10001f10 f i net_manager.obj
 0001:00000f10       ??1?$function@$$A6AXXZ@std@@QAE@XZ 10001f10 f i d3d_hook.obj
 0001:00000f40       ??1?$vector@V?$function@$$A6AXXZ@std@@V?$allocator@V?$function@$$A6AXXZ@std@@@2@@std@@QAE@XZ 10001f40 f i d3d_hook.obj
 0001:00000fc0       ??1_Init_once_completer@std@@QAE@XZ 10001fc0 f i d3d_hook.obj
 0001:00000fe0       ??1bad_alloc@std@@UAE@XZ   10001fe0 f i d3d_hook.obj
 0001:00000fe0       ??1bad_array_new_length@std@@UAE@XZ 10001fe0 f i d3d_hook.obj
 0001:00000fe0       ??1bad_exception@std@@UAE@XZ 10001fe0 f i libvcruntime:frame.obj
 0001:00000fe0       ??1bad_function_call@std@@UAE@XZ 10001fe0 f i libcpmt:xthrow.obj
 0001:00000fe0       ??1failure@ios_base@std@@UAE@XZ 10001fe0 f i client_config.obj
 0001:00000fe0       ??1length_error@std@@UAE@XZ 10001fe0 f i libcpmt:xthrow.obj
 0001:00000fe0       ??1out_of_range@std@@UAE@XZ 10001fe0 f i libcpmt:xthrow.obj
 0001:00000fe0       ??1runtime_error@std@@UAE@XZ 10001fe0 f i client_config.obj
 0001:00000fe0       ??1system_error@std@@UAE@XZ 10001fe0 f i client_config.obj
 0001:00001000       ??_Ebad_alloc@std@@UAEPAXI@Z 10002000 f i d3d_hook.obj
 0001:00001000       ??_Ebad_array_new_length@std@@UAEPAXI@Z 10002000 f i d3d_hook.obj
 0001:00001000       ??_Eexception@std@@UAEPAXI@Z 10002000 f i d3d_hook.obj
 0001:00001000       ??_Eruntime_error@std@@UAEPAXI@Z 10002000 f i client_config.obj
 0001:00001000       ??_Gbad_alloc@std@@UAEPAXI@Z 10002000 f i d3d_hook.obj
 0001:00001000       ??_Gbad_array_new_length@std@@UAEPAXI@Z 10002000 f i d3d_hook.obj
 0001:00001000       ??_Gexception@std@@UAEPAXI@Z 10002000 f i d3d_hook.obj
 0001:00001000       ??_Gruntime_error@std@@UAEPAXI@Z 10002000 f i client_config.obj
 0001:00001030       ?_Copy@?$_Func_impl_no_alloc@V<lambda_59909544974d3be07ecadbe172069b22>@@X$$V@std@@EBEPAV?$_Func_base@X$$V@2@PAX@Z 10002030 f i d3d_hook.obj
 0001:00001030       ?_Move@?$_Func_impl_no_alloc@V<lambda_59909544974d3be07ecadbe172069b22>@@X$$V@std@@EAEPAV?$_Func_base@X$$V@2@PAX@Z 10002030 f i d3d_hook.obj
 0001:00001050       ?_Copy@?$_Func_impl_no_alloc@V<lambda_8019bdfe0512b4fe063b74018eb77c39>@@X$$V@std@@EBEPAV?$_Func_base@X$$V@2@PAX@Z 10002050 f i d3d_hook.obj
 0001:00001050       ?_Move@?$_Func_impl_no_alloc@V<lambda_8019bdfe0512b4fe063b74018eb77c39>@@X$$V@std@@EAEPAV?$_Func_base@X$$V@2@PAX@Z 10002050 f i d3d_hook.obj
 0001:00001070       ?_Copy@?$_Func_impl_no_alloc@V<lambda_b04c464536f8b168a4c9ecd89205d2d2>@@X$$V@std@@EBEPAV?$_Func_base@X$$V@2@PAX@Z 10002070 f i d3d_hook.obj
 0001:00001070       ?_Move@?$_Func_impl_no_alloc@V<lambda_b04c464536f8b168a4c9ecd89205d2d2>@@X$$V@std@@EAEPAV?$_Func_base@X$$V@2@PAX@Z 10002070 f i d3d_hook.obj
 0001:00001090       ?_Copy@?$_Func_impl_no_alloc@V<lambda_ee8dfbd253b68aa19b43fb36ec206597>@@X$$V@std@@EBEPAV?$_Func_base@X$$V@2@PAX@Z 10002090 f i d3d_hook.obj
 0001:00001090       ?_Move@?$_Func_impl_no_alloc@V<lambda_ee8dfbd253b68aa19b43fb36ec206597>@@X$$V@std@@EAEPAV?$_Func_base@X$$V@2@PAX@Z 10002090 f i d3d_hook.obj
 0001:000010b0       ?_Delete_this@?$_Func_impl_no_alloc@V<lambda_00dbecd7ce64df782535c75b83b36d9b>@@X$$V@std@@EAEX_N@Z 100020b0 f i quest_hook.obj
 0001:000010b0       ?_Delete_this@?$_Func_impl_no_alloc@V<lambda_05397b0f5f50f30f14183dccbd5f6e17>@@X$$V@std@@EAEX_N@Z 100020b0 f i packet_hook.obj
 0001:000010b0       ?_Delete_this@?$_Func_impl_no_alloc@V<lambda_0753aca32cbf0d54a6a3e7c426e16cb4>@@X$$V@std@@EAEX_N@Z 100020b0 f i version_check_hook.obj
 0001:000010b0       ?_Delete_this@?$_Func_impl_no_alloc@V<lambda_079c22eb3c80a0513874cc5549a2b922>@@X$$V@std@@EAEX_N@Z 100020b0 f i packet_hook.obj
 0001:000010b0       ?_Delete_this@?$_Func_impl_no_alloc@V<lambda_102cef23f42d3c4b8824b1393e54502b>@@X$$V@std@@EAEX_N@Z 100020b0 f i assert_hook.obj
 0001:000010b0       ?_Delete_this@?$_Func_impl_no_alloc@V<lambda_148d939d3f328850d25f1b60d13e1a30>@@X$$V@std@@EAEX_N@Z 100020b0 f i packet_hook.obj
 0001:000010b0       ?_Delete_this@?$_Func_impl_no_alloc@V<lambda_19ea2bfdb895bb65b013e89caf4128fb>@@X$$V@std@@EAEX_N@Z 100020b0 f i version_check_hook.obj
 0001:000010b0       ?_Delete_this@?$_Func_impl_no_alloc@V<lambda_2361990076fc079cb21c0372f92e4945>@@X$$V@std@@EAEX_N@Z 100020b0 f i intro_hook.obj
 0001:000010b0       ?_Delete_this@?$_Func_impl_no_alloc@V<lambda_2b4e874bcc56da08e0b7e4d871685d0b>@@X$$V@std@@EAEX_N@Z 100020b0 f i version_check_hook.obj
 0001:000010b0       ?_Delete_this@?$_Func_impl_no_alloc@V<lambda_31d96936e7aec46c316efa19b922f190>@@X$$V@std@@EAEX_N@Z 100020b0 f i version_check_hook.obj
 0001:000010b0       ?_Delete_this@?$_Func_impl_no_alloc@V<lambda_567523d5fd7dcefcd0bcfc084fe47d8c>@@X$$V@std@@EAEX_N@Z 100020b0 f i interface_hide_hook.obj
 0001:000010b0       ?_Delete_this@?$_Func_impl_no_alloc@V<lambda_59909544974d3be07ecadbe172069b22>@@X$$V@std@@EAEX_N@Z 100020b0 f i d3d_hook.obj
 0001:000010b0       ?_Delete_this@?$_Func_impl_no_alloc@V<lambda_8019bdfe0512b4fe063b74018eb77c39>@@X$$V@std@@EAEX_N@Z 100020b0 f i d3d_hook.obj
 0001:000010b0       ?_Delete_this@?$_Func_impl_no_alloc@V<lambda_8392ef37813845485c1600dec211f7dd>@@X$$V@std@@EAEX_N@Z 100020b0 f i character_select_hook.obj
 0001:000010b0       ?_Delete_this@?$_Func_impl_no_alloc@V<lambda_871a06b5f1626861ab912f565d990cd1>@@X$$V@std@@EAEX_N@Z 100020b0 f i packet_hook.obj
 0001:000010b0       ?_Delete_this@?$_Func_impl_no_alloc@V<lambda_919ba523871a6660731b860850c24c35>@@X$$V@std@@EAEX_N@Z 100020b0 f i title_hook.obj
 0001:000010b0       ?_Delete_this@?$_Func_impl_no_alloc@V<lambda_9c931b08981ab1c8b2118511c7bdace0>@@X$$V@std@@EAEX_N@Z 100020b0 f i version_check_hook.obj
 0001:000010b0       ?_Delete_this@?$_Func_impl_no_alloc@V<lambda_9e54353aa454f7d92a3812adb7bd9804>@@X$$V@std@@EAEX_N@Z 100020b0 f i character_select_hook.obj
 0001:000010b0       ?_Delete_this@?$_Func_impl_no_alloc@V<lambda_a280fd544349889b841fe2b307d35585>@@X$$V@std@@EAEX_N@Z 100020b0 f i interface_hide_hook.obj
 0001:000010b0       ?_Delete_this@?$_Func_impl_no_alloc@V<lambda_a62fe0be53d700e6aed8d3501e17d169>@@X$$V@std@@EAEX_N@Z 100020b0 f i interface_hide_hook.obj
 0001:000010b0       ?_Delete_this@?$_Func_impl_no_alloc@V<lambda_a9ab3610afa722316d9e4be261787542>@@X$$V@std@@EAEX_N@Z 100020b0 f i character_select_hook.obj
 0001:000010b0       ?_Delete_this@?$_Func_impl_no_alloc@V<lambda_b04c464536f8b168a4c9ecd89205d2d2>@@X$$V@std@@EAEX_N@Z 100020b0 f i d3d_hook.obj
 0001:000010b0       ?_Delete_this@?$_Func_impl_no_alloc@V<lambda_c87f17a2cdfaa0e3acdd13ec8caf5dcf>@@X$$V@std@@EAEX_N@Z 100020b0 f i welcome_msg_hook.obj
 0001:000010b0       ?_Delete_this@?$_Func_impl_no_alloc@V<lambda_cf0eba39f8e1eaab3d7f90723a1611a1>@@X$$V@std@@EAEX_N@Z 100020b0 f i sight_range_hook.obj
 0001:000010b0       ?_Delete_this@?$_Func_impl_no_alloc@V<lambda_d5387bcdc0c40a1de130e5b4a363145c>@@X$$V@std@@EAEX_N@Z 100020b0 f i character_select_hook.obj
 0001:000010b0       ?_Delete_this@?$_Func_impl_no_alloc@V<lambda_d808f1789c8518bdbc5271d6edea4e84>@@X$$V@std@@EAEX_N@Z 100020b0 f i packet_hook.obj
 0001:000010b0       ?_Delete_this@?$_Func_impl_no_alloc@V<lambda_dcdab12d9be94e416b0298cb70ec5c72>@@X$$V@std@@EAEX_N@Z 100020b0 f i version_check_hook.obj
 0001:000010b0       ?_Delete_this@?$_Func_impl_no_alloc@V<lambda_ee8dfbd253b68aa19b43fb36ec206597>@@X$$V@std@@EAEX_N@Z 100020b0 f i d3d_hook.obj
 0001:000010b0       ?_Delete_this@?$_Func_impl_no_alloc@V<lambda_faf072030710147a91b256853ea97040>@@X$$V@std@@EAEX_N@Z 100020b0 f i title_hook.obj
 0001:000010d0       ?_Do_call@?$_Func_impl_no_alloc@V<lambda_00dbecd7ce64df782535c75b83b36d9b>@@X$$V@std@@EAEXXZ 100020d0 f i quest_hook.obj
 0001:000010d0       ?_Do_call@?$_Func_impl_no_alloc@V<lambda_05397b0f5f50f30f14183dccbd5f6e17>@@X$$V@std@@EAEXXZ 100020d0 f i packet_hook.obj
 0001:000010d0       ?_Do_call@?$_Func_impl_no_alloc@V<lambda_0753aca32cbf0d54a6a3e7c426e16cb4>@@X$$V@std@@EAEXXZ 100020d0 f i version_check_hook.obj
 0001:000010d0       ?_Do_call@?$_Func_impl_no_alloc@V<lambda_079c22eb3c80a0513874cc5549a2b922>@@X$$V@std@@EAEXXZ 100020d0 f i packet_hook.obj
 0001:000010d0       ?_Do_call@?$_Func_impl_no_alloc@V<lambda_102cef23f42d3c4b8824b1393e54502b>@@X$$V@std@@EAEXXZ 100020d0 f i assert_hook.obj
 0001:000010d0       ?_Do_call@?$_Func_impl_no_alloc@V<lambda_148d939d3f328850d25f1b60d13e1a30>@@X$$V@std@@EAEXXZ 100020d0 f i packet_hook.obj
 0001:000010d0       ?_Do_call@?$_Func_impl_no_alloc@V<lambda_19ea2bfdb895bb65b013e89caf4128fb>@@X$$V@std@@EAEXXZ 100020d0 f i version_check_hook.obj
 0001:000010d0       ?_Do_call@?$_Func_impl_no_alloc@V<lambda_2361990076fc079cb21c0372f92e4945>@@X$$V@std@@EAEXXZ 100020d0 f i intro_hook.obj
 0001:000010d0       ?_Do_call@?$_Func_impl_no_alloc@V<lambda_2b4e874bcc56da08e0b7e4d871685d0b>@@X$$V@std@@EAEXXZ 100020d0 f i version_check_hook.obj
 0001:000010d0       ?_Do_call@?$_Func_impl_no_alloc@V<lambda_31d96936e7aec46c316efa19b922f190>@@X$$V@std@@EAEXXZ 100020d0 f i version_check_hook.obj
 0001:000010d0       ?_Do_call@?$_Func_impl_no_alloc@V<lambda_567523d5fd7dcefcd0bcfc084fe47d8c>@@X$$V@std@@EAEXXZ 100020d0 f i interface_hide_hook.obj
 0001:000010d0       ?_Do_call@?$_Func_impl_no_alloc@V<lambda_59909544974d3be07ecadbe172069b22>@@X$$V@std@@EAEXXZ 100020d0 f i d3d_hook.obj
 0001:000010d0       ?_Do_call@?$_Func_impl_no_alloc@V<lambda_8019bdfe0512b4fe063b74018eb77c39>@@X$$V@std@@EAEXXZ 100020d0 f i d3d_hook.obj
 0001:000010d0       ?_Do_call@?$_Func_impl_no_alloc@V<lambda_8392ef37813845485c1600dec211f7dd>@@X$$V@std@@EAEXXZ 100020d0 f i character_select_hook.obj
 0001:000010d0       ?_Do_call@?$_Func_impl_no_alloc@V<lambda_871a06b5f1626861ab912f565d990cd1>@@X$$V@std@@EAEXXZ 100020d0 f i packet_hook.obj
 0001:000010d0       ?_Do_call@?$_Func_impl_no_alloc@V<lambda_919ba523871a6660731b860850c24c35>@@X$$V@std@@EAEXXZ 100020d0 f i title_hook.obj
 0001:000010d0       ?_Do_call@?$_Func_impl_no_alloc@V<lambda_9c931b08981ab1c8b2118511c7bdace0>@@X$$V@std@@EAEXXZ 100020d0 f i version_check_hook.obj
 0001:000010d0       ?_Do_call@?$_Func_impl_no_alloc@V<lambda_9e54353aa454f7d92a3812adb7bd9804>@@X$$V@std@@EAEXXZ 100020d0 f i character_select_hook.obj
 0001:000010d0       ?_Do_call@?$_Func_impl_no_alloc@V<lambda_a280fd544349889b841fe2b307d35585>@@X$$V@std@@EAEXXZ 100020d0 f i interface_hide_hook.obj
 0001:000010d0       ?_Do_call@?$_Func_impl_no_alloc@V<lambda_a62fe0be53d700e6aed8d3501e17d169>@@X$$V@std@@EAEXXZ 100020d0 f i interface_hide_hook.obj
 0001:000010d0       ?_Do_call@?$_Func_impl_no_alloc@V<lambda_a9ab3610afa722316d9e4be261787542>@@X$$V@std@@EAEXXZ 100020d0 f i character_select_hook.obj
 0001:000010d0       ?_Do_call@?$_Func_impl_no_alloc@V<lambda_b04c464536f8b168a4c9ecd89205d2d2>@@X$$V@std@@EAEXXZ 100020d0 f i d3d_hook.obj
 0001:000010d0       ?_Do_call@?$_Func_impl_no_alloc@V<lambda_c87f17a2cdfaa0e3acdd13ec8caf5dcf>@@X$$V@std@@EAEXXZ 100020d0 f i welcome_msg_hook.obj
 0001:000010d0       ?_Do_call@?$_Func_impl_no_alloc@V<lambda_cf0eba39f8e1eaab3d7f90723a1611a1>@@X$$V@std@@EAEXXZ 100020d0 f i sight_range_hook.obj
 0001:000010d0       ?_Do_call@?$_Func_impl_no_alloc@V<lambda_d5387bcdc0c40a1de130e5b4a363145c>@@X$$V@std@@EAEXXZ 100020d0 f i character_select_hook.obj
 0001:000010d0       ?_Do_call@?$_Func_impl_no_alloc@V<lambda_d808f1789c8518bdbc5271d6edea4e84>@@X$$V@std@@EAEXXZ 100020d0 f i packet_hook.obj
 0001:000010d0       ?_Do_call@?$_Func_impl_no_alloc@V<lambda_dcdab12d9be94e416b0298cb70ec5c72>@@X$$V@std@@EAEXXZ 100020d0 f i version_check_hook.obj
 0001:000010d0       ?_Do_call@?$_Func_impl_no_alloc@V<lambda_ee8dfbd253b68aa19b43fb36ec206597>@@X$$V@std@@EAEXXZ 100020d0 f i d3d_hook.obj
 0001:000010d0       ?_Do_call@?$_Func_impl_no_alloc@V<lambda_faf072030710147a91b256853ea97040>@@X$$V@std@@EAEXXZ 100020d0 f i title_hook.obj
 0001:000010f0       ?_Get@?$_Func_impl_no_alloc@V<lambda_00dbecd7ce64df782535c75b83b36d9b>@@X$$V@std@@EBEPBXXZ 100020f0 f i quest_hook.obj
 0001:000010f0       ?_Get@?$_Func_impl_no_alloc@V<lambda_05397b0f5f50f30f14183dccbd5f6e17>@@X$$V@std@@EBEPBXXZ 100020f0 f i packet_hook.obj
 0001:000010f0       ?_Get@?$_Func_impl_no_alloc@V<lambda_0753aca32cbf0d54a6a3e7c426e16cb4>@@X$$V@std@@EBEPBXXZ 100020f0 f i version_check_hook.obj
 0001:000010f0       ?_Get@?$_Func_impl_no_alloc@V<lambda_079c22eb3c80a0513874cc5549a2b922>@@X$$V@std@@EBEPBXXZ 100020f0 f i packet_hook.obj
 0001:000010f0       ?_Get@?$_Func_impl_no_alloc@V<lambda_102cef23f42d3c4b8824b1393e54502b>@@X$$V@std@@EBEPBXXZ 100020f0 f i assert_hook.obj
 0001:000010f0       ?_Get@?$_Func_impl_no_alloc@V<lambda_148d939d3f328850d25f1b60d13e1a30>@@X$$V@std@@EBEPBXXZ 100020f0 f i packet_hook.obj
 0001:000010f0       ?_Get@?$_Func_impl_no_alloc@V<lambda_19ea2bfdb895bb65b013e89caf4128fb>@@X$$V@std@@EBEPBXXZ 100020f0 f i version_check_hook.obj
 0001:000010f0       ?_Get@?$_Func_impl_no_alloc@V<lambda_2361990076fc079cb21c0372f92e4945>@@X$$V@std@@EBEPBXXZ 100020f0 f i intro_hook.obj
 0001:000010f0       ?_Get@?$_Func_impl_no_alloc@V<lambda_2b4e874bcc56da08e0b7e4d871685d0b>@@X$$V@std@@EBEPBXXZ 100020f0 f i version_check_hook.obj
 0001:000010f0       ?_Get@?$_Func_impl_no_alloc@V<lambda_31d96936e7aec46c316efa19b922f190>@@X$$V@std@@EBEPBXXZ 100020f0 f i version_check_hook.obj
 0001:000010f0       ?_Get@?$_Func_impl_no_alloc@V<lambda_567523d5fd7dcefcd0bcfc084fe47d8c>@@X$$V@std@@EBEPBXXZ 100020f0 f i interface_hide_hook.obj
 0001:000010f0       ?_Get@?$_Func_impl_no_alloc@V<lambda_59909544974d3be07ecadbe172069b22>@@X$$V@std@@EBEPBXXZ 100020f0 f i d3d_hook.obj
 0001:000010f0       ?_Get@?$_Func_impl_no_alloc@V<lambda_8019bdfe0512b4fe063b74018eb77c39>@@X$$V@std@@EBEPBXXZ 100020f0 f i d3d_hook.obj
 0001:000010f0       ?_Get@?$_Func_impl_no_alloc@V<lambda_8392ef37813845485c1600dec211f7dd>@@X$$V@std@@EBEPBXXZ 100020f0 f i character_select_hook.obj
 0001:000010f0       ?_Get@?$_Func_impl_no_alloc@V<lambda_871a06b5f1626861ab912f565d990cd1>@@X$$V@std@@EBEPBXXZ 100020f0 f i packet_hook.obj
 0001:000010f0       ?_Get@?$_Func_impl_no_alloc@V<lambda_919ba523871a6660731b860850c24c35>@@X$$V@std@@EBEPBXXZ 100020f0 f i title_hook.obj
 0001:000010f0       ?_Get@?$_Func_impl_no_alloc@V<lambda_9c931b08981ab1c8b2118511c7bdace0>@@X$$V@std@@EBEPBXXZ 100020f0 f i version_check_hook.obj
 0001:000010f0       ?_Get@?$_Func_impl_no_alloc@V<lambda_9e54353aa454f7d92a3812adb7bd9804>@@X$$V@std@@EBEPBXXZ 100020f0 f i character_select_hook.obj
 0001:000010f0       ?_Get@?$_Func_impl_no_alloc@V<lambda_a280fd544349889b841fe2b307d35585>@@X$$V@std@@EBEPBXXZ 100020f0 f i interface_hide_hook.obj
 0001:000010f0       ?_Get@?$_Func_impl_no_alloc@V<lambda_a62fe0be53d700e6aed8d3501e17d169>@@X$$V@std@@EBEPBXXZ 100020f0 f i interface_hide_hook.obj
 0001:000010f0       ?_Get@?$_Func_impl_no_alloc@V<lambda_a9ab3610afa722316d9e4be261787542>@@X$$V@std@@EBEPBXXZ 100020f0 f i character_select_hook.obj
 0001:000010f0       ?_Get@?$_Func_impl_no_alloc@V<lambda_b04c464536f8b168a4c9ecd89205d2d2>@@X$$V@std@@EBEPBXXZ 100020f0 f i d3d_hook.obj
 0001:000010f0       ?_Get@?$_Func_impl_no_alloc@V<lambda_c87f17a2cdfaa0e3acdd13ec8caf5dcf>@@X$$V@std@@EBEPBXXZ 100020f0 f i welcome_msg_hook.obj
 0001:000010f0       ?_Get@?$_Func_impl_no_alloc@V<lambda_cf0eba39f8e1eaab3d7f90723a1611a1>@@X$$V@std@@EBEPBXXZ 100020f0 f i sight_range_hook.obj
 0001:000010f0       ?_Get@?$_Func_impl_no_alloc@V<lambda_d5387bcdc0c40a1de130e5b4a363145c>@@X$$V@std@@EBEPBXXZ 100020f0 f i character_select_hook.obj
 0001:000010f0       ?_Get@?$_Func_impl_no_alloc@V<lambda_d808f1789c8518bdbc5271d6edea4e84>@@X$$V@std@@EBEPBXXZ 100020f0 f i packet_hook.obj
 0001:000010f0       ?_Get@?$_Func_impl_no_alloc@V<lambda_dcdab12d9be94e416b0298cb70ec5c72>@@X$$V@std@@EBEPBXXZ 100020f0 f i version_check_hook.obj
 0001:000010f0       ?_Get@?$_Func_impl_no_alloc@V<lambda_ee8dfbd253b68aa19b43fb36ec206597>@@X$$V@std@@EBEPBXXZ 100020f0 f i d3d_hook.obj
 0001:000010f0       ?_Get@?$_Func_impl_no_alloc@V<lambda_faf072030710147a91b256853ea97040>@@X$$V@std@@EBEPBXXZ 100020f0 f i title_hook.obj
 0001:00001100       ?_Target_type@?$_Func_impl_no_alloc@V<lambda_59909544974d3be07ecadbe172069b22>@@X$$V@std@@EBEABVtype_info@@XZ 10002100 f i d3d_hook.obj
 0001:00001110       ?_Target_type@?$_Func_impl_no_alloc@V<lambda_8019bdfe0512b4fe063b74018eb77c39>@@X$$V@std@@EBEABVtype_info@@XZ 10002110 f i d3d_hook.obj
 0001:00001120       ?_Target_type@?$_Func_impl_no_alloc@V<lambda_b04c464536f8b168a4c9ecd89205d2d2>@@X$$V@std@@EBEABVtype_info@@XZ 10002120 f i d3d_hook.obj
 0001:00001130       ?_Target_type@?$_Func_impl_no_alloc@V<lambda_ee8dfbd253b68aa19b43fb36ec206597>@@X$$V@std@@EBEABVtype_info@@XZ 10002130 f i d3d_hook.obj
 0001:00001140       ?_Throw_bad_array_new_length@std@@YAXXZ 10002140 f i d3d_hook.obj
 0001:00001140       ?__scrt_throw_std_bad_array_new_length@@YAXXZ 10002140 f i LIBCMT:throw_bad_alloc.obj
 0001:00001160       ?_Xlength@?$vector@EV?$allocator@E@std@@@std@@CAXXZ 10002160 f i packet_hook.obj
 0001:00001160       ?_Xlength@?$vector@PAVcgwnd@@V?$allocator@PAVcgwnd@@@std@@@std@@CAXXZ 10002160 f i widget_inspector.obj
 0001:00001160       ?_Xlength@?$vector@Uentry@net_manager@ext_client@@V?$allocator@Uentry@net_manager@ext_client@@@std@@@std@@CAXXZ 10002160 f i net_manager.obj
 0001:00001160       ?_Xlength@?$vector@Ures_map_entry@cif_manager@ext_client@@V?$allocator@Ures_map_entry@cif_manager@ext_client@@@std@@@std@@CAXXZ 10002160 f i cif_manager.obj
 0001:00001160       ?_Xlength@?$vector@Uwidget_info@cif_manager@ext_client@@V?$allocator@Uwidget_info@cif_manager@ext_client@@@std@@@std@@CAXXZ 10002160 f i widget_inspector.obj
 0001:00001160       ?_Xlength@?$vector@V?$function@$$A6AXXZ@std@@V?$allocator@V?$function@$$A6AXXZ@std@@@2@@std@@CAXXZ 10002160 f i d3d_hook.obj
 0001:00001810       ?install@d3d@hooks@ext_client@@YA_NXZ 10002810 f   d3d_hook.obj
 0001:00001990       ?is_installed@d3d@hooks@ext_client@@YA_NXZ 10002990 f   d3d_hook.obj
 0001:000019b0       ?push_back@?$vector@V?$function@$$A6AXXZ@std@@V?$allocator@V?$function@$$A6AXXZ@std@@@2@@std@@QAEX$$QAV?$function@$$A6AXXZ@2@@Z 100029b0 f i d3d_hook.obj
 0001:00001af0       ?uninstall@d3d@hooks@ext_client@@YAXXZ 10002af0 f   d3d_hook.obj
 0001:00001b50       ?uninstall@hook_group@utils@ext_client@@QAEXXZ 10002b50 f i d3d_hook.obj
 0001:00001ba0       ?what@exception@std@@UBEPBDXZ 10002ba0 f i d3d_hook.obj
 0001:00001c80       ?install_all@manager@hooks@ext_client@@YA_NXZ 10002c80 f   hook_manager.obj
 0001:00001d80       ?tick@manager@hooks@ext_client@@YAXXZ 10002d80 f   hook_manager.obj
 0001:00001d90       ?uninstall_all@manager@hooks@ext_client@@YAXXZ 10002d90 f   hook_manager.obj
 0001:00001dd0       ??$install@V?$make_hook@$01H$$V@utils@ext_client@@P6AHXZ@hook_group@utils@ext_client@@QAE_NAAV?$make_hook@$01H$$V@12@IP6AHXZPBD2@Z 10002dd0 f i version_check_hook.obj
 0001:00001f00       ??1?$vector@EV?$allocator@E@std@@@std@@QAE@XZ 10002f00 f i version_check_hook.obj
 0001:00001f00       ?_Tidy@?$vector@EV?$allocator@E@std@@@std@@AAEXXZ 10002f00 f i version_check_hook.obj
 0001:00001f60       ??_EBitmap@Gdiplus@@UAEPAXI@Z 10002f60 f i version_check_hook.obj
 0001:00001f60       ??_EImage@Gdiplus@@UAEPAXI@Z 10002f60 f i version_check_hook.obj
 0001:00001f60       ??_GBitmap@Gdiplus@@UAEPAXI@Z 10002f60 f i version_check_hook.obj
 0001:00001f60       ??_GImage@Gdiplus@@UAEPAXI@Z 10002f60 f i version_check_hook.obj
 0001:00001fa0       ?Clone@Image@Gdiplus@@UAEPAV12@XZ 10002fa0 f i version_check_hook.obj
 0001:00001ff0       ?_Copy@?$_Func_impl_no_alloc@V<lambda_0753aca32cbf0d54a6a3e7c426e16cb4>@@X$$V@std@@EBEPAV?$_Func_base@X$$V@2@PAX@Z 10002ff0 f i version_check_hook.obj
 0001:00001ff0       ?_Move@?$_Func_impl_no_alloc@V<lambda_0753aca32cbf0d54a6a3e7c426e16cb4>@@X$$V@std@@EAEPAV?$_Func_base@X$$V@2@PAX@Z 10002ff0 f i version_check_hook.obj
 0001:00002010       ?_Copy@?$_Func_impl_no_alloc@V<lambda_19ea2bfdb895bb65b013e89caf4128fb>@@X$$V@std@@EBEPAV?$_Func_base@X$$V@2@PAX@Z 10003010 f i version_check_hook.obj
 0001:00002010       ?_Move@?$_Func_impl_no_alloc@V<lambda_19ea2bfdb895bb65b013e89caf4128fb>@@X$$V@std@@EAEPAV?$_Func_base@X$$V@2@PAX@Z 10003010 f i version_check_hook.obj
 0001:00002030       ?_Copy@?$_Func_impl_no_alloc@V<lambda_2b4e874bcc56da08e0b7e4d871685d0b>@@X$$V@std@@EBEPAV?$_Func_base@X$$V@2@PAX@Z 10003030 f i version_check_hook.obj
 0001:00002030       ?_Move@?$_Func_impl_no_alloc@V<lambda_2b4e874bcc56da08e0b7e4d871685d0b>@@X$$V@std@@EAEPAV?$_Func_base@X$$V@2@PAX@Z 10003030 f i version_check_hook.obj
 0001:00002050       ?_Copy@?$_Func_impl_no_alloc@V<lambda_31d96936e7aec46c316efa19b922f190>@@X$$V@std@@EBEPAV?$_Func_base@X$$V@2@PAX@Z 10003050 f i version_check_hook.obj
 0001:00002050       ?_Move@?$_Func_impl_no_alloc@V<lambda_31d96936e7aec46c316efa19b922f190>@@X$$V@std@@EAEPAV?$_Func_base@X$$V@2@PAX@Z 10003050 f i version_check_hook.obj
 0001:00002070       ?_Copy@?$_Func_impl_no_alloc@V<lambda_9c931b08981ab1c8b2118511c7bdace0>@@X$$V@std@@EBEPAV?$_Func_base@X$$V@2@PAX@Z 10003070 f i version_check_hook.obj
 0001:00002070       ?_Move@?$_Func_impl_no_alloc@V<lambda_9c931b08981ab1c8b2118511c7bdace0>@@X$$V@std@@EAEPAV?$_Func_base@X$$V@2@PAX@Z 10003070 f i version_check_hook.obj
 0001:00002090       ?_Copy@?$_Func_impl_no_alloc@V<lambda_dcdab12d9be94e416b0298cb70ec5c72>@@X$$V@std@@EBEPAV?$_Func_base@X$$V@2@PAX@Z 10003090 f i version_check_hook.obj
 0001:00002090       ?_Move@?$_Func_impl_no_alloc@V<lambda_dcdab12d9be94e416b0298cb70ec5c72>@@X$$V@std@@EAEPAV?$_Func_base@X$$V@2@PAX@Z 10003090 f i version_check_hook.obj
 0001:000020b0       ?_Target_type@?$_Func_impl_no_alloc@V<lambda_0753aca32cbf0d54a6a3e7c426e16cb4>@@X$$V@std@@EBEABVtype_info@@XZ 100030b0 f i version_check_hook.obj
 0001:000020c0       ?_Target_type@?$_Func_impl_no_alloc@V<lambda_19ea2bfdb895bb65b013e89caf4128fb>@@X$$V@std@@EBEABVtype_info@@XZ 100030c0 f i version_check_hook.obj
 0001:000020d0       ?_Target_type@?$_Func_impl_no_alloc@V<lambda_2b4e874bcc56da08e0b7e4d871685d0b>@@X$$V@std@@EBEABVtype_info@@XZ 100030d0 f i version_check_hook.obj
 0001:000020e0       ?_Target_type@?$_Func_impl_no_alloc@V<lambda_31d96936e7aec46c316efa19b922f190>@@X$$V@std@@EBEABVtype_info@@XZ 100030e0 f i version_check_hook.obj
 0001:000020f0       ?_Target_type@?$_Func_impl_no_alloc@V<lambda_9c931b08981ab1c8b2118511c7bdace0>@@X$$V@std@@EBEABVtype_info@@XZ 100030f0 f i version_check_hook.obj
 0001:00002100       ?_Target_type@?$_Func_impl_no_alloc@V<lambda_dcdab12d9be94e416b0298cb70ec5c72>@@X$$V@std@@EBEABVtype_info@@XZ 10003100 f i version_check_hook.obj
 0001:00002110       ??3@YAXPAXUImNewWrapper@@0@Z 10003110 f i imgui.obj
 0001:00002110       ?_Lock@?$basic_streambuf@DU?$char_traits@D@std@@@std@@UAEXXZ 10003110 f i client_config.obj
 0001:00002110       ?_Unlock@?$basic_streambuf@DU?$char_traits@D@std@@@std@@UAEXXZ 10003110 f i client_config.obj
 0001:00002110       ?__empty_global_delete@@YAXPAXI@Z 10003110 f i version_check_hook.obj
 0001:00002110       ?__global_delete@@YAXPAXI@Z 10003110 f i version_check_hook.obj
 0001:00002110       @_guard_check_icall_nop@4  10003110 f i LIBCMT:guard_support.obj
 0001:00002110       _InitializeBuffer          10003110 f i minhook:buffer.obj
 0001:000024c0       ?control_panel@version_check@hooks@ext_client@@YAAAUversion_check_t@settings@config@3@XZ 100034c0 f   version_check_hook.obj
 0001:00002b50       ?deallocate@?$allocator@E@std@@QAEXQAEI@Z 10003b50 f i version_check_hook.obj
 0001:00002ba0       ?install@version_check@hooks@ext_client@@YA_NXZ 10003ba0 f   version_check_hook.obj
 0001:00004200       ?tick@version_check@hooks@ext_client@@YAXXZ 10005200 f   version_check_hook.obj
 0001:00004280       ?uninstall@version_check@hooks@ext_client@@YAXXZ 10005280 f   version_check_hook.obj
 0001:000043c0       ___local_stdio_printf_options 100053c0 f i version_check_hook.obj
 0001:000043d0       _snprintf                  100053d0 f i version_check_hook.obj
 0001:00004920       ?start@loading_splash_overlay@hooks@ext_client@@YA_NPAUHWND__@@ABUconfig@123@@Z 10005920 f   loading_splash_overlay.obj
 0001:00004a10       ?stop@loading_splash_overlay@hooks@ext_client@@YAXXZ 10005a10 f   loading_splash_overlay.obj
 0001:00004cc0       ??1?$basic_string@_WU?$char_traits@_W@std@@V?$allocator@_W@2@@std@@QAE@XZ 10005cc0 f i title_hook.obj
 0001:00004d20       ?_Copy@?$_Func_impl_no_alloc@V<lambda_919ba523871a6660731b860850c24c35>@@X$$V@std@@EBEPAV?$_Func_base@X$$V@2@PAX@Z 10005d20 f i title_hook.obj
 0001:00004d20       ?_Move@?$_Func_impl_no_alloc@V<lambda_919ba523871a6660731b860850c24c35>@@X$$V@std@@EAEPAV?$_Func_base@X$$V@2@PAX@Z 10005d20 f i title_hook.obj
 0001:00004d40       ?_Copy@?$_Func_impl_no_alloc@V<lambda_faf072030710147a91b256853ea97040>@@X$$V@std@@EBEPAV?$_Func_base@X$$V@2@PAX@Z 10005d40 f i title_hook.obj
 0001:00004d40       ?_Move@?$_Func_impl_no_alloc@V<lambda_faf072030710147a91b256853ea97040>@@X$$V@std@@EAEPAV?$_Func_base@X$$V@2@PAX@Z 10005d40 f i title_hook.obj
 0001:00004d60       ?_Target_type@?$_Func_impl_no_alloc@V<lambda_919ba523871a6660731b860850c24c35>@@X$$V@std@@EBEABVtype_info@@XZ 10005d60 f i title_hook.obj
 0001:00004d70       ?_Target_type@?$_Func_impl_no_alloc@V<lambda_faf072030710147a91b256853ea97040>@@X$$V@std@@EBEABVtype_info@@XZ 10005d70 f i title_hook.obj
 0001:00004d80       ?apply_from_control@title@hooks@ext_client@@YAXXZ 10005d80 f   title_hook.obj
 0001:00005520       ?apply_version_label_layout@title@hooks@ext_client@@YAXXZ 10006520 f   title_hook.obj
 0001:000057f0       ?apply_version_labels@title@hooks@ext_client@@YAXXZ 100067f0 f   title_hook.obj
 0001:00005830       ?captured_version_label_count@title@hooks@ext_client@@YAHXZ 10006830 f   title_hook.obj
 0001:00005850       ?control_panel@title@hooks@ext_client@@YAAAUtitle_t@settings@config@3@XZ 10006850 f   title_hook.obj
 0001:00005c00       ?install@title@hooks@ext_client@@YA_NXZ 10006c00 f   title_hook.obj
 0001:000064f0       ?on_set_child_process@title@hooks@ext_client@@YAXHH@Z 100074f0 f   title_hook.obj
 0001:00006700       ?tick@title@hooks@ext_client@@YAXXZ 10007700 f   title_hook.obj
 0001:000067f0       ?uninstall@title@hooks@ext_client@@YAXXZ 100077f0 f   title_hook.obj
 0001:00006bd0       ___local_stdio_scanf_options 10007bd0 f i title_hook.obj
 0001:00006be0       _swscanf_s                 10007be0 f i title_hook.obj
 0001:00006c10       ?apply_eu_frame@title_login_layout@title@hooks@ext_client@@QBE_NPAVcps_title@@PAVcgwnd@@@Z 10007c10 f   title_login_layout.obj
 0001:000070d0       ?load_from_game@title_login_layout@title@hooks@ext_client@@QAE_NPAVcps_title@@@Z 100080d0 f   title_login_layout.obj
 0001:00007500       ?load_named_or_id@title_login_layout@title@hooks@ext_client@@AAE_NPBDHAAUwidget_rect@1234@@Z 10008500 f   title_login_layout.obj
 0001:000077d0       ?_Copy@?$_Func_impl_no_alloc@V<lambda_8392ef37813845485c1600dec211f7dd>@@X$$V@std@@EBEPAV?$_Func_base@X$$V@2@PAX@Z 100087d0 f i character_select_hook.obj
 0001:000077d0       ?_Move@?$_Func_impl_no_alloc@V<lambda_8392ef37813845485c1600dec211f7dd>@@X$$V@std@@EAEPAV?$_Func_base@X$$V@2@PAX@Z 100087d0 f i character_select_hook.obj
 0001:000077f0       ?_Copy@?$_Func_impl_no_alloc@V<lambda_9e54353aa454f7d92a3812adb7bd9804>@@X$$V@std@@EBEPAV?$_Func_base@X$$V@2@PAX@Z 100087f0 f i character_select_hook.obj
 0001:000077f0       ?_Move@?$_Func_impl_no_alloc@V<lambda_9e54353aa454f7d92a3812adb7bd9804>@@X$$V@std@@EAEPAV?$_Func_base@X$$V@2@PAX@Z 100087f0 f i character_select_hook.obj
 0001:00007810       ?_Copy@?$_Func_impl_no_alloc@V<lambda_a9ab3610afa722316d9e4be261787542>@@X$$V@std@@EBEPAV?$_Func_base@X$$V@2@PAX@Z 10008810 f i character_select_hook.obj
 0001:00007810       ?_Move@?$_Func_impl_no_alloc@V<lambda_a9ab3610afa722316d9e4be261787542>@@X$$V@std@@EAEPAV?$_Func_base@X$$V@2@PAX@Z 10008810 f i character_select_hook.obj
 0001:00007830       ?_Copy@?$_Func_impl_no_alloc@V<lambda_d5387bcdc0c40a1de130e5b4a363145c>@@X$$V@std@@EBEPAV?$_Func_base@X$$V@2@PAX@Z 10008830 f i character_select_hook.obj
 0001:00007830       ?_Move@?$_Func_impl_no_alloc@V<lambda_d5387bcdc0c40a1de130e5b4a363145c>@@X$$V@std@@EAEPAV?$_Func_base@X$$V@2@PAX@Z 10008830 f i character_select_hook.obj
 0001:00007850       ?_Target_type@?$_Func_impl_no_alloc@V<lambda_8392ef37813845485c1600dec211f7dd>@@X$$V@std@@EBEABVtype_info@@XZ 10008850 f i character_select_hook.obj
 0001:00007860       ?_Target_type@?$_Func_impl_no_alloc@V<lambda_9e54353aa454f7d92a3812adb7bd9804>@@X$$V@std@@EBEABVtype_info@@XZ 10008860 f i character_select_hook.obj
 0001:00007870       ?_Target_type@?$_Func_impl_no_alloc@V<lambda_a9ab3610afa722316d9e4be261787542>@@X$$V@std@@EBEABVtype_info@@XZ 10008870 f i character_select_hook.obj
 0001:00007880       ?_Target_type@?$_Func_impl_no_alloc@V<lambda_d5387bcdc0c40a1de130e5b4a363145c>@@X$$V@std@@EBEABVtype_info@@XZ 10008880 f i character_select_hook.obj
 0001:00007fd0       ?install@character_select@hooks@ext_client@@YA_NXZ 10008fd0 f   character_select_hook.obj
 0001:000084d0       ?uninstall@character_select@hooks@ext_client@@YAXXZ 100094d0 f   character_select_hook.obj
 0001:00008810       _swprintf_s                10009810 f i character_select_hook.obj
 0001:00008840       ??$_Allocate_at_least_helper@V?$allocator@E@std@@@std@@YAPAEAAV?$allocator@E@0@AAI@Z 10009840 f i packet_hook.obj
 0001:000088a0       ??$_Assign_counted_range@PBE@?$vector@EV?$allocator@E@std@@@std@@AAEXPBEI@Z 100098a0 f i packet_hook.obj
 0001:000089f0       ??0?$lock_guard@Vmutex@std@@@std@@QAE@AAVmutex@1@@Z 100099f0 f i packet_hook.obj
 0001:00008a30       ??1?$basic_string@DU?$char_traits@D@std@@V?$allocator@D@2@@std@@QAE@XZ 10009a30 f i packet_hook.obj
 0001:00008a30       ?_Tidy_deallocate@?$basic_string@DU?$char_traits@D@std@@V?$allocator@D@2@@std@@AAEXXZ 10009a30 f i packet_hook.obj
 0001:00008a90       ??1?$lock_guard@Vmutex@std@@@std@@QAE@XZ 10009a90 f i packet_hook.obj
 0001:00008aa0       ??4?$vector@EV?$allocator@E@std@@@std@@QAEAAV01@$$QAV01@@Z 10009aa0 f i packet_hook.obj
 0001:00008ae0       ?_Copy@?$_Func_impl_no_alloc@V<lambda_05397b0f5f50f30f14183dccbd5f6e17>@@X$$V@std@@EBEPAV?$_Func_base@X$$V@2@PAX@Z 10009ae0 f i packet_hook.obj
 0001:00008ae0       ?_Move@?$_Func_impl_no_alloc@V<lambda_05397b0f5f50f30f14183dccbd5f6e17>@@X$$V@std@@EAEPAV?$_Func_base@X$$V@2@PAX@Z 10009ae0 f i packet_hook.obj
 0001:00008b00       ?_Copy@?$_Func_impl_no_alloc@V<lambda_079c22eb3c80a0513874cc5549a2b922>@@X$$V@std@@EBEPAV?$_Func_base@X$$V@2@PAX@Z 10009b00 f i packet_hook.obj
 0001:00008b00       ?_Move@?$_Func_impl_no_alloc@V<lambda_079c22eb3c80a0513874cc5549a2b922>@@X$$V@std@@EAEPAV?$_Func_base@X$$V@2@PAX@Z 10009b00 f i packet_hook.obj
 0001:00008b20       ?_Copy@?$_Func_impl_no_alloc@V<lambda_148d939d3f328850d25f1b60d13e1a30>@@X$$V@std@@EBEPAV?$_Func_base@X$$V@2@PAX@Z 10009b20 f i packet_hook.obj
 0001:00008b20       ?_Move@?$_Func_impl_no_alloc@V<lambda_148d939d3f328850d25f1b60d13e1a30>@@X$$V@std@@EAEPAV?$_Func_base@X$$V@2@PAX@Z 10009b20 f i packet_hook.obj
 0001:00008b40       ?_Copy@?$_Func_impl_no_alloc@V<lambda_871a06b5f1626861ab912f565d990cd1>@@X$$V@std@@EBEPAV?$_Func_base@X$$V@2@PAX@Z 10009b40 f i packet_hook.obj
 0001:00008b40       ?_Move@?$_Func_impl_no_alloc@V<lambda_871a06b5f1626861ab912f565d990cd1>@@X$$V@std@@EAEPAV?$_Func_base@X$$V@2@PAX@Z 10009b40 f i packet_hook.obj
 0001:00008b60       ?_Copy@?$_Func_impl_no_alloc@V<lambda_d808f1789c8518bdbc5271d6edea4e84>@@X$$V@std@@EBEPAV?$_Func_base@X$$V@2@PAX@Z 10009b60 f i packet_hook.obj
 0001:00008b60       ?_Move@?$_Func_impl_no_alloc@V<lambda_d808f1789c8518bdbc5271d6edea4e84>@@X$$V@std@@EAEPAV?$_Func_base@X$$V@2@PAX@Z 10009b60 f i packet_hook.obj
 0001:00008b80       ?_Target_type@?$_Func_impl_no_alloc@V<lambda_05397b0f5f50f30f14183dccbd5f6e17>@@X$$V@std@@EBEABVtype_info@@XZ 10009b80 f i packet_hook.obj
 0001:00008b90       ?_Target_type@?$_Func_impl_no_alloc@V<lambda_079c22eb3c80a0513874cc5549a2b922>@@X$$V@std@@EBEABVtype_info@@XZ 10009b90 f i packet_hook.obj
 0001:00008ba0       ?_Target_type@?$_Func_impl_no_alloc@V<lambda_148d939d3f328850d25f1b60d13e1a30>@@X$$V@std@@EBEABVtype_info@@XZ 10009ba0 f i packet_hook.obj
 0001:00008bb0       ?_Target_type@?$_Func_impl_no_alloc@V<lambda_871a06b5f1626861ab912f565d990cd1>@@X$$V@std@@EBEABVtype_info@@XZ 10009bb0 f i packet_hook.obj
 0001:00008bc0       ?_Target_type@?$_Func_impl_no_alloc@V<lambda_d808f1789c8518bdbc5271d6edea4e84>@@X$$V@std@@EBEABVtype_info@@XZ 10009bc0 f i packet_hook.obj
 0001:00008e40       ?clear_overrides@packet@hooks@ext_client@@YAXXZ 10009e40 f   packet_hook.obj
 0001:00008f80       ?control_panel@packet@hooks@ext_client@@YAAAUpacket_t@settings@config@3@XZ 10009f80 f   packet_hook.obj
 0001:00009100       ?install@packet@hooks@ext_client@@YA_NXZ 1000a100 f   packet_hook.obj
 0001:00009670       ?set_incoming_override@packet@hooks@ext_client@@YAXGPBEI_N@Z 1000a670 f   packet_hook.obj
 0001:00009750       ?set_outgoing_override@packet@hooks@ext_client@@YAXGPBEI_N@Z 1000a750 f   packet_hook.obj
 0001:00009980       ?uninstall@packet@hooks@ext_client@@YAXXZ 1000a980 f   packet_hook.obj
 0001:000099a0       ?_Copy@?$_Func_impl_no_alloc@V<lambda_567523d5fd7dcefcd0bcfc084fe47d8c>@@X$$V@std@@EBEPAV?$_Func_base@X$$V@2@PAX@Z 1000a9a0 f i interface_hide_hook.obj
 0001:000099a0       ?_Move@?$_Func_impl_no_alloc@V<lambda_567523d5fd7dcefcd0bcfc084fe47d8c>@@X$$V@std@@EAEPAV?$_Func_base@X$$V@2@PAX@Z 1000a9a0 f i interface_hide_hook.obj
 0001:000099c0       ?_Copy@?$_Func_impl_no_alloc@V<lambda_a280fd544349889b841fe2b307d35585>@@X$$V@std@@EBEPAV?$_Func_base@X$$V@2@PAX@Z 1000a9c0 f i interface_hide_hook.obj
 0001:000099c0       ?_Move@?$_Func_impl_no_alloc@V<lambda_a280fd544349889b841fe2b307d35585>@@X$$V@std@@EAEPAV?$_Func_base@X$$V@2@PAX@Z 1000a9c0 f i interface_hide_hook.obj
 0001:000099e0       ?_Copy@?$_Func_impl_no_alloc@V<lambda_a62fe0be53d700e6aed8d3501e17d169>@@X$$V@std@@EBEPAV?$_Func_base@X$$V@2@PAX@Z 1000a9e0 f i interface_hide_hook.obj
 0001:000099e0       ?_Move@?$_Func_impl_no_alloc@V<lambda_a62fe0be53d700e6aed8d3501e17d169>@@X$$V@std@@EAEPAV?$_Func_base@X$$V@2@PAX@Z 1000a9e0 f i interface_hide_hook.obj
 0001:00009a00       ?_Target_type@?$_Func_impl_no_alloc@V<lambda_567523d5fd7dcefcd0bcfc084fe47d8c>@@X$$V@std@@EBEABVtype_info@@XZ 1000aa00 f i interface_hide_hook.obj
 0001:00009a10       ?_Target_type@?$_Func_impl_no_alloc@V<lambda_a280fd544349889b841fe2b307d35585>@@X$$V@std@@EBEABVtype_info@@XZ 1000aa10 f i interface_hide_hook.obj
 0001:00009a20       ?_Target_type@?$_Func_impl_no_alloc@V<lambda_a62fe0be53d700e6aed8d3501e17d169>@@X$$V@std@@EBEABVtype_info@@XZ 1000aa20 f i interface_hide_hook.obj
 0001:00009a30       ?apply_from_control@interface_hide@hooks@ext_client@@YAXXZ 1000aa30 f   interface_hide_hook.obj
 0001:00009c50       ?control_panel@interface_hide@hooks@ext_client@@YAAAUinterface_hide_t@settings@config@3@XZ 1000ac50 f   interface_hide_hook.obj
 0001:00009c60       ?install@interface_hide@hooks@ext_client@@YA_NXZ 1000ac60 f   interface_hide_hook.obj
 0001:00009f00       ?tick@interface_hide@hooks@ext_client@@YAXXZ 1000af00 f   interface_hide_hook.obj
 0001:0000a040       ?uninstall@interface_hide@hooks@ext_client@@YAXXZ 1000b040 f   interface_hide_hook.obj
 0001:0000a070       ??$_Allocate_for_capacity@$0A@@?$basic_string@_WU?$char_traits@_W@std@@V?$allocator@_W@2@@std@@CAPA_WAAV?$allocator@_W@1@AAI@Z 1000b070 f i welcome_msg_hook.obj
 0001:0000a0e0       ?_Copy@?$_Func_impl_no_alloc@V<lambda_c87f17a2cdfaa0e3acdd13ec8caf5dcf>@@X$$V@std@@EBEPAV?$_Func_base@X$$V@2@PAX@Z 1000b0e0 f i welcome_msg_hook.obj
 0001:0000a0e0       ?_Move@?$_Func_impl_no_alloc@V<lambda_c87f17a2cdfaa0e3acdd13ec8caf5dcf>@@X$$V@std@@EAEPAV?$_Func_base@X$$V@2@PAX@Z 1000b0e0 f i welcome_msg_hook.obj
 0001:0000a100       ?_Target_type@?$_Func_impl_no_alloc@V<lambda_c87f17a2cdfaa0e3acdd13ec8caf5dcf>@@X$$V@std@@EBEABVtype_info@@XZ 1000b100 f i welcome_msg_hook.obj
 0001:0000a110       ?_Xlen_string@std@@YAXXZ   1000b110 f i welcome_msg_hook.obj
 0001:0000a120       ?install@welcome_msg@hooks@ext_client@@YA_NXZ 1000b120 f   welcome_msg_hook.obj
 0001:0000a5d0       ?uninstall@welcome_msg@hooks@ext_client@@YAXXZ 1000b5d0 f   welcome_msg_hook.obj
 0001:0000a5e0       ?_Copy@?$_Func_impl_no_alloc@V<lambda_cf0eba39f8e1eaab3d7f90723a1611a1>@@X$$V@std@@EBEPAV?$_Func_base@X$$V@2@PAX@Z 1000b5e0 f i sight_range_hook.obj
 0001:0000a5e0       ?_Move@?$_Func_impl_no_alloc@V<lambda_cf0eba39f8e1eaab3d7f90723a1611a1>@@X$$V@std@@EAEPAV?$_Func_base@X$$V@2@PAX@Z 1000b5e0 f i sight_range_hook.obj
 0001:0000a600       ?_Target_type@?$_Func_impl_no_alloc@V<lambda_cf0eba39f8e1eaab3d7f90723a1611a1>@@X$$V@std@@EBEABVtype_info@@XZ 1000b600 f i sight_range_hook.obj
 0001:0000a610       ?apply_settings@sight_range@hooks@ext_client@@YAXXZ 1000b610 f   sight_range_hook.obj
 0001:0000a730       ?install@sight_range@hooks@ext_client@@YA_NXZ 1000b730 f   sight_range_hook.obj
 0001:0000a9f0       ?uninstall@sight_range@hooks@ext_client@@YAXXZ 1000b9f0 f   sight_range_hook.obj
 0001:0000aa00       ?_Copy@?$_Func_impl_no_alloc@V<lambda_2361990076fc079cb21c0372f92e4945>@@X$$V@std@@EBEPAV?$_Func_base@X$$V@2@PAX@Z 1000ba00 f i intro_hook.obj
 0001:0000aa00       ?_Move@?$_Func_impl_no_alloc@V<lambda_2361990076fc079cb21c0372f92e4945>@@X$$V@std@@EAEPAV?$_Func_base@X$$V@2@PAX@Z 1000ba00 f i intro_hook.obj
 0001:0000aa20       ?_Target_type@?$_Func_impl_no_alloc@V<lambda_2361990076fc079cb21c0372f92e4945>@@X$$V@std@@EBEABVtype_info@@XZ 1000ba20 f i intro_hook.obj
 0001:0000aa30       ?install@intro@hooks@ext_client@@YA_NXZ 1000ba30 f   intro_hook.obj
 0001:0000ac50       ?uninstall@intro@hooks@ext_client@@YAXXZ 1000bc50 f   intro_hook.obj
 0001:0000ac70       ?_Copy@?$_Func_impl_no_alloc@V<lambda_00dbecd7ce64df782535c75b83b36d9b>@@X$$V@std@@EBEPAV?$_Func_base@X$$V@2@PAX@Z 1000bc70 f i quest_hook.obj
 0001:0000ac70       ?_Move@?$_Func_impl_no_alloc@V<lambda_00dbecd7ce64df782535c75b83b36d9b>@@X$$V@std@@EAEPAV?$_Func_base@X$$V@2@PAX@Z 1000bc70 f i quest_hook.obj
 0001:0000ac90       ?_Target_type@?$_Func_impl_no_alloc@V<lambda_00dbecd7ce64df782535c75b83b36d9b>@@X$$V@std@@EBEABVtype_info@@XZ 1000bc90 f i quest_hook.obj
 0001:0000acd0       ?install@quest@hooks@ext_client@@YA_NXZ 1000bcd0 f   quest_hook.obj
 0001:0000ae50       ?uninstall@quest@hooks@ext_client@@YAXXZ 1000be50 f   quest_hook.obj
 0001:0000ae60       ?_Copy@?$_Func_impl_no_alloc@V<lambda_102cef23f42d3c4b8824b1393e54502b>@@X$$V@std@@EBEPAV?$_Func_base@X$$V@2@PAX@Z 1000be60 f i assert_hook.obj
 0001:0000ae60       ?_Move@?$_Func_impl_no_alloc@V<lambda_102cef23f42d3c4b8824b1393e54502b>@@X$$V@std@@EAEPAV?$_Func_base@X$$V@2@PAX@Z 1000be60 f i assert_hook.obj
 0001:0000ae80       ?_Target_type@?$_Func_impl_no_alloc@V<lambda_102cef23f42d3c4b8824b1393e54502b>@@X$$V@std@@EBEABVtype_info@@XZ 1000be80 f i assert_hook.obj
 0001:0000aef0       ?install@assertion@hooks@ext_client@@YA_NXZ 1000bef0 f   assert_hook.obj
 0001:0000b070       ?uninstall@assertion@hooks@ext_client@@YAXXZ 1000c070 f   assert_hook.obj
 0001:0000b080       ??$_Allocate_at_least_helper@V?$allocator@Uentry@net_manager@ext_client@@@std@@@std@@YAPAUentry@net_manager@ext_client@@AAV?$allocator@Uentry@net_manager@ext_client@@@0@AAI@Z 1000c080 f i net_manager.obj
 0001:0000b0f0       ??$_Allocate_for_capacity@$0A@@?$basic_string@DU?$char_traits@D@std@@V?$allocator@D@2@@std@@CAPADAAV?$allocator@D@1@AAI@Z 1000c0f0 f i net_manager.obj
 0001:0000b160       ??$_Construct@$00PBD@?$basic_string@DU?$char_traits@D@std@@V?$allocator@D@2@@std@@AAEXQBDI@Z 1000c160 f i net_manager.obj
 0001:0000b1f0       ??$_Construct_n@ABQAUentry@net_manager@ext_client@@ABQAU123@@?$vector@Uentry@net_manager@ext_client@@V?$allocator@Uentry@net_manager@ext_client@@@std@@@std@@AAEXIABQAUentry@net_manager@ext_client@@0@Z 1000c1f0 f i net_manager.obj
 0001:0000b3f0       ??$_Emplace_one_at_back@E@?$vector@EV?$allocator@E@std@@@std@@AAEAAE$$QAE@Z 1000c3f0 f i net_manager.obj
 0001:0000b520       ??$_Emplace_reallocate@Uentry@net_manager@ext_client@@@?$vector@Uentry@net_manager@ext_client@@V?$allocator@Uentry@net_manager@ext_client@@@std@@@std@@AAEPAUentry@net_manager@ext_client@@QAU234@$$QAU234@@Z 1000c520 f i net_manager.obj
 0001:0000b8f0       ??$_Uninitialized_move@PAUentry@net_manager@ext_client@@V?$allocator@Uentry@net_manager@ext_client@@@std@@@std@@YAPAUentry@net_manager@ext_client@@QAU123@0PAU123@AAV?$allocator@Uentry@net_manager@ext_client@@@0@@Z 1000c8f0 f i net_manager.obj
 0001:0000b980       ??$construct@Uentry@net_manager@ext_client@@U123@@?$_Default_allocator_traits@V?$allocator@Uentry@net_manager@ext_client@@@std@@@std@@SAXAAV?$allocator@Uentry@net_manager@ext_client@@@1@QAUentry@net_manager@ext_client@@$$QAU345@@Z 1000c980 f i net_manager.obj
 0001:0000b9f0       ??0?$basic_string@DU?$char_traits@D@std@@V?$allocator@D@2@@std@@QAE@QBD@Z 1000c9f0 f i net_manager.obj
 0001:0000bab0       ??1?$_Tidy_guard@V?$vector@Uentry@net_manager@ext_client@@V?$allocator@Uentry@net_manager@ext_client@@@std@@@std@@@std@@QAE@XZ 1000cab0 f i net_manager.obj
 0001:0000bac0       ??1?$_Uninitialized_backout_al@V?$allocator@Uentry@net_manager@ext_client@@@std@@@std@@QAE@XZ 1000cac0 f i net_manager.obj
 0001:0000baf0       ??1?$vector@Uentry@net_manager@ext_client@@V?$allocator@Uentry@net_manager@ext_client@@@std@@@std@@QAE@XZ 1000caf0 f i net_manager.obj
 0001:0000bb80       ??1entry@net_manager@ext_client@@QAE@XZ 1000cb80 f i net_manager.obj
 0001:0000bc20       ?_Tidy@?$vector@Uentry@net_manager@ext_client@@V?$allocator@Uentry@net_manager@ext_client@@@std@@@std@@AAEXXZ 1000cc20 f i net_manager.obj
 0001:0000be20       ?append@?$basic_string@DU?$char_traits@D@std@@V?$allocator@D@2@@std@@QAEAAV12@QBDI@Z 1000ce20 f i net_manager.obj
 0001:0000bf90       ?clear_log@net_manager@ext_client@@YAXXZ 1000cf90 f   net_manager.obj
 0001:0000c010       ?control_panel@net_manager@ext_client@@YAAAUnet_manager_t@settings@config@2@XZ 1000d010 f   net_manager.obj
 0001:0000c020       ?dispatch_incoming@net_manager@ext_client@@YA?AW4handler_result@12@PAVcmsg_stream_buffer@@@Z 1000d020 f   net_manager.obj
 0001:0000c0f0       ?dispatch_outgoing@net_manager@ext_client@@YA?AW4handler_result@12@PAVcmsg_stream_buffer@@@Z 1000d0f0 f   net_manager.obj
 0001:0000c1c0       ?format_hex@net_manager@ext_client@@YA?AV?$basic_string@DU?$char_traits@D@std@@V?$allocator@D@2@@std@@ABV?$vector@EV?$allocator@E@std@@@4@I@Z 1000d1c0 f   net_manager.obj
 0001:0000c510       ?format_layer@net_manager@ext_client@@YAPBDW4packet_layer@12@@Z 1000d510 f   net_manager.obj
 0001:0000c530       ?format_opcode@net_manager@ext_client@@YA?AV?$basic_string@DU?$char_traits@D@std@@V?$allocator@D@2@@std@@G@Z 1000d530 f   net_manager.obj
 0001:0000c600       ?opcode_in_list@net_manager@ext_client@@YA_NGPBD@Z 1000d600 f   net_manager.obj
 0001:0000c680       ?parse_hex@net_manager@ext_client@@YA_NPBDAAV?$vector@EV?$allocator@E@std@@@std@@@Z 1000d680 f   net_manager.obj
 0001:0000c790       ?push_back@?$basic_string@DU?$char_traits@D@std@@V?$allocator@D@2@@std@@QAEXD@Z 1000d790 f i net_manager.obj
 0001:0000cd60       ?record_cmsg_incoming@net_manager@ext_client@@YAXPAVcmsg@@_N1G@Z 1000dd60 f   net_manager.obj
 0001:0000cdc0       ?record_cmsg_outgoing@net_manager@ext_client@@YAXPAVcmsg@@_N1G@Z 1000ddc0 f   net_manager.obj
 0001:0000ce20       ?record_incoming@net_manager@ext_client@@YAXPAVcmsg_stream_buffer@@_N1G@Z 1000de20 f   net_manager.obj
 0001:0000ce70       ?record_outgoing@net_manager@ext_client@@YAXPAVcmsg_stream_buffer@@_N1G@Z 1000de70 f   net_manager.obj
 0001:0000cec0       ?register_handlers@net_manager@ext_client@@YAXXZ 1000dec0 f   net_manager.obj
 0001:0000cf80       ?reserve@?$basic_string@DU?$char_traits@D@std@@V?$allocator@D@2@@std@@QAEXI@Z 1000df80 f i net_manager.obj
 0001:0000d0f0       ?send@net_manager@ext_client@@YAXGABV?$vector@EV?$allocator@E@std@@@std@@@Z 1000e0f0 f   net_manager.obj
 0001:0000d180       ?should_block_opcode@net_manager@ext_client@@YA_NG@Z 1000e180 f   net_manager.obj
 0001:0000d210       ?shutdown@net_manager@ext_client@@YAXXZ 1000e210 f   net_manager.obj
 0001:0000d310       ?snapshot@net_manager@ext_client@@YA?AV?$vector@Uentry@net_manager@ext_client@@V?$allocator@Uentry@net_manager@ext_client@@@std@@@std@@XZ 1000e310 f   net_manager.obj
 0001:0000d3e0       _fprintf                   1000e3e0 f i net_manager.obj
 0001:0000d410       ??0net_msg@net_manager@ext_client@@QAE@G@Z 1000e410 f   net_msg.obj
 0001:0000d450       ??1net_msg@net_manager@ext_client@@QAE@XZ 1000e450 f   net_msg.obj
 0001:0000d4a0       ?send@net_msg@net_manager@ext_client@@QAEXXZ 1000e4a0 f   net_msg.obj
 0001:0000d510       ?write_bytes@net_msg@net_manager@ext_client@@QAEAAV123@PBXI@Z 1000e510 f   net_msg.obj
 0001:0000d550       ?append@?$basic_string@DU?$char_traits@D@std@@V?$allocator@D@2@@std@@QAEAAV12@ID@Z 1000e550 f i cmsg_stream_buffer.obj
 0001:0000d6c0       ?construct@cmsg_stream_buffer@@SAPAV1@PAV1@G@Z 1000e6c0 f   cmsg_stream_buffer.obj
 0001:0000d6e0       ?destroy@cmsg_stream_buffer@@QAEXXZ 1000e6e0 f   cmsg_stream_buffer.obj
 0001:0000d6f0       ?extract_payload@cmsg_stream_buffer@@QBE?AV?$vector@EV?$allocator@E@std@@@std@@XZ 1000e6f0 f   cmsg_stream_buffer.obj
 0001:0000d840       ?opcode@cmsg_stream_buffer@@QBEGXZ 1000e840 f   cmsg_stream_buffer.obj
 0001:0000d850       ?payload_size@cmsg_stream_buffer@@QBEIXZ 1000e850 f   cmsg_stream_buffer.obj
 0001:0000d860       ?replace_payload@cmsg_stream_buffer@@QAE_NPBEI@Z 1000e860 f   cmsg_stream_buffer.obj
 0001:0000d8c0       ?toggle_after@cmsg_stream_buffer@@QAEXXZ 1000e8c0 f   cmsg_stream_buffer.obj
 0001:0000d8e0       ?toggle_before@cmsg_stream_buffer@@QAEXXZ 1000e8e0 f   cmsg_stream_buffer.obj
 0001:0000d900       ?write_bytes@cmsg_stream_buffer@@QAEXPBXI@Z 1000e900 f   cmsg_stream_buffer.obj
 0001:0000d920       ?body_size@cmsg@@QBEIXZ    1000e920 f   cmsg.obj
 0001:0000d940       ?extract_payload@cmsg@@QBE?AV?$vector@EV?$allocator@E@std@@@std@@XZ 1000e940 f   cmsg.obj
 0001:0000da50       ?header_opcode@cmsg@@QBEGXZ 1000ea50 f   cmsg.obj
 0001:0000da60       ?is_encrypted@cmsg@@QBE_NXZ 1000ea60 f   cmsg.obj
 0001:0000da80       ?opcode@cmsg@@QBEGXZ       1000ea80 f   cmsg.obj
 0001:0000daa0       ?send_from_buffer@cmsg@@SAXPAVcmsg_stream_buffer@@@Z 1000eaa0 f   cmsg.obj
 0001:0000dac0       ??$?0PAD$0A@@?$basic_string@DU?$char_traits@D@std@@V?$allocator@D@2@@std@@QAE@PAD0ABV?$allocator@D@1@@Z 1000eac0 f i packet_inspector.obj
 0001:0000db80       ??$_Allocate_at_least_helper@V?$allocator@Ures_map_entry@cif_manager@ext_client@@@std@@@std@@YAPAUres_map_entry@cif_manager@ext_client@@AAV?$allocator@Ures_map_entry@cif_manager@ext_client@@@0@AAI@Z 1000eb80 f   cif_manager.obj
 0001:0000e620       ??$_UIntegral_to_buff@DI@std@@YAPADPADI@Z 1000f620 f i packet_inspector.obj
 0001:0000e680       ??1?$vector@Ures_map_entry@cif_manager@ext_client@@V?$allocator@Ures_map_entry@cif_manager@ext_client@@@std@@@std@@QAE@XZ 1000f680 f   widget_inspector.obj
 0001:0000eb00       ?draw@packet_inspector@menu@ext_client@@YAXXZ 1000fb00 f   packet_inspector.obj
 0001:0000fe20       _sscanf                    10010e20 f i packet_inspector.obj
 0001:0000fe50       ?log_init@utils@ext_client@@YAXXZ 10010e50 f   log.obj
 0001:0000ff10       ?log_msg@utils@ext_client@@YAXPBDZZ 10010f10 f   log.obj
 0001:0000ffb0       _printf                    10010fb0 f i log.obj
 0001:0000ffe0       ??$?6U?$char_traits@D@std@@@std@@YAAAV?$basic_ostream@DU?$char_traits@D@std@@@0@AAV10@PBD@Z 10010fe0 f i client_config.obj
 0001:00010280       ??$_Fput_v3@$0A@@?$num_put@DV?$ostreambuf_iterator@DU?$char_traits@D@std@@@std@@@std@@ABE?AV?$ostreambuf_iterator@DU?$char_traits@D@std@@@1@V21@AAVios_base@1@DPBDI_N@Z 10011280 f i client_config.obj
 0001:00010680       ??$_Fputc@D@std@@YA_NDPAU_iobuf@@@Z 10011680 f i client_config.obj
 0001:000106a0       ??$getline@DU?$char_traits@D@std@@V?$allocator@D@2@@std@@YAAAV?$basic_istream@DU?$char_traits@D@std@@@0@$$QAV10@AAV?$basic_string@DU?$char_traits@D@std@@V?$allocator@D@2@@0@D@Z 100116a0 f i client_config.obj
 0001:000108a0       ??$use_facet@V?$codecvt@DDU_Mbstatet@@@std@@@std@@YAABV?$codecvt@DDU_Mbstatet@@@0@ABVlocale@0@@Z 100118a0 f i client_config.obj
 0001:00010a10       ??$use_facet@V?$ctype@D@std@@@std@@YAABV?$ctype@D@0@ABVlocale@0@@Z 10011a10 f i client_config.obj
 0001:00010ba0       ??$use_facet@V?$num_put@DV?$ostreambuf_iterator@DU?$char_traits@D@std@@@std@@@std@@@std@@YAABV?$num_put@DV?$ostreambuf_iterator@DU?$char_traits@D@std@@@std@@@0@ABVlocale@0@@Z 10011ba0 f i client_config.obj
 0001:00010d10       ??$use_facet@V?$numpunct@D@std@@@std@@YAABV?$numpunct@D@0@ABVlocale@0@@Z 10011d10 f i client_config.obj
 0001:00010f40       ??0?$basic_filebuf@DU?$char_traits@D@std@@@std@@QAE@XZ 10011f40 f i client_config.obj
 0001:00011090       ??0?$basic_ifstream@DU?$char_traits@D@std@@@std@@QAE@PBDHH@Z 10012090 f i client_config.obj
 0001:000111e0       ??0?$basic_ios@DU?$char_traits@D@std@@@std@@IAE@XZ 100121e0 f i client_config.obj
 0001:00011260       ??0?$basic_string@DU?$char_traits@D@std@@V?$allocator@D@2@@std@@QAE@ABV01@@Z 10012260 f i client_config.obj
 0001:00011310       ??0?$basic_string@DU?$char_traits@D@std@@V?$allocator@D@2@@std@@QAE@ID@Z 10012310 f i client_config.obj
 0001:000113c0       ??0_Locinfo@std@@QAE@PBD@Z 100123c0 f i client_config.obj
 0001:00011470       ??0_System_error@std@@IAE@Verror_code@1@ABV?$basic_string@DU?$char_traits@D@std@@V?$allocator@D@2@@1@@Z 10012470 f i client_config.obj
 0001:00011690       ??0_System_error@std@@QAE@ABV01@@Z 10012690 f i client_config.obj
 0001:000116e0       ??0exception@std@@QAE@QBD@Z 100126e0 f i client_config.obj
 0001:00011720       ??0failure@ios_base@std@@QAE@ABV012@@Z 10012720 f i client_config.obj
 0001:00011770       ??0failure@ios_base@std@@QAE@PBDABVerror_code@2@@Z 10012770 f i client_config.obj
 0001:00011860       ??0runtime_error@std@@QAE@ABV01@@Z 10012860 f i client_config.obj
 0001:000118a0       ??0sentry@?$basic_ostream@DU?$char_traits@D@std@@@std@@QAE@AAV12@@Z 100128a0 f i client_config.obj
 0001:00011940       ??0settings@config@ext_client@@QAE@XZ 10012940 f i client_config.obj
 0001:00011cc0       ??0system_error@std@@QAE@ABV01@@Z 10012cc0 f i client_config.obj
 0001:00011d10       ??1?$_Tidy_guard@V?$numpunct@D@std@@@std@@QAE@XZ 10012d10 f i client_config.obj
 0001:00011d40       ??1?$_Yarn@D@std@@QAE@XZ   10012d40 f i client_config.obj
 0001:00011d40       ??1?$_Yarn@_W@std@@QAE@XZ  10012d40 f i client_config.obj
 0001:00011d40       ?_Tidy@?$_Yarn@D@std@@AAEXXZ 10012d40 f i client_config.obj
 0001:00011d60       ??1?$basic_filebuf@DU?$char_traits@D@std@@@std@@UAE@XZ 10012d60 f i client_config.obj
 0001:00011eb0       ??1?$basic_ios@DU?$char_traits@D@std@@@std@@UAE@XZ 10012eb0 f i client_config.obj
 0001:00011f00       ??1?$basic_istream@DU?$char_traits@D@std@@@std@@UAE@XZ 10012f00 f i client_config.obj
 0001:00011f20       ??1?$basic_ostream@DU?$char_traits@D@std@@@std@@UAE@XZ 10012f20 f i client_config.obj
 0001:00011f40       ??1?$unique_ptr@V_Facet_base@std@@U?$default_delete@V_Facet_base@std@@@2@@std@@QAE@XZ 10012f40 f i client_config.obj
 0001:00011f50       ??1_Locinfo@std@@QAE@XZ    10012f50 f i client_config.obj
 0001:00012030       ??1_Sentry_base@?$basic_istream@DU?$char_traits@D@std@@@std@@QAE@XZ 10013030 f i client_config.obj
 0001:00012030       ??1_Sentry_base@?$basic_ostream@DU?$char_traits@D@std@@@std@@QAE@XZ 10013030 f i client_config.obj
 0001:00012080       ??1facet@locale@std@@MAE@XZ 10013080 f i client_config.obj
 0001:00012090       ??1locale@std@@QAE@XZ      10013090 f i client_config.obj
 0001:000120b0       ??1sentry@?$basic_istream@DU?$char_traits@D@std@@@std@@QAE@XZ 100130b0 f i client_config.obj
 0001:00012110       ??1sentry@?$basic_ostream@DU?$char_traits@D@std@@@std@@QAE@XZ 10013110 f i client_config.obj
 0001:00012180       ??6?$basic_ostream@DU?$char_traits@D@std@@@std@@QAEAAV01@G@Z 10013180 f i client_config.obj
 0001:00012330       ??6?$basic_ostream@DU?$char_traits@D@std@@@std@@QAEAAV01@H@Z 10013330 f i client_config.obj
 0001:000124e0       ??6?$basic_ostream@DU?$char_traits@D@std@@@std@@QAEAAV01@I@Z 100134e0 f i client_config.obj
 0001:00012690       ??_D?$basic_ifstream@DU?$char_traits@D@std@@@std@@QAEXXZ 10013690 f i client_config.obj
 0001:00012720       ??_D?$basic_ofstream@DU?$char_traits@D@std@@@std@@QAEXXZ 10013720 f i client_config.obj
 0001:000127af       ??_E?$basic_ifstream@DU?$char_traits@D@std@@@std@@$4PPPPPPPM@A@AEPAXI@Z 100137af f i client_config.obj
 0001:000127b7       ??_E?$basic_istream@DU?$char_traits@D@std@@@std@@$4PPPPPPPM@A@AEPAXI@Z 100137b7 f i client_config.obj
 0001:000127bf       ??_E?$basic_ofstream@DU?$char_traits@D@std@@@std@@$4PPPPPPPM@A@AEPAXI@Z 100137bf f i client_config.obj
 0001:000127c7       ??_E?$basic_ostream@DU?$char_traits@D@std@@@std@@$4PPPPPPPM@A@AEPAXI@Z 100137c7 f i client_config.obj
 0001:000127d0       ??_E?$basic_filebuf@DU?$char_traits@D@std@@@std@@UAEPAXI@Z 100137d0 f i client_config.obj
 0001:000127d0       ??_G?$basic_filebuf@DU?$char_traits@D@std@@@std@@UAEPAXI@Z 100137d0 f i client_config.obj
 0001:00012800       ??_E?$basic_ifstream@DU?$char_traits@D@std@@@std@@UAEPAXI@Z 10013800 f i client_config.obj
 0001:00012800       ??_G?$basic_ifstream@DU?$char_traits@D@std@@@std@@UAEPAXI@Z 10013800 f i client_config.obj
 0001:00012830       ??_E?$basic_ios@DU?$char_traits@D@std@@@std@@UAEPAXI@Z 10013830 f i client_config.obj
 0001:00012830       ??_G?$basic_ios@DU?$char_traits@D@std@@@std@@UAEPAXI@Z 10013830 f i client_config.obj
 0001:000128a0       ??_E?$basic_istream@DU?$char_traits@D@std@@@std@@UAEPAXI@Z 100138a0 f i client_config.obj
 0001:000128a0       ??_G?$basic_istream@DU?$char_traits@D@std@@@std@@UAEPAXI@Z 100138a0 f i client_config.obj
 0001:00012930       ??_E?$basic_ofstream@DU?$char_traits@D@std@@@std@@UAEPAXI@Z 10013930 f i client_config.obj
 0001:00012930       ??_G?$basic_ofstream@DU?$char_traits@D@std@@@std@@UAEPAXI@Z 10013930 f i client_config.obj
 0001:00012960       ??_E?$basic_ostream@DU?$char_traits@D@std@@@std@@UAEPAXI@Z 10013960 f i client_config.obj
 0001:00012960       ??_G?$basic_ostream@DU?$char_traits@D@std@@@std@@UAEPAXI@Z 10013960 f i client_config.obj
 0001:000129f0       ??_E?$basic_streambuf@DU?$char_traits@D@std@@@std@@UAEPAXI@Z 100139f0 f i client_config.obj
 0001:000129f0       ??_G?$basic_streambuf@DU?$char_traits@D@std@@@std@@UAEPAXI@Z 100139f0 f i client_config.obj
 0001:00012a40       ??_E?$codecvt@DDU_Mbstatet@@@std@@MAEPAXI@Z 10013a40 f i client_config.obj
 0001:00012a40       ??_E?$num_put@DV?$ostreambuf_iterator@DU?$char_traits@D@std@@@std@@@std@@MAEPAXI@Z 10013a40 f i client_config.obj
 0001:00012a40       ??_G?$codecvt@DDU_Mbstatet@@@std@@MAEPAXI@Z 10013a40 f i client_config.obj
 0001:00012a40       ??_G?$num_put@DV?$ostreambuf_iterator@DU?$char_traits@D@std@@@std@@@std@@MAEPAXI@Z 10013a40 f i client_config.obj
 0001:00012a70       ??_E?$ctype@D@std@@MAEPAXI@Z 10013a70 f i client_config.obj
 0001:00012a70       ??_G?$ctype@D@std@@MAEPAXI@Z 10013a70 f i client_config.obj
 0001:00012ad0       ??_E?$numpunct@D@std@@MAEPAXI@Z 10013ad0 f i client_config.obj
 0001:00012ad0       ??_G?$numpunct@D@std@@MAEPAXI@Z 10013ad0 f i client_config.obj
 0001:00012b20       ??_E_Facet_base@std@@UAEPAXI@Z 10013b20 f i client_config.obj
 0001:00012b20       ??_G_Facet_base@std@@UAEPAXI@Z 10013b20 f i client_config.obj
 0001:00012b50       ??_E_Iostream_error_category2@std@@UAEPAXI@Z 10013b50 f i client_config.obj
 0001:00012b50       ??_G_Iostream_error_category2@std@@UAEPAXI@Z 10013b50 f i client_config.obj
 0001:00012b70       ??_E_System_error@std@@UAEPAXI@Z 10013b70 f i client_config.obj
 0001:00012b70       ??_Efailure@ios_base@std@@UAEPAXI@Z 10013b70 f i client_config.obj
 0001:00012b70       ??_Esystem_error@std@@UAEPAXI@Z 10013b70 f i client_config.obj
 0001:00012b70       ??_G_System_error@std@@UAEPAXI@Z 10013b70 f i client_config.obj
 0001:00012b70       ??_Gfailure@ios_base@std@@UAEPAXI@Z 10013b70 f i client_config.obj
 0001:00012b70       ??_Gsystem_error@std@@UAEPAXI@Z 10013b70 f i client_config.obj
 0001:00012ba0       ??_Eios_base@std@@UAEPAXI@Z 10013ba0 f i client_config.obj
 0001:00012ba0       ??_Gios_base@std@@UAEPAXI@Z 10013ba0 f i client_config.obj
 0001:00012c10       ?_Decref@facet@locale@std@@UAEPAV_Facet_base@3@XZ 10013c10 f i client_config.obj
 0001:00012c30       ?_Endwrite@?$basic_filebuf@DU?$char_traits@D@std@@@std@@IAE_NXZ 10013c30 f i client_config.obj
 0001:00012d00       ?_Ffmt@?$num_put@DV?$ostreambuf_iterator@DU?$char_traits@D@std@@@std@@@std@@ABAPADPADDH@Z 10013d00 f i client_config.obj
 0001:00012dd0       ?_Incref@facet@locale@std@@UAEXXZ 10013dd0 f i client_config.obj
 0001:00012de0       ?_Init@?$basic_filebuf@DU?$char_traits@D@std@@@std@@IAEXPAU_iobuf@@W4_Initfl@12@@Z 10013de0 f i client_config.obj
 0001:00012ed0       ?_Init@?$basic_streambuf@DU?$char_traits@D@std@@@std@@IAEXXZ 10013ed0 f i client_config.obj
 0001:00012f30       ?_Initcvt@?$basic_filebuf@DU?$char_traits@D@std@@@std@@IAEXABV?$codecvt@DDU_Mbstatet@@@2@@Z 10013f30 f i client_config.obj
 0001:00012fc0       ?_Ipfx@?$basic_istream@DU?$char_traits@D@std@@@std@@QAE_N_N@Z 10013fc0 f i client_config.obj
 0001:00013200       ?_Iput@?$num_put@DV?$ostreambuf_iterator@DU?$char_traits@D@std@@@std@@@std@@ABA?AV?$ostreambuf_iterator@DU?$char_traits@D@std@@@2@V32@AAVios_base@2@DPADI@Z 10014200 f i client_config.obj
 0001:00013590       ?_Lock@?$basic_filebuf@DU?$char_traits@D@std@@@std@@UAEXXZ 10014590 f i client_config.obj
 0001:000135a0       ?_Osfx@?$basic_ostream@DU?$char_traits@D@std@@@std@@QAEXXZ 100145a0 f i client_config.obj
 0001:00013680       ?_Put@?$num_put@DV?$ostreambuf_iterator@DU?$char_traits@D@std@@@std@@@std@@ABA?AV?$ostreambuf_iterator@DU?$char_traits@D@std@@@2@V32@PBDI@Z 10014680 f i client_config.obj
 0001:000136f0       ?_Rep@?$num_put@DV?$ostreambuf_iterator@DU?$char_traits@D@std@@@std@@@std@@ABA?AV?$ostreambuf_iterator@DU?$char_traits@D@std@@@2@V32@DI@Z 100146f0 f i client_config.obj
 0001:00013760       ?_Reset_back@?$basic_filebuf@DU?$char_traits@D@std@@@std@@AAEXXZ 10014760 f i client_config.obj
 0001:00013790       ?_Unlock@?$basic_filebuf@DU?$char_traits@D@std@@@std@@UAEXXZ 10014790 f i client_config.obj
 0001:000137a0       ?_Xran@?$_String_val@U?$_Simple_types@D@std@@@std@@SAXXZ 100147a0 f i client_config.obj
 0001:000137b0       ?_Xran@?$basic_string_view@DU?$char_traits@D@std@@@std@@CAXXZ 100147b0 f i client_config.obj
 0001:00015900       ?clear@ios_base@std@@QAEXH_N@Z 10016900 f i client_config.obj
 0001:00015980       ?data@config@ext_client@@YAAAUsettings@12@XZ 10016980 f   client_config.obj
 0001:00015990       ?default_error_condition@error_category@std@@UBE?AVerror_condition@2@H@Z 10016990 f i client_config.obj
 0001:000159b0       ?do_always_noconv@?$codecvt@DDU_Mbstatet@@@std@@MBE_NXZ 100169b0 f i client_config.obj
 0001:000159b0       ___acrt_uninitialize_command_line 100169b0 f i libucrt:argv_data.obj
 0001:000159c0       ?do_decimal_point@?$numpunct@D@std@@MBEDXZ 100169c0 f i client_config.obj
 0001:000159d0       ?do_encoding@codecvt_base@std@@MBEHXZ 100169d0 f i client_config.obj
 0001:000159d0       ?do_max_length@codecvt_base@std@@MBEHXZ 100169d0 f i client_config.obj
 0001:000159e0       ?do_falsename@?$numpunct@D@std@@MBE?AV?$basic_string@DU?$char_traits@D@std@@V?$allocator@D@2@@2@XZ 100169e0 f i client_config.obj
 0001:00015a30       ?do_grouping@?$numpunct@D@std@@MBE?AV?$basic_string@DU?$char_traits@D@std@@V?$allocator@D@2@@2@XZ 10016a30 f i client_config.obj
 0001:00015a80       ?do_in@?$codecvt@DDU_Mbstatet@@@std@@MBEHAAU_Mbstatet@@PBD1AAPBDPAD3AAPAD@Z 10016a80 f i client_config.obj
 0001:00015a80       ?do_out@?$codecvt@DDU_Mbstatet@@@std@@MBEHAAU_Mbstatet@@PBD1AAPBDPAD3AAPAD@Z 10016a80 f i client_config.obj
 0001:00015aa0       ?do_length@?$codecvt@DDU_Mbstatet@@@std@@MBEHAAU_Mbstatet@@PBD1I@Z 10016aa0 f i client_config.obj
 0001:00015ac0       ?do_narrow@?$ctype@D@std@@MBEDDD@Z 10016ac0 f i client_config.obj
 0001:00015ad0       ?do_narrow@?$ctype@D@std@@MBEPBDPBD0DPAD@Z 10016ad0 f i client_config.obj
 0001:00015af0       ?do_put@?$num_put@DV?$ostreambuf_iterator@DU?$char_traits@D@std@@@std@@@std@@MBE?AV?$ostreambuf_iterator@DU?$char_traits@D@std@@@2@V32@AAVios_base@2@DJ@Z 10016af0 f i client_config.obj
 0001:00015bb0       ?do_put@?$num_put@DV?$ostreambuf_iterator@DU?$char_traits@D@std@@@std@@@std@@MBE?AV?$ostreambuf_iterator@DU?$char_traits@D@std@@@2@V32@AAVios_base@2@DK@Z 10016bb0 f i client_config.obj
 0001:00015c70       ?do_put@?$num_put@DV?$ostreambuf_iterator@DU?$char_traits@D@std@@@std@@@std@@MBE?AV?$ostreambuf_iterator@DU?$char_traits@D@std@@@2@V32@AAVios_base@2@DN@Z 10016c70 f i client_config.obj
 0001:00015e80       ?do_put@?$num_put@DV?$ostreambuf_iterator@DU?$char_traits@D@std@@@std@@@std@@MBE?AV?$ostreambuf_iterator@DU?$char_traits@D@std@@@2@V32@AAVios_base@2@DO@Z 10016e80 f i client_config.obj
 0001:00016090       ?do_put@?$num_put@DV?$ostreambuf_iterator@DU?$char_traits@D@std@@@std@@@std@@MBE?AV?$ostreambuf_iterator@DU?$char_traits@D@std@@@2@V32@AAVios_base@2@DPBX@Z 10017090 f i client_config.obj
 0001:000160f0       ?do_put@?$num_put@DV?$ostreambuf_iterator@DU?$char_traits@D@std@@@std@@@std@@MBE?AV?$ostreambuf_iterator@DU?$char_traits@D@std@@@2@V32@AAVios_base@2@D_J@Z 100170f0 f i client_config.obj
 0001:000161c0       ?do_put@?$num_put@DV?$ostreambuf_iterator@DU?$char_traits@D@std@@@std@@@std@@MBE?AV?$ostreambuf_iterator@DU?$char_traits@D@std@@@2@V32@AAVios_base@2@D_K@Z 100171c0 f i client_config.obj
 0001:00016290       ?do_put@?$num_put@DV?$ostreambuf_iterator@DU?$char_traits@D@std@@@std@@@std@@MBE?AV?$ostreambuf_iterator@DU?$char_traits@D@std@@@2@V32@AAVios_base@2@D_N@Z 10017290 f i client_config.obj
 0001:00016480       ?do_thousands_sep@?$numpunct@D@std@@MBEDXZ 10017480 f i client_config.obj
 0001:00016490       ?do_tolower@?$ctype@D@std@@MBEDD@Z 10017490 f i client_config.obj
 0001:000164b0       ?do_tolower@?$ctype@D@std@@MBEPBDPADPBD@Z 100174b0 f i client_config.obj
 0001:000164e0       ?do_toupper@?$ctype@D@std@@MBEDD@Z 100174e0 f i client_config.obj
 0001:00016500       ?do_toupper@?$ctype@D@std@@MBEPBDPADPBD@Z 10017500 f i client_config.obj
 0001:00016530       ?do_truename@?$numpunct@D@std@@MBE?AV?$basic_string@DU?$char_traits@D@std@@V?$allocator@D@2@@2@XZ 10017530 f i client_config.obj
 0001:00016580       ?do_unshift@?$codecvt@DDU_Mbstatet@@@std@@MBEHAAU_Mbstatet@@PAD1AAPAD@Z 10017580 f i client_config.obj
 0001:000165a0       ?do_widen@?$ctype@D@std@@MBEDD@Z 100175a0 f i client_config.obj
 0001:000165b0       ?do_widen@?$ctype@D@std@@MBEPBDPBD0PAD@Z 100175b0 f i client_config.obj
 0001:00016690       ?equivalent@error_category@std@@UBE_NABVerror_code@2@H@Z 10017690 f i client_config.obj
 0001:000166c0       ?equivalent@error_category@std@@UBE_NHABVerror_condition@2@@Z 100176c0 f i client_config.obj
 0001:00016700       ?flush@?$basic_ostream@DU?$char_traits@D@std@@@std@@QAEAAV12@XZ 10017700 f i client_config.obj
 0001:00016850       ?imbue@?$basic_filebuf@DU?$char_traits@D@std@@@std@@MAEXABVlocale@2@@Z 10017850 f i client_config.obj
 0001:00016870       ?imbue@?$basic_streambuf@DU?$char_traits@D@std@@@std@@MAEXABVlocale@2@@Z 10017870 f i client_config.obj
 0001:00016880       ?init@?$basic_ios@DU?$char_traits@D@std@@@std@@IAEXPAV?$basic_streambuf@DU?$char_traits@D@std@@@2@_N@Z 10017880 f i client_config.obj
 0001:00016a00       ?insert@?$basic_string@DU?$char_traits@D@std@@V?$allocator@D@2@@std@@QAEAAV12@IID@Z 10017a00 f i client_config.obj
 0001:00016bb0       ?load@config@ext_client@@YA_NXZ 10017bb0 f   client_config.obj
 0001:00017210       ?make_error_code@std@@YA?AVerror_code@1@W4io_errc@1@@Z 10018210 f i client_config.obj
 0001:00017230       ?mark_dirty@config@ext_client@@YAXXZ 10018230 f   client_config.obj
 0001:00017250       ?message@_Iostream_error_category2@std@@UBE?AV?$basic_string@DU?$char_traits@D@std@@V?$allocator@D@2@@2@H@Z 10018250 f i client_config.obj
 0001:00017310       ?name@_Iostream_error_category2@std@@UBEPBDXZ 10018310 f i client_config.obj
 0001:00017320       ?open@?$basic_filebuf@DU?$char_traits@D@std@@@std@@QAEPAV12@PBDHH@Z 10018320 f i client_config.obj
 0001:000173e0       ?overflow@?$basic_filebuf@DU?$char_traits@D@std@@@std@@MAEHH@Z 100183e0 f i client_config.obj
 0001:00017560       ?overflow@?$basic_streambuf@DU?$char_traits@D@std@@@std@@MAEHH@Z 10018560 f i client_config.obj
 0001:00017560       ?pbackfail@?$basic_streambuf@DU?$char_traits@D@std@@@std@@MAEHH@Z 10018560 f i client_config.obj
 0001:00017650       ?path@config@ext_client@@YAPBDXZ 10018650 f   client_config.obj
 0001:00017660       ?pbackfail@?$basic_filebuf@DU?$char_traits@D@std@@@std@@MAEHH@Z 10018660 f i client_config.obj
 0001:00017710       ?save@config@ext_client@@YA_NXZ 10018710 f   client_config.obj
 0001:00018e20       ?seekoff@?$basic_filebuf@DU?$char_traits@D@std@@@std@@MAE?AV?$fpos@U_Mbstatet@@@2@_JHH@Z 10019e20 f i client_config.obj
 0001:00018f00       ?seekoff@?$basic_streambuf@DU?$char_traits@D@std@@@std@@MAE?AV?$fpos@U_Mbstatet@@@2@_JHH@Z 10019f00 f i client_config.obj
 0001:00018f30       ?seekpos@?$basic_filebuf@DU?$char_traits@D@std@@@std@@MAE?AV?$fpos@U_Mbstatet@@@2@V32@H@Z 10019f30 f i client_config.obj
 0001:00019000       ?seekpos@?$basic_streambuf@DU?$char_traits@D@std@@@std@@MAE?AV?$fpos@U_Mbstatet@@@2@V32@H@Z 1001a000 f i client_config.obj
 0001:00019030       ?setbuf@?$basic_filebuf@DU?$char_traits@D@std@@@std@@MAEPAV?$basic_streambuf@DU?$char_traits@D@std@@@2@PAD_J@Z 1001a030 f i client_config.obj
 0001:00019090       ?setbuf@?$basic_streambuf@DU?$char_traits@D@std@@@std@@MAEPAV12@PAD_J@Z 1001a090 f i client_config.obj
 0001:000190a0       ?setstate@?$basic_ios@DU?$char_traits@D@std@@@std@@QAEXH_N@Z 1001a0a0 f i client_config.obj
 0001:000190d0       ?showmanyc@?$basic_streambuf@DU?$char_traits@D@std@@@std@@MAE_JXZ 1001a0d0 f i client_config.obj
 0001:000190e0       ?snextc@?$basic_streambuf@DU?$char_traits@D@std@@@std@@QAEHXZ 1001a0e0 f i client_config.obj
 0001:00019150       ?substr@?$basic_string_view@DU?$char_traits@D@std@@@std@@QBE?AV12@II@Z 1001a150 f i client_config.obj
 0001:00019180       ?sync@?$basic_filebuf@DU?$char_traits@D@std@@@std@@MAEHXZ 1001a180 f i client_config.obj
 0001:000191b0       ?sync@?$basic_streambuf@DU?$char_traits@D@std@@@std@@MAEHXZ 1001a1b0 f i client_config.obj
 0001:000191c0       ?sync_to_runtime@config@ext_client@@YAXXZ 1001a1c0 f   client_config.obj
 0001:000191d0       ?uflow@?$basic_filebuf@DU?$char_traits@D@std@@@std@@MAEHXZ 1001a1d0 f i client_config.obj
 0001:00019530       ?uflow@?$basic_streambuf@DU?$char_traits@D@std@@@std@@MAEHXZ 1001a530 f i client_config.obj
 0001:00019560       ?underflow@?$basic_filebuf@DU?$char_traits@D@std@@@std@@MAEHXZ 1001a560 f i client_config.obj
 0001:000195a0       ?underflow@?$basic_streambuf@DU?$char_traits@D@std@@@std@@MAEHXZ 1001a5a0 f i client_config.obj
 0001:000195b0       ?xsgetn@?$basic_filebuf@DU?$char_traits@D@std@@@std@@MAE_JPAD_J@Z 1001a5b0 f i client_config.obj
 0001:00019780       ?xsgetn@?$basic_streambuf@DU?$char_traits@D@std@@@std@@MAE_JPAD_J@Z 1001a780 f i client_config.obj
 0001:00019850       ?xsputn@?$basic_filebuf@DU?$char_traits@D@std@@@std@@MAE_JPBD_J@Z 1001a850 f i client_config.obj
 0001:00019a00       ?xsputn@?$basic_streambuf@DU?$char_traits@D@std@@@std@@MAE_JPBD_J@Z 1001aa00 f i client_config.obj
 0001:00019ae0       _sprintf_s                 1001aae0 f i client_config.obj
 0001:00019ef0       ?from_imgui@color@utils@ext_client@@YAII@Z 1001aef0 f i menu.obj
 0001:00019f20       ?is_visible@menu@ext_client@@YA_NXZ 1001af20 f   menu.obj
 0001:00019f30       ?on_create@menu@ext_client@@YAXPAUHWND__@@PAUIDirect3DDevice9@@@Z 1001af30 f   menu.obj
 0001:00019fb0       ?render@menu@ext_client@@YAXXZ 1001afb0 f   menu.obj
 0001:0001a280       ?set_visible@menu@ext_client@@YAX_N@Z 1001b280 f   menu.obj
 0001:0001a2d0       ?shutdown@menu@ext_client@@YAXXZ 1001b2d0 f   menu.obj
 0001:0001a300       ?checkbox_column@ui@menu@ext_client@@YA_NPA_NPBD01@Z 1001b300 f   menu_ui.obj
 0001:0001a350       ?checkbox_setting@ui@menu@ext_client@@YA_NPBDPA_N_N@Z 1001b350 f   menu_ui.obj
 0001:0001a380       ?setting_changed@ui@menu@ext_client@@YAX_N@Z 1001b380 f   menu_ui.obj
 0001:0001a3a0       ?draw@config_panel@menu@ext_client@@YAXXZ 1001b3a0 f   config_panel.obj
 0001:0001b000       ??$_Allocate_at_least_helper@V?$allocator@Uwidget_info@cif_manager@ext_client@@@std@@@std@@YAPAUwidget_info@cif_manager@ext_client@@AAV?$allocator@Uwidget_info@cif_manager@ext_client@@@0@AAI@Z 1001c000 f i widget_inspector.obj
 0001:0001b070       ??$_Emplace_reallocate@ABQAVcgwnd@@@?$vector@PAVcgwnd@@V?$allocator@PAVcgwnd@@@std@@@std@@AAEPAPAVcgwnd@@QAPAV2@ABQAV2@@Z 1001c070 f i widget_inspector.obj
 0001:0001b1d0       ??$_Find_last@H@?$_Hash@V?$_Umap_traits@HUentry@ui_res_catalog@utils@ext_client@@V?$_Uhash_compare@HU?$hash@H@std@@U?$equal_to@H@2@@std@@V?$allocator@U?$pair@$$CBHUentry@ui_res_catalog@utils@ext_client@@@std@@@6@$0A@@std@@@std@@IBE?AU?$_Hash_find_last_result@PAU?$_List_node@U?$pair@$$CBHUentry@ui_res_catalog@utils@ext_client@@@std@@PAX@std@@@1@ABHI@Z 1001c1d0 f i ui_res_catalog.obj
 0001:0001b1d0       ??$_Find_last@I@?$_Hash@V?$_Umap_traits@IV?$basic_string@DU?$char_traits@D@std@@V?$allocator@D@2@@std@@V?$_Uhash_compare@IU?$hash@I@std@@U?$equal_to@I@2@@2@V?$allocator@U?$pair@$$CBIV?$basic_string@DU?$char_traits@D@std@@V?$allocator@D@2@@std@@@std@@@2@$0A@@std@@@std@@IBE?AU?$_Hash_find_last_result@PAU?$_List_node@U?$pair@$$CBIV?$basic_string@DU?$char_traits@D@std@@V?$allocator@D@2@@std@@@std@@PAX@std@@@1@ABII@Z 1001c1d0 f i cif_manager.obj
 0001:0001b1d0       ??$_Find_last@PAVcgwnd@@@?$_Hash@V?$_Uset_traits@PAVcgwnd@@V?$_Uhash_compare@PAVcgwnd@@U?$hash@PAVcgwnd@@@std@@U?$equal_to@PAVcgwnd@@@3@@std@@V?$allocator@PAVcgwnd@@@3@$0A@@std@@@std@@IBE?AU?$_Hash_find_last_result@PAU?$_List_node@PAVcgwnd@@PAX@std@@@1@ABQAVcgwnd@@I@Z 1001c1d0 f i widget_inspector.obj
 0001:0001b240       ??$_Insert_counted_range@PBUwidget_info@cif_manager@ext_client@@@?$vector@Uwidget_info@cif_manager@ext_client@@V?$allocator@Uwidget_info@cif_manager@ext_client@@@std@@@std@@AAEXV?$_Vector_const_iterator@V?$_Vector_val@U?$_Simple_types@Uwidget_info@cif_manager@ext_client@@@std@@@std@@@1@PBUwidget_info@cif_manager@ext_client@@I@Z 1001c240 f i widget_inspector.obj
 0001:0001b4b0       ??$_Uninitialized_move@PAUwidget_info@cif_manager@ext_client@@V?$allocator@Uwidget_info@cif_manager@ext_client@@@std@@@std@@YAPAUwidget_info@cif_manager@ext_client@@QAU123@0PAU123@AAV?$allocator@Uwidget_info@cif_manager@ext_client@@@0@@Z 1001c4b0 f i widget_inspector.obj
 0001:0001b4f0       ??$emplace@ABQAVcgwnd@@@?$_Hash@V?$_Uset_traits@PAVcgwnd@@V?$_Uhash_compare@PAVcgwnd@@U?$hash@PAVcgwnd@@@std@@U?$equal_to@PAVcgwnd@@@3@@std@@V?$allocator@PAVcgwnd@@@3@$0A@@std@@@std@@QAE?AU?$pair@V?$_List_const_iterator@V?$_List_val@U?$_List_simple_types@PAVcgwnd@@@std@@@std@@@std@@_N@1@ABQAVcgwnd@@@Z 1001c4f0 f i widget_inspector.obj
 0001:0001b6e0       ??$fill@PAV?$_List_unchecked_const_iterator@V?$_List_val@U?$_List_simple_types@PAVcgwnd@@@std@@@std@@U_Iterator_base0@2@@std@@V12@@std@@YAXQAV?$_List_unchecked_const_iterator@V?$_List_val@U?$_List_simple_types@PAVcgwnd@@@std@@@std@@U_Iterator_base0@2@@0@0ABV10@@Z 1001c6e0 f i widget_inspector.obj
[...]
 0003:00002be8       ?tried_load@?1??convert_banner_texture_to_bitmap@?A0xaf359b20@version_check@hooks@ext_client@@YAPAVBitmap@Gdiplus@@PAVcif_static@@@Z@4_NA 100d6be8     version_check_hook.obj
 0003:00002bec       ?last_log@?7??on_update_detour@?A0xaf359b20@version_check@hooks@ext_client@@YIXPAVcps_version_check@@@Z@4IA 100d6bec     version_check_hook.obj
 0003:00002bf0       ?last_log@?L@??tick@version_check@hooks@ext_client@@YAXXZ@4IA 100d6bf0     version_check_hook.obj
 0003:00002bf4       ?g_running@?A0x854ad4f5@loading_splash_overlay@hooks@ext_client@@3U?$atomic@_N@std@@A 100d6bf4     loading_splash_overlay.obj
 0003:00002bf8       ?g_thread@?A0x854ad4f5@loading_splash_overlay@hooks@ext_client@@3PAXA 100d6bf8     loading_splash_overlay.obj
 0003:00002bfc       ?g_stop_event@?A0x854ad4f5@loading_splash_overlay@hooks@ext_client@@3PAXA 100d6bfc     loading_splash_overlay.obj
 0003:00002c00       ?g_hwnd@?A0x854ad4f5@loading_splash_overlay@hooks@ext_client@@3PAUHWND__@@A 100d6c00     loading_splash_overlay.obj
 0003:00002c04       ?g_owner@?A0x854ad4f5@loading_splash_overlay@hooks@ext_client@@3PAUHWND__@@A 100d6c04     loading_splash_overlay.obj
 0003:00002c08       ?g_gdiplus@?A0x854ad4f5@loading_splash_overlay@hooks@ext_client@@3KA 100d6c08     loading_splash_overlay.obj
 0003:00002c18       ?g_logo_baselines@?A0xf7fb837e@title@hooks@ext_client@@3V?$vector@Ulogo_baseline_entry@?A0xf7fb837e@title@hooks@ext_client@@V?$allocator@Ulogo_baseline_entry@?A0xf7fb837e@title@hooks@ext_client@@@std@@@std@@A 100d6c18     title_hook.obj
 0003:00002c24       ?g_hooks@?A0xf7fb837e@title@hooks@ext_client@@3Vhook_group@utils@4@A 100d6c24     title_hook.obj
 0003:00002c30       ?g_data_version_label@?A0xf7fb837e@title@hooks@ext_client@@3PAVcif_static@@A 100d6c30     title_hook.obj
 0003:00002c34       ?g_exe_version_label@?A0xf7fb837e@title@hooks@ext_client@@3PAVcif_static@@A 100d6c34     title_hook.obj
 0003:00002c38       ?g_bound_title@?A0xf7fb837e@title@hooks@ext_client@@3PAVcps_title@@A 100d6c38     title_hook.obj
 0003:00002c3c       ?g_last_active_child@?A0xf7fb837e@title@hooks@ext_client@@3PAXA 100d6c3c     title_hook.obj
 0003:00002c40       ?g_saw_title@?A0xf7fb837e@title@hooks@ext_client@@3_NA 100d6c40     title_hook.obj
 0003:00002c41       ?g_auto_login_done@?A0xf7fb837e@title@hooks@ext_client@@3_NA 100d6c41     title_hook.obj
 0003:00002c44       ?g_enforce_counter@?A0xf7fb837e@title@hooks@ext_client@@3IA 100d6c44     title_hook.obj
 0003:00002c48       ?g_last_hid_channel_list_btn@?A0xf7fb837e@title@hooks@ext_client@@3PAXA 100d6c48     title_hook.obj
 0003:00002c4c       ?g_cached_channel_list_btn@?A0xf7fb837e@title@hooks@ext_client@@3PAVcgwnd@@A 100d6c4c     title_hook.obj
 0003:00002c50       ?g_cached_channel_list_title@?A0xf7fb837e@title@hooks@ext_client@@3PAVcps_title@@A 100d6c50     title_hook.obj
 0003:00002c54       ?g_on_create@?A0xf7fb837e@title@hooks@ext_client@@3V?$make_hook@$0A@DPAVcps_title@@H@utils@4@A 100d6c54     title_hook.obj
 0003:00002c64       ?g_on_msg_recv@?A0xf7fb837e@title@hooks@ext_client@@3V?$make_hook@$0A@HPAVcps_title@@PAVcmsg_stream_buffer@@@utils@4@A 100d6c64     title_hook.obj
 0003:00002c78       ?g_hooks@?A0x00161d05@character_select@hooks@ext_client@@3Vhook_group@utils@4@A 100d6c78     character_select_hook.obj
 0003:00002c84       ?g_on_enter_msg@?A0x00161d05@character_select@hooks@ext_client@@3V?$make_hook@$0A@HPAVcps_character_select@@PAUcprocess_msg@@@utils@4@A 100d6c84     character_select_hook.obj
 0003:00002c94       ?g_on_slot_change@?A0x00161d05@character_select@hooks@ext_client@@3V?$make_hook@$0A@HPAVcps_character_select@@HH@utils@4@A 100d6c94     character_select_hook.obj
 0003:00002ca4       ?g_on_msg_recv@?A0x00161d05@character_select@hooks@ext_client@@3V?$make_hook@$0A@HPAVcps_character_select@@PAVcmsg_stream_buffer@@@utils@4@A 100d6ca4     character_select_hook.obj
 0003:00002cb4       ?g_on_update@?A0x00161d05@character_select@hooks@ext_client@@3V?$make_hook@$0A@HPAVcps_character_select@@@utils@4@A 100d6cb4     character_select_hook.obj
 0003:00002cc4       ?g_greeting_target_entity@?A0x00161d05@character_select@hooks@ext_client@@3PAVcic_deco_character@@A 100d6cc4     character_select_hook.obj
 0003:00002cc8       ?g_cached_logout_times@?A0x00161d05@character_select@hooks@ext_client@@3V?$array@I$0BA@@std@@A 100d6cc8     character_select_hook.obj
 0003:00002d08       ?g_cached_logout_valid@?A0x00161d05@character_select@hooks@ext_client@@3V?$array@_N$0BA@@std@@A 100d6d08     character_select_hook.obj
 0003:00002d18       ?g_incoming_override@?A0xff27e9e4@packet@hooks@ext_client@@3Uoverride_rule@1234@A 100d6d18     packet_hook.obj
 0003:00002d28       ?g_outgoing_override@?A0xff27e9e4@packet@hooks@ext_client@@3Uoverride_rule@1234@A 100d6d28     packet_hook.obj
 0003:00002d38       ?g_hooks@?A0xff27e9e4@packet@hooks@ext_client@@3Vhook_group@utils@4@A 100d6d38     packet_hook.obj
 0003:00002d44       ?g_from_wire@?A0xff27e9e4@packet@hooks@ext_client@@3V?$make_hook@$0A@PAVcmsg_stream_buffer@@PAV1@GPADHH@utils@4@A 100d6d44     packet_hook.obj
 0003:00002d54       ?g_stream_dispatch@?A0xff27e9e4@packet@hooks@ext_client@@3V?$make_hook@$0A@HPAXPAVcmsg_stream_buffer@@@utils@4@A 100d6d54     packet_hook.obj
 0003:00002d64       ?g_send_from_buffer@?A0xff27e9e4@packet@hooks@ext_client@@3V?$make_hook@$01PAXPAVcmsg_stream_buffer@@@utils@4@A 100d6d64     packet_hook.obj
 0003:00002d74       ?g_cmsg_dispatch@?A0xff27e9e4@packet@hooks@ext_client@@3V?$make_hook@$0A@HPAXPAVcmsg@@@utils@4@A 100d6d74     packet_hook.obj
 0003:00002d84       ?g_send_pool_buffer@?A0xff27e9e4@packet@hooks@ext_client@@3V?$make_hook@$00HHHPAVcmsg@@@utils@4@A 100d6d84     packet_hook.obj
 0003:00002d94       ?g_hooks@?A0xf10e97a8@interface_hide@hooks@ext_client@@3Vhook_group@utils@4@A 100d6d94     interface_hide_hook.obj
 0003:00002da0       ?g_config_mask@?A0xf10e97a8@interface_hide@hooks@ext_client@@3IA 100d6da0     interface_hide_hook.obj
 0003:00002da4       ?g_applied_mask@?A0xf10e97a8@interface_hide@hooks@ext_client@@3IA 100d6da4     interface_hide_hook.obj
 0003:00002da8       ?g_promo_saw_ingame@?A0xf10e97a8@interface_hide@hooks@ext_client@@3_NA 100d6da8     interface_hide_hook.obj
 0003:00002da9       ?g_survey_saw_ingame@?A0xf10e97a8@interface_hide@hooks@ext_client@@3_NA 100d6da9     interface_hide_hook.obj
 0003:00002daa       ?g_survey_logged_resolve_miss@?A0xf10e97a8@interface_hide@hooks@ext_client@@3_NA 100d6daa     interface_hide_hook.obj
 0003:00002dac       ?g_promo_enforce_counter@?A0xf10e97a8@interface_hide@hooks@ext_client@@3IA 100d6dac     interface_hide_hook.obj
 0003:00002db0       ?g_on_create@?A0xf10e97a8@interface_hide@hooks@ext_client@@3V?$make_hook@$0A@HPAVcnif_sro_ingame_start@@HH@utils@4@A 100d6db0     interface_hide_hook.obj
 0003:00002dc0       ?g_try_show_panel@?A0xf10e97a8@interface_hide@hooks@ext_client@@3V?$make_hook@$01D$$V@utils@4@A 100d6dc0     interface_hide_hook.obj
 0003:00002dd0       ?g_arm_show_survey@?A0xf10e97a8@interface_hide@hooks@ext_client@@3V?$make_hook@$0A@HPAVcnif_sro_ingame_start@@@utils@4@A 100d6dd0     interface_hide_hook.obj
 0003:00002de0       ?g_survey_enforce_counter@?A0xf10e97a8@interface_hide@hooks@ext_client@@3IA 100d6de0     interface_hide_hook.obj
 0003:00002de4       ?g_hooks@?A0x451a554e@welcome_msg@hooks@ext_client@@3Vhook_group@utils@4@A 100d6de4     welcome_msg_hook.obj
 0003:00002df0       ?g_show_notice@?A0x451a554e@welcome_msg@hooks@ext_client@@3V?$make_hook@$0A@HPAXPBX@utils@4@A 100d6df0     welcome_msg_hook.obj
 0003:00002e00       ?g_hooks@?A0x5200eb56@sight_range@hooks@ext_client@@3Vhook_group@utils@4@A 100d6e00     sight_range_hook.obj
 0003:00002e0c       ?g_set_graphics_option@?A0x5200eb56@sight_range@hooks@ext_client@@3V?$make_hook@$0A@HPAXIH@utils@4@A 100d6e0c     sight_range_hook.obj
 0003:00002e1c       ?g_hooks@?A0x2ddca29b@intro@hooks@ext_client@@3Vhook_group@utils@4@A 100d6e1c     intro_hook.obj
 0003:00002e28       ?g_intro_render_pipeline_ready@?A0x2ddca29b@intro@hooks@ext_client@@3_NA 100d6e28     intro_hook.obj
 0003:00002e2c       ?g_load_intro_camera@?A0x2ddca29b@intro@hooks@ext_client@@3V?$make_hook@$01HHHD@utils@4@A 100d6e2c     intro_hook.obj
 0003:00002e3c       ?g_hooks@?A0xf05e866d@quest@hooks@ext_client@@3Vhook_group@utils@4@A 100d6e3c     quest_hook.obj
 0003:00002e48       ?g_get_quest_definition@?A0xf05e866d@quest@hooks@ext_client@@3V?$make_hook@$0A@PAXPAXI@utils@4@A 100d6e48     quest_hook.obj
 0003:00002e58       ?dummy_quest_def@?4??get_quest_definition_detour@?A0xf05e866d@quest@hooks@ext_client@@YIPAXPAX0I@Z@4PADA 100d6e58     quest_hook.obj
 0003:00003258       ?g_hooks@?A0xbf585c9a@assertion@hooks@ext_client@@3Vhook_group@utils@4@A 100d7258     assert_hook.obj
 0003:00003264       ?g_assert_report@?A0xbf585c9a@assertion@hooks@ext_client@@3V?$make_hook@$01_NHPBDPBDF@utils@4@A 100d7264     assert_hook.obj
 0003:00003278       ?g_entries@?A0x305d6d12@net_manager@ext_client@@3V?$vector@Uentry@net_manager@ext_client@@V?$allocator@Uentry@net_manager@ext_client@@@std@@@std@@A 100d7278     net_manager.obj
 0003:00003284       ?g_incoming@?A0x305d6d12@net_manager@ext_client@@3V?$vector@Uhandler_entry@?A0x305d6d12@net_manager@ext_client@@V?$allocator@Uhandler_entry@?A0x305d6d12@net_manager@ext_client@@@std@@@std@@A 100d7284     net_manager.obj
 0003:00003290       ?g_outgoing@?A0x305d6d12@net_manager@ext_client@@3V?$vector@Uhandler_entry@?A0x305d6d12@net_manager@ext_client@@V?$allocator@Uhandler_entry@?A0x305d6d12@net_manager@ext_client@@@std@@@std@@A 100d7290     net_manager.obj
 0003:0000329c       ?g_log_file@?A0x305d6d12@net_manager@ext_client@@3PAU_iobuf@@A 100d729c     net_manager.obj
 0003:000032a0       ?g_active_log_path@?A0x305d6d12@net_manager@ext_client@@3PADA 100d72a0     net_manager.obj
 0003:000033a8       ?g_hex_editor@?A0x29845bb1@packet_inspector@menu@ext_client@@3PADA 100d73a8     packet_inspector.obj
 0003:000053a8       ?g_send_payload@?A0x29845bb1@packet_inspector@menu@ext_client@@3PADA 100d93a8     packet_inspector.obj
 0003:000054a8       ?g_selected_id@?A0x29845bb1@packet_inspector@menu@ext_client@@3IA 100d94a8     packet_inspector.obj
 0003:000054ac       ?g_apply_override_all@?A0x29845bb1@packet_inspector@menu@ext_client@@3_NA 100d94ac     packet_inspector.obj
 0003:000054b0       ?last_rows_count@?1??draw_packet_table@?A0x29845bb1@packet_inspector@menu@ext_client@@YAXXZ@4IA 100d94b0     packet_inspector.obj
 0003:000054b4       ?last_follow_latest@?1??draw_packet_table@?A0x29845bb1@packet_inspector@menu@ext_client@@YAXXZ@4_NA 100d94b4     packet_inspector.obj
 0003:000054b8       ?g_settings@?A0x61886c3c@config@ext_client@@3Usettings@23@A 100d94b8     client_config.obj
 0003:00005a10       ?g_path@?A0x61886c3c@config@ext_client@@3PADA 100d9a10     client_config.obj
 0003:00005b14       ?g_dirty@?A0x61886c3c@config@ext_client@@3_NA 100d9b14     client_config.obj
 0003:00005b15       ?g_path_ready@?A0x61886c3c@config@ext_client@@3_NA 100d9b15     client_config.obj
 0003:00005b3c       ?g_initialized@?A0xc1be1fcc@menu@ext_client@@3_NA 100d9b3c     menu.obj
 0003:00005b3d       ?g_visible@?A0xc1be1fcc@menu@ext_client@@3_NA 100d9b3d     menu.obj
 0003:00005b40       ?g_capture_input_frames@?A0xc1be1fcc@menu@ext_client@@3HA 100d9b40     menu.obj
 0003:00005b48       ?s@?1??state@?A0x8b7ff91a@widget_inspector@menu@ext_client@@YA@XZ@4Uinspector_state@2345@A 100d9b48     widget_inspector.obj
 0003:00005e84       ?$TSS0@?1??state@?A0x8b7ff91a@widget_inspector@menu@ext_client@@YA@XZ@4HA 100d9e84     widget_inspector.obj
 0003:00005e88       ?g_rtti_name_cache@?A0xfb3e7e6e@@3V?$unordered_map@IV?$basic_string@DU?$char_traits@D@std@@V?$allocator@D@2@@std@@U?$hash@I@2@U?$equal_to@I@2@V?$allocator@U?$pair@$$CBIV?$basic_string@DU?$char_traits@D@std@@V?$allocator@D@2@@std@@@std@@@2@@std@@A 100d9e88     cif_manager.obj
 0003:00005ea8       ?g_pstitle@?A0x068dedbf@ui_res_catalog@utils@ext_client@@3Ucatalog_state@1234@A 100d9ea8     ui_res_catalog.obj
 0003:00005ef0       ?g_character_select@?A0x068dedbf@ui_res_catalog@utils@ext_client@@3Ucatalog_state@1234@A 100d9ef0     ui_res_catalog.obj
 0003:00005f38       ?g_current_instance@?A0xfa9cbb29@@3PAVcps_version_check@@A 100d9f38     cps_version_check.obj
 0003:00005f3c       ?g_current_instance@?A0x712cdf8e@@3PAVcps_title@@A 100d9f3c     cps_title.obj
 0003:00005f40       ?g_current_instance@?A0xe17eba11@@3PAVcps_character_select@@A 100d9f40     cps_character_select.obj
 0003:00005f44       ?g_current_instance@?A0x5e78e2d4@@3PAVcalarm_guide_mgr_wnd@@A 100d9f44     calarm_guide_mgr_wnd.obj
 0003:00005f48       ?g_cached_resolve@?A0x5e78e2d4@@3PAVcalarm_guide_mgr_wnd@@A 100d9f48     calarm_guide_mgr_wnd.obj
 0003:00005f4c       ?g_cached_start_panel@?A0xb9fc1dce@@3PAVcnif_sro_ingame_start@@A 100d9f4c     cnif_sro_ingame_start.obj
 0003:00005f50       ?g_cached_survey_button@?A0xb9fc1dce@@3PAVcgwnd@@A 100d9f50     cnif_sro_ingame_start.obj
 0003:00005f54       ?ptr@?1??cached_active_child@process_manager@utils@ext_client@@YAAAPAXXZ@4PAXA 100d9f54     process_manager.obj
 0003:00005f74       ?GImAllocatorUserData@@3PAXA 100d9f74     imgui.obj
 0003:00005f78       ?io@?1??ImFontAtlasGetBuilderForStbTruetype@@YAPBUImFontBuilderIO@@XZ@4U2@A 100d9f78     imgui_draw.obj
 0003:00005f7c       ?stb__barrier_out_e@@3PAEA 100d9f7c     imgui_draw.obj
 0003:00005f80       ?stb__barrier_out_b@@3PAEA 100d9f80     imgui_draw.obj
 0003:00005f84       ?stb__barrier_in_b@@3PBEB  100d9f84     imgui_draw.obj
 0003:00005f88       ?stb__dout@@3PAEA          100d9f88     imgui_draw.obj
 0003:00005f98       ?freq_cached@?1??_Query_perf_frequency@@9@4U?$atomic@_J@std@@A 100d9f98     libcpmt:xtime.obj
 0003:00005fa0       ?initlocks@std@@3V_Init_locks@1@A 100d9fa0     libcpmt:xlock.obj
 0003:00005fa8       ?mtx@std@@3PAU_RTL_CRITICAL_SECTION@@A 100d9fa8     libcpmt:xlock.obj
 0003:00006084       ?classic_locale@std@@3Vlocale@1@A 100da084     libcpmt:locale0.obj
 0003:0000608c       ?_Fac_head@std@@3PAU_Fac_node@1@A 100da08c     libcpmt:locale0.obj
 0003:00006090       ?_Fac_tidy_reg@std@@3U_Fac_tidy_reg_t@1@B 100da090     libcpmt:locale0.obj
 0003:00006094       _global_locale             100da094     libcpmt:locale0.obj
 0003:00006098       ?registered@?1??_Setgloballocale@locale@std@@CAXPAX@Z@4_NA 100da098     libcpmt:locale0.obj
 0003:000060a0       ?stdstr@std@@3PAPAVios_base@1@A 100da0a0     libcpmt:ios.obj
 0003:000060c8       ?stdopens@std@@3PADA       100da0c8     libcpmt:ios.obj
 0003:000060d4       ?__KERNEL32Function_GetSystemTimePreciseAsFileTime@?A0x995b63b9@@3P6GXPAU_FILETIME@@@ZA 100da0d4     libcpmt:winapisupp.obj
 0003:000060d8       ?__KERNEL32Function_GetTempPath2W@?A0x995b63b9@@3P6GKKPA_W@ZA 100da0d8     libcpmt:winapisupp.obj
 0003:00006100       ?initlocks@std@@3V_Init_locks@1@A 100da100     libcpmt:iosptrs.obj
 0003:00006101       ?init_atexit@@3U_Init_atexit@@A 100da101     libcpmt:iosptrs.obj
 0003:00006104       ?atfuns_cdecl@@3PAP6AXXZA  100da104     libcpmt:iosptrs.obj
 0003:000061ac       ?is_initialized_as_dll@@3_NA 100da1ac     LIBCMT:utility.obj
 0003:000061ad       ?module_local_atexit_table_initialized@@3_NA 100da1ad     LIBCMT:utility.obj
 0003:000061b0       ?module_local_atexit_table@@3U_onexit_table_t@@A 100da1b0     LIBCMT:utility.obj
 0003:000061bc       ?module_local_at_quick_exit_table@@3U_onexit_table_t@@A 100da1bc     LIBCMT:utility.obj
 0003:000061cc       ?g_tss_cv@@3U_RTL_CONDITION_VARIABLE@@A 100da1cc     LIBCMT:thread_safe_statics.obj
 0003:000061d0       ?g_tss_srw@@3U_RTL_SRWLOCK@@A 100da1d0     LIBCMT:thread_safe_statics.obj
 0003:000061d8       _GS_ExceptionRecord        100da1d8     LIBCMT:gs_report.obj
 0003:00006228       _GS_ContextRecord          100da228     LIBCMT:gs_report.obj
 0003:00006500       ?__proc_attached@@3HA      100da500     LIBCMT:dll_dllmain.obj
 0003:00006514       ?__vcrt_startup_thread_ptd@@3U__vcrt_ptd@@A 100da514     libvcruntime:per_thread_data.obj
 0003:00006540       ___vcrt_lock_table         100da540     libvcruntime:locks.obj
 0003:00006558       ___vcrt_locks_initialized  100da558     libvcruntime:locks.obj
 0003:0000655c       ?module_handles@@3PAPAUHINSTANCE__@@A 100da55c     libvcruntime:winapi_downlevel.obj
 0003:00006568       ?function_pointers@@3PAPAXA 100da568     libvcruntime:winapi_downlevel.obj
 0003:0000657c       ?__acrt_invalid_parameter_handler@@3V?$dual_state_global@P6AXPB_W00II@Z@__crt_state_management@@A 100da57c     libucrt:invalid_parameter.obj
 0003:00006598       ?__acrt_lock_table@@3PAU_RTL_CRITICAL_SECTION@@A 100da598     libucrt:locks.obj
 0003:00006700       ?__acrt_locks_initialized@@3IA 100da700     libucrt:locks.obj
 0003:00006704       ?__acrt_new_handler@@3V?$dual_state_global@P6AHI@Z@__crt_state_management@@A 100da704     libucrt:new_handler.obj
 0003:00006708       ?c_termination_complete@@3JA 100da708     libucrt:exit.obj
 0003:0000670c       ?thread_local_exit_callback_func@@3P6GXPAXK0@ZA 100da70c     libucrt:exit.obj
 0003:00006710       ?c_exit_complete@?1???R<lambda_6e4b09c48022b2350581041d5f6b0c4c>@@QBE@XZ@4_NA 100da710     libucrt:exit.obj
 0003:00006718       ?program_name@?1???$common_configure_argv@D@@YAHW4_crt_argv_mode@@@Z@4PADA 100da718     libucrt:argv_parsing.obj
 0003:00006854       ?ctrlc_action@@3V?$dual_state_global@P6AXH@Z@__crt_state_management@@A 100da854     libucrt:signal.obj
 0003:00006858       ?ctrlbreak_action@@3V?$dual_state_global@P6AXH@Z@__crt_state_management@@A 100da858     libucrt:signal.obj
 0003:0000685c       ?abort_action@@3V?$dual_state_global@P6AXH@Z@__crt_state_management@@A 100da85c     libucrt:signal.obj
 0003:00006860       ?term_action@@3V?$dual_state_global@P6AXH@Z@__crt_state_management@@A 100da860     libucrt:signal.obj
 0003:00006864       ?internal_state@?1??_mbtowc_internal@@9@4U_Mbstatet@@A 100da864     libucrt:mbtowc.obj
 0003:0000686c       ?internal_pst@?1??__mbrtoc32_utf8@__crt_mbstring@@YAIPA_UPBDIPAU_Mbstatet@@AAV__crt_cached_ptd_host@@@Z@4U3@A 100da86c     libucrt:mbrtoc32.obj
 0003:00006874       ?internal_pst@?1??__c16rtomb_utf8@__crt_mbstring@@YAIPAD_SPAU_Mbstatet@@AAV__crt_cached_ptd_host@@@Z@4U3@A 100da874     libucrt:c16rtomb.obj
 0003:0000687c       ?enable_percent_n@@3IA     100da87c     libucrt:printf_count_output.obj
 0003:00006a90       ?module_handles@@3PAPAUHINSTANCE__@@A 100daa90     libucrt:winapi_thunks.obj
 0003:00006aec       ?static_enum_proc@?1??enum_system_locales_ex_nolock@@YAHQ6GHPA_WKJ@Z@Z@4P6GH0KJ@ZA 100daaec     libucrt:winapi_thunks.obj
 0003:00006af0       __pmatherr_set             100daaf0     libucrt:libm_error.obj
 0003:00006b00       ?_tzname@@3V?$dual_state_global@PAPAD@__crt_state_management@@A 100dab00     libucrt:timeset.obj
 0003:00006b04       ?w_tzname@@3V?$dual_state_global@PAPA_W@__crt_state_management@@A 100dab04     libucrt:timeset.obj
 0003:00006b08       ?tz_api_used@@3HA          100dab08     libucrt:tzset.obj
 0003:00006b0c       ?tzset_init_state@@3V?$dual_state_global@J@__crt_state_management@@A 100dab0c     libucrt:tzset.obj
 0003:00006b10       ?tz_info@@3U_TIME_ZONE_INFORMATION@@A 100dab10     libucrt:tzset.obj
 0003:00006bc8       ?fSystemSet@@3HA           100dabc8     libucrt:mbctype.obj
 0003:00006bcc       ?initialized@?1??__acrt_initialize_multibyte@@9@4_NA 100dabcc     libucrt:mbctype.obj
 0003:00006bec       ?user_matherr@@3V?$dual_state_global@P6AHPAU_exception@@@Z@__crt_state_management@@A 100dabec     libucrt:matherr.obj
 0003:00006bf0       ?__acrt_global_new_mode@@3V?$dual_state_global@J@__crt_state_management@@A 100dabf0     libucrt:new_mode.obj
 0003:00006bfc       ?__acrt_app_type@@3W4_crt_app_type@@A 100dabfc     libucrt:report_runtime_error.obj
 0004:00000000       ?function_pointers@@3PAPAXA 100db000     libucrt:winapi_thunks.obj
 0005:00000060       $R000000                   100dc060     * linker generated manifest res *
